<!doctype html public "-//w3c//dtd html 4.0 transitional//en">
<html><head>
<title>Static Call Graph - [.\Server\Objects\BLE_Chat_Server.axf]</title></head>
<body><HR>
<H1>Static Call Graph for image .\Server\Objects\BLE_Chat_Server.axf</H1><HR>
<BR><P>#&#060CALLGRAPH&#062# ARM Linker, 5060528: Last Updated: Tue Mar 01 14:19:51 2022
<BR><P>
<H3>Maximum Stack Usage =       2032 bytes + Unknown(Cycles, Untraceable Function Pointers)</H3><H3>
Call chain for Maximum Stack Depth:</H3>
RESET_HANDLER &rArr; main &rArr; comm_service &rArr; ble_send_data &rArr; BTLE_StackTick &rArr; Gatt_Process_Q &rArr; Gatt_Reset_To_Closed_State &rArr; Gatt_Store_Serv_Database &rArr; Flash_Write_Client_Data &rArr; SDB_Delete &rArr; Write_Client_Data &rArr; Flash_Write &rArr; FLASH_ProgramWord &rArr; assert_failed &rArr; __2printf &rArr; _printf_char_file &rArr; _printf_char_common &rArr; __printf
<P>
<H3>
Mutually Recursive functions
</H3> <LI><a href="#[7]">HardFault_Handler</a>&nbsp;&nbsp;&nbsp;&rArr;&nbsp;&nbsp;&nbsp;<a href="#[7]">HardFault_Handler</a><BR>
</UL>
<P>
<H3>
Function Pointers
</H3><UL>
 <LI><a href="#[11]">ADC_Handler</a> from system_bluenrg1.o(i.ADC_Handler) referenced from system_bluenrg1.o(.intvec)
 <LI><a href="#[f]">Blue_Handler</a> from bluenrg1_it.o(i.Blue_Handler) referenced from system_bluenrg1.o(.intvec)
 <LI><a href="#[19]">DMA_Handler</a> from system_bluenrg1.o(i.DMA_Handler) referenced from system_bluenrg1.o(.intvec)
 <LI><a href="#[b]">GPIO_Handler</a> from bluenrg1_it.o(i.GPIO_Handler) referenced from system_bluenrg1.o(.intvec)
 <LI><a href="#[1c]">Gatt_Read_Charac_By_Uuid_Cb</a> from gatt_client.o(i.Gatt_Read_Charac_By_Uuid_Cb) referenced from gatt_client.o(i.Gatt_Read_Charac_By_Uuid)
 <LI><a href="#[7]">HardFault_Handler</a> from bluenrg1_it.o(i.HardFault_Handler) referenced from system_bluenrg1.o(.intvec)
 <LI><a href="#[13]">I2C1_Handler</a> from system_bluenrg1.o(i.I2C1_Handler) referenced from system_bluenrg1.o(.intvec)
 <LI><a href="#[12]">I2C2_Handler</a> from system_bluenrg1.o(i.I2C2_Handler) referenced from system_bluenrg1.o(.intvec)
 <LI><a href="#[14]">MFTX1A_Handler</a> from system_bluenrg1.o(i.MFTX1A_Handler) referenced from system_bluenrg1.o(.intvec)
 <LI><a href="#[15]">MFTX1B_Handler</a> from system_bluenrg1.o(i.MFTX1B_Handler) referenced from system_bluenrg1.o(.intvec)
 <LI><a href="#[16]">MFTX2A_Handler</a> from system_bluenrg1.o(i.MFTX2A_Handler) referenced from system_bluenrg1.o(.intvec)
 <LI><a href="#[17]">MFTX2B_Handler</a> from system_bluenrg1.o(i.MFTX2B_Handler) referenced from system_bluenrg1.o(.intvec)
 <LI><a href="#[6]">NMI_Handler</a> from bluenrg1_it.o(i.NMI_Handler) referenced from system_bluenrg1.o(.intvec)
 <LI><a href="#[c]">NVM_Handler</a> from system_bluenrg1.o(i.NVM_Handler) referenced from system_bluenrg1.o(.intvec)
 <LI><a href="#[9]">PendSV_Handler</a> from system_bluenrg1.o(i.PendSV_Handler) referenced from system_bluenrg1.o(.intvec)
 <LI><a href="#[5]">RESET_HANDLER</a> from system_bluenrg1.o(i.RESET_HANDLER) referenced from system_bluenrg1.o(.intvec)
 <LI><a href="#[18]">RTC_Handler</a> from system_bluenrg1.o(i.RTC_Handler) referenced from system_bluenrg1.o(.intvec)
 <LI><a href="#[e]">SPI_Handler</a> from system_bluenrg1.o(i.SPI_Handler) referenced from system_bluenrg1.o(.intvec)
 <LI><a href="#[8]">SVC_Handler</a> from bluenrg1_it.o(i.SVC_Handler) referenced from system_bluenrg1.o(.intvec)
 <LI><a href="#[a]">SysTick_Handler</a> from bluenrg1_it.o(i.SysTick_Handler) referenced from system_bluenrg1.o(.intvec)
 <LI><a href="#[d]">UART_Handler</a> from bluenrg1_it.o(i.UART_Handler) referenced from system_bluenrg1.o(.intvec)
 <LI><a href="#[10]">WDG_Handler</a> from bluenrg1_it.o(i.WDG_Handler) referenced from system_bluenrg1.o(.intvec)
 <LI><a href="#[1b]">_printf_input_char</a> from _printf_char_common.o(.text) referenced from _printf_char_common.o(.text)
 <LI><a href="#[1d]">comm_receive</a> from comm.o(i.comm_receive) referenced from ble_chat_main.o(i.initial_peripheral)
 <LI><a href="#[1a]">fputc</a> from sdk_eval_com.o(i.fputc) referenced from _printf_char_file.o(.text)
</UL>
<P>
<H3>
Global Symbols
</H3>
<P><STRONG><a name="[1e]"></a>__main</STRONG> (Thumb, 8 bytes, Stack size 0 bytes, __main.o(!!!main))
<BR><BR>[Calls]<UL><LI><a href="#[20]">&gt;&gt;</a>&nbsp;&nbsp;&nbsp;__rt_entry
<LI><a href="#[1f]">&gt;&gt;</a>&nbsp;&nbsp;&nbsp;__scatterload
</UL>
<BR>[Called By]<UL><LI><a href="#[5]">&gt;&gt;</a>&nbsp;&nbsp;&nbsp;RESET_HANDLER
</UL>

<P><STRONG><a name="[1f]"></a>__scatterload</STRONG> (Thumb, 0 bytes, Stack size unknown bytes, __scatter.o(!!!scatter))
<BR><BR>[Called By]<UL><LI><a href="#[1e]">&gt;&gt;</a>&nbsp;&nbsp;&nbsp;__main
</UL>

<P><STRONG><a name="[21]"></a>__scatterload_rt2</STRONG> (Thumb, 52 bytes, Stack size unknown bytes, __scatter.o(!!!scatter), UNUSED)
<BR><BR>[Calls]<UL><LI><a href="#[20]">&gt;&gt;</a>&nbsp;&nbsp;&nbsp;__rt_entry
</UL>

<P><STRONG><a name="[214]"></a>__scatterload_rt2_thumb_only</STRONG> (Thumb, 0 bytes, Stack size unknown bytes, __scatter.o(!!!scatter), UNUSED)

<P><STRONG><a name="[215]"></a>__scatterload_null</STRONG> (Thumb, 0 bytes, Stack size unknown bytes, __scatter.o(!!!scatter), UNUSED)

<P><STRONG><a name="[22]"></a>__scatterload_copy</STRONG> (Thumb, 26 bytes, Stack size unknown bytes, __scatter_copy.o(!!handler_copy), UNUSED)
<BR><BR>[Calls]<UL><LI><a href="#[22]">&gt;&gt;</a>&nbsp;&nbsp;&nbsp;__scatterload_copy
</UL>
<BR>[Called By]<UL><LI><a href="#[22]">&gt;&gt;</a>&nbsp;&nbsp;&nbsp;__scatterload_copy
</UL>

<P><STRONG><a name="[216]"></a>__scatterload_zeroinit</STRONG> (Thumb, 28 bytes, Stack size unknown bytes, __scatter_zi.o(!!handler_zi), UNUSED)

<P><STRONG><a name="[7e]"></a>CS_contextSave</STRONG> (Thumb, 26 bytes, Stack size 0 bytes, context_switch.o(. text))
<BR><BR>[Called By]<UL><LI><a href="#[7c]">&gt;&gt;</a>&nbsp;&nbsp;&nbsp;BlueNRG_InternalSleep
</UL>

<P><STRONG><a name="[1c7]"></a>CS_contextRestore</STRONG> (Thumb, 20 bytes, Stack size 0 bytes, context_switch.o(. text))
<BR><BR>[Called By]<UL><LI><a href="#[17b]">&gt;&gt;</a>&nbsp;&nbsp;&nbsp;__low_level_init
</UL>

<P><STRONG><a name="[85]"></a>BlueNRG_IdleSleep</STRONG> (Thumb, 8 bytes, Stack size 0 bytes, context_switch.o(. text))
<BR><BR>[Called By]<UL><LI><a href="#[81]">&gt;&gt;</a>&nbsp;&nbsp;&nbsp;BlueNRG_Sleep
</UL>

<P><STRONG><a name="[40]"></a>_printf_percent</STRONG> (Thumb, 0 bytes, Stack size unknown bytes, _printf_percent.o(.ARM.Collect$$_printf_percent$$00000000))
<BR><BR>[Called By]<UL><LI><a href="#[3e]">&gt;&gt;</a>&nbsp;&nbsp;&nbsp;__printf
</UL>

<P><STRONG><a name="[23]"></a>_printf_d</STRONG> (Thumb, 0 bytes, Stack size unknown bytes, _printf_d.o(.ARM.Collect$$_printf_percent$$00000009))
<BR><BR>[Stack]<UL><LI>Max Depth = 88 + Unknown Stack Size
<LI>Call Chain = _printf_d &rArr; _printf_int_dec &rArr; _printf_int_common &rArr; _printf_post_padding
</UL>
<BR>[Calls]<UL><LI><a href="#[24]">&gt;&gt;</a>&nbsp;&nbsp;&nbsp;_printf_x
<LI><a href="#[25]">&gt;&gt;</a>&nbsp;&nbsp;&nbsp;_printf_int_dec
</UL>

<P><STRONG><a name="[24]"></a>_printf_x</STRONG> (Thumb, 0 bytes, Stack size unknown bytes, _printf_x.o(.ARM.Collect$$_printf_percent$$0000000C))
<BR><BR>[Stack]<UL><LI>Max Depth = 72 + Unknown Stack Size
<LI>Call Chain = _printf_x &rArr; _printf_int_hex &rArr; _printf_int_common &rArr; _printf_post_padding
</UL>
<BR>[Calls]<UL><LI><a href="#[26]">&gt;&gt;</a>&nbsp;&nbsp;&nbsp;_printf_c
<LI><a href="#[27]">&gt;&gt;</a>&nbsp;&nbsp;&nbsp;_printf_int_hex
</UL>
<BR>[Called By]<UL><LI><a href="#[23]">&gt;&gt;</a>&nbsp;&nbsp;&nbsp;_printf_d
</UL>

<P><STRONG><a name="[26]"></a>_printf_c</STRONG> (Thumb, 0 bytes, Stack size unknown bytes, _printf_c.o(.ARM.Collect$$_printf_percent$$00000013))
<BR><BR>[Stack]<UL><LI>Max Depth = 40 + Unknown Stack Size
<LI>Call Chain = _printf_c &rArr; _printf_char &rArr; _printf_cs_common &rArr; _printf_str &rArr; _printf_post_padding
</UL>
<BR>[Calls]<UL><LI><a href="#[29]">&gt;&gt;</a>&nbsp;&nbsp;&nbsp;_printf_char
<LI><a href="#[28]">&gt;&gt;</a>&nbsp;&nbsp;&nbsp;_printf_s
</UL>
<BR>[Called By]<UL><LI><a href="#[24]">&gt;&gt;</a>&nbsp;&nbsp;&nbsp;_printf_x
</UL>

<P><STRONG><a name="[28]"></a>_printf_s</STRONG> (Thumb, 0 bytes, Stack size unknown bytes, _printf_s.o(.ARM.Collect$$_printf_percent$$00000014))
<BR><BR>[Stack]<UL><LI>Max Depth = 40 + Unknown Stack Size
<LI>Call Chain = _printf_s &rArr; _printf_string &rArr; _printf_cs_common &rArr; _printf_str &rArr; _printf_post_padding
</UL>
<BR>[Calls]<UL><LI><a href="#[2a]">&gt;&gt;</a>&nbsp;&nbsp;&nbsp;_printf_percent_end
<LI><a href="#[2b]">&gt;&gt;</a>&nbsp;&nbsp;&nbsp;_printf_string
</UL>
<BR>[Called By]<UL><LI><a href="#[26]">&gt;&gt;</a>&nbsp;&nbsp;&nbsp;_printf_c
</UL>

<P><STRONG><a name="[2a]"></a>_printf_percent_end</STRONG> (Thumb, 0 bytes, Stack size unknown bytes, _printf_percent_end.o(.ARM.Collect$$_printf_percent$$00000017))
<BR><BR>[Called By]<UL><LI><a href="#[28]">&gt;&gt;</a>&nbsp;&nbsp;&nbsp;_printf_s
</UL>

<P><STRONG><a name="[2d]"></a>__rt_lib_init</STRONG> (Thumb, 0 bytes, Stack size unknown bytes, libinit.o(.ARM.Collect$$libinit$$00000000))
<BR><BR>[Called By]<UL><LI><a href="#[2c]">&gt;&gt;</a>&nbsp;&nbsp;&nbsp;__rt_entry_li
</UL>

<P><STRONG><a name="[217]"></a>__rt_lib_init_alloca_1</STRONG> (Thumb, 0 bytes, Stack size unknown bytes, libinit2.o(.ARM.Collect$$libinit$$0000002E))

<P><STRONG><a name="[218]"></a>__rt_lib_init_argv_1</STRONG> (Thumb, 0 bytes, Stack size unknown bytes, libinit2.o(.ARM.Collect$$libinit$$0000002C))

<P><STRONG><a name="[219]"></a>__rt_lib_init_atexit_1</STRONG> (Thumb, 0 bytes, Stack size unknown bytes, libinit2.o(.ARM.Collect$$libinit$$0000001B))

<P><STRONG><a name="[21a]"></a>__rt_lib_init_clock_1</STRONG> (Thumb, 0 bytes, Stack size unknown bytes, libinit2.o(.ARM.Collect$$libinit$$00000021))

<P><STRONG><a name="[21b]"></a>__rt_lib_init_cpp_1</STRONG> (Thumb, 0 bytes, Stack size unknown bytes, libinit2.o(.ARM.Collect$$libinit$$00000032))

<P><STRONG><a name="[21c]"></a>__rt_lib_init_exceptions_1</STRONG> (Thumb, 0 bytes, Stack size unknown bytes, libinit2.o(.ARM.Collect$$libinit$$00000030))

<P><STRONG><a name="[21d]"></a>__rt_lib_init_fp_1</STRONG> (Thumb, 0 bytes, Stack size unknown bytes, libinit2.o(.ARM.Collect$$libinit$$00000002))

<P><STRONG><a name="[21e]"></a>__rt_lib_init_fp_trap_1</STRONG> (Thumb, 0 bytes, Stack size unknown bytes, libinit2.o(.ARM.Collect$$libinit$$0000001F))

<P><STRONG><a name="[21f]"></a>__rt_lib_init_getenv_1</STRONG> (Thumb, 0 bytes, Stack size unknown bytes, libinit2.o(.ARM.Collect$$libinit$$00000023))

<P><STRONG><a name="[220]"></a>__rt_lib_init_heap_1</STRONG> (Thumb, 0 bytes, Stack size unknown bytes, libinit2.o(.ARM.Collect$$libinit$$0000000A))

<P><STRONG><a name="[221]"></a>__rt_lib_init_lc_collate_1</STRONG> (Thumb, 0 bytes, Stack size unknown bytes, libinit2.o(.ARM.Collect$$libinit$$00000011))

<P><STRONG><a name="[222]"></a>__rt_lib_init_lc_ctype_1</STRONG> (Thumb, 0 bytes, Stack size unknown bytes, libinit2.o(.ARM.Collect$$libinit$$00000013))

<P><STRONG><a name="[223]"></a>__rt_lib_init_lc_monetary_1</STRONG> (Thumb, 0 bytes, Stack size unknown bytes, libinit2.o(.ARM.Collect$$libinit$$00000015))

<P><STRONG><a name="[224]"></a>__rt_lib_init_lc_numeric_1</STRONG> (Thumb, 0 bytes, Stack size unknown bytes, libinit2.o(.ARM.Collect$$libinit$$00000017))

<P><STRONG><a name="[225]"></a>__rt_lib_init_lc_time_1</STRONG> (Thumb, 0 bytes, Stack size unknown bytes, libinit2.o(.ARM.Collect$$libinit$$00000019))

<P><STRONG><a name="[226]"></a>__rt_lib_init_preinit_1</STRONG> (Thumb, 0 bytes, Stack size unknown bytes, libinit2.o(.ARM.Collect$$libinit$$00000004))

<P><STRONG><a name="[227]"></a>__rt_lib_init_rand_1</STRONG> (Thumb, 0 bytes, Stack size unknown bytes, libinit2.o(.ARM.Collect$$libinit$$0000000E))

<P><STRONG><a name="[228]"></a>__rt_lib_init_return</STRONG> (Thumb, 0 bytes, Stack size unknown bytes, libinit2.o(.ARM.Collect$$libinit$$00000033))

<P><STRONG><a name="[229]"></a>__rt_lib_init_signal_1</STRONG> (Thumb, 0 bytes, Stack size unknown bytes, libinit2.o(.ARM.Collect$$libinit$$0000001D))

<P><STRONG><a name="[22a]"></a>__rt_lib_init_stdio_1</STRONG> (Thumb, 0 bytes, Stack size unknown bytes, libinit2.o(.ARM.Collect$$libinit$$00000025))

<P><STRONG><a name="[22b]"></a>__rt_lib_init_user_alloc_1</STRONG> (Thumb, 0 bytes, Stack size unknown bytes, libinit2.o(.ARM.Collect$$libinit$$0000000C))

<P><STRONG><a name="[32]"></a>__rt_lib_shutdown</STRONG> (Thumb, 0 bytes, Stack size unknown bytes, libshutdown.o(.ARM.Collect$$libshutdown$$00000000))
<BR><BR>[Called By]<UL><LI><a href="#[31]">&gt;&gt;</a>&nbsp;&nbsp;&nbsp;__rt_exit_ls
</UL>

<P><STRONG><a name="[22c]"></a>__rt_lib_shutdown_cpp_1</STRONG> (Thumb, 0 bytes, Stack size unknown bytes, libshutdown2.o(.ARM.Collect$$libshutdown$$00000002))

<P><STRONG><a name="[22d]"></a>__rt_lib_shutdown_fp_trap_1</STRONG> (Thumb, 0 bytes, Stack size unknown bytes, libshutdown2.o(.ARM.Collect$$libshutdown$$00000007))

<P><STRONG><a name="[22e]"></a>__rt_lib_shutdown_heap_1</STRONG> (Thumb, 0 bytes, Stack size unknown bytes, libshutdown2.o(.ARM.Collect$$libshutdown$$0000000F))

<P><STRONG><a name="[22f]"></a>__rt_lib_shutdown_return</STRONG> (Thumb, 0 bytes, Stack size unknown bytes, libshutdown2.o(.ARM.Collect$$libshutdown$$00000010))

<P><STRONG><a name="[230]"></a>__rt_lib_shutdown_signal_1</STRONG> (Thumb, 0 bytes, Stack size unknown bytes, libshutdown2.o(.ARM.Collect$$libshutdown$$0000000A))

<P><STRONG><a name="[231]"></a>__rt_lib_shutdown_stdio_1</STRONG> (Thumb, 0 bytes, Stack size unknown bytes, libshutdown2.o(.ARM.Collect$$libshutdown$$00000004))

<P><STRONG><a name="[232]"></a>__rt_lib_shutdown_user_alloc_1</STRONG> (Thumb, 0 bytes, Stack size unknown bytes, libshutdown2.o(.ARM.Collect$$libshutdown$$0000000C))

<P><STRONG><a name="[20]"></a>__rt_entry</STRONG> (Thumb, 0 bytes, Stack size unknown bytes, __rtentry.o(.ARM.Collect$$rtentry$$00000000))
<BR><BR>[Called By]<UL><LI><a href="#[1e]">&gt;&gt;</a>&nbsp;&nbsp;&nbsp;__main
<LI><a href="#[21]">&gt;&gt;</a>&nbsp;&nbsp;&nbsp;__scatterload_rt2
</UL>

<P><STRONG><a name="[233]"></a>__rt_entry_presh_1</STRONG> (Thumb, 0 bytes, Stack size unknown bytes, __rtentry2.o(.ARM.Collect$$rtentry$$00000002))

<P><STRONG><a name="[234]"></a>__rt_entry_sh</STRONG> (Thumb, 0 bytes, Stack size unknown bytes, __rtentry6.o(.ARM.Collect$$rtentry$$00000006))

<P><STRONG><a name="[2c]"></a>__rt_entry_li</STRONG> (Thumb, 0 bytes, Stack size unknown bytes, __rtentry2.o(.ARM.Collect$$rtentry$$0000000A))
<BR><BR>[Calls]<UL><LI><a href="#[2d]">&gt;&gt;</a>&nbsp;&nbsp;&nbsp;__rt_lib_init
</UL>

<P><STRONG><a name="[235]"></a>__rt_entry_postsh_1</STRONG> (Thumb, 0 bytes, Stack size unknown bytes, __rtentry2.o(.ARM.Collect$$rtentry$$00000009))

<P><STRONG><a name="[2e]"></a>__rt_entry_main</STRONG> (Thumb, 0 bytes, Stack size unknown bytes, __rtentry2.o(.ARM.Collect$$rtentry$$0000000D))
<BR><BR>[Stack]<UL><LI>Max Depth = 2024 + Unknown Stack Size
<LI>Call Chain = __rt_entry_main &rArr; main &rArr; comm_service &rArr; ble_send_data &rArr; BTLE_StackTick &rArr; Gatt_Process_Q &rArr; Gatt_Reset_To_Closed_State &rArr; Gatt_Store_Serv_Database &rArr; Flash_Write_Client_Data &rArr; SDB_Delete &rArr; Write_Client_Data &rArr; Flash_Write &rArr; FLASH_ProgramWord &rArr; assert_failed &rArr; __2printf &rArr; _printf_char_file &rArr; _printf_char_common &rArr; __printf
</UL>
<BR>[Calls]<UL><LI><a href="#[2f]">&gt;&gt;</a>&nbsp;&nbsp;&nbsp;main
<LI><a href="#[30]">&gt;&gt;</a>&nbsp;&nbsp;&nbsp;exit
</UL>

<P><STRONG><a name="[236]"></a>__rt_entry_postli_1</STRONG> (Thumb, 0 bytes, Stack size unknown bytes, __rtentry2.o(.ARM.Collect$$rtentry$$0000000C))

<P><STRONG><a name="[4e]"></a>__rt_exit</STRONG> (Thumb, 0 bytes, Stack size unknown bytes, rtexit.o(.ARM.Collect$$rtexit$$00000000))
<BR><BR>[Called By]<UL><LI><a href="#[30]">&gt;&gt;</a>&nbsp;&nbsp;&nbsp;exit
</UL>

<P><STRONG><a name="[31]"></a>__rt_exit_ls</STRONG> (Thumb, 0 bytes, Stack size unknown bytes, rtexit2.o(.ARM.Collect$$rtexit$$00000003))
<BR><BR>[Calls]<UL><LI><a href="#[32]">&gt;&gt;</a>&nbsp;&nbsp;&nbsp;__rt_lib_shutdown
</UL>

<P><STRONG><a name="[237]"></a>__rt_exit_prels_1</STRONG> (Thumb, 0 bytes, Stack size unknown bytes, rtexit2.o(.ARM.Collect$$rtexit$$00000002))

<P><STRONG><a name="[33]"></a>__rt_exit_exit</STRONG> (Thumb, 0 bytes, Stack size unknown bytes, rtexit2.o(.ARM.Collect$$rtexit$$00000004))
<BR><BR>[Calls]<UL><LI><a href="#[34]">&gt;&gt;</a>&nbsp;&nbsp;&nbsp;_sys_exit
</UL>

<P><STRONG><a name="[43]"></a>__aeabi_memcpy4</STRONG> (Thumb, 56 bytes, Stack size 0 bytes, rt_memcpy.o(.emb_text))
<BR><BR>[Called By]<UL><LI><a href="#[80]">&gt;&gt;</a>&nbsp;&nbsp;&nbsp;DeviceConfiguration
<LI><a href="#[7c]">&gt;&gt;</a>&nbsp;&nbsp;&nbsp;BlueNRG_InternalSleep
<LI><a href="#[50]">&gt;&gt;</a>&nbsp;&nbsp;&nbsp;Make_Connection
<LI><a href="#[19d]">&gt;&gt;</a>&nbsp;&nbsp;&nbsp;sm_ValidateMConfirm
<LI><a href="#[211]">&gt;&gt;</a>&nbsp;&nbsp;&nbsp;sm_Select_STK_Method
<LI><a href="#[1a3]">&gt;&gt;</a>&nbsp;&nbsp;&nbsp;sm_Pairing_SRand_Handler
<LI><a href="#[196]">&gt;&gt;</a>&nbsp;&nbsp;&nbsp;sm_Pairing_MConfirm_Sender
<LI><a href="#[19c]">&gt;&gt;</a>&nbsp;&nbsp;&nbsp;sm_PairingConfirm
<LI><a href="#[20d]">&gt;&gt;</a>&nbsp;&nbsp;&nbsp;sm_Add_To_Database
<LI><a href="#[1e8]">&gt;&gt;</a>&nbsp;&nbsp;&nbsp;set_sca
<LI><a href="#[42]">&gt;&gt;</a>&nbsp;&nbsp;&nbsp;__aeabi_memcpy
</UL>

<P><STRONG><a name="[238]"></a>__aeabi_memcpy8</STRONG> (Thumb, 0 bytes, Stack size 0 bytes, rt_memcpy.o(.emb_text), UNUSED)

<P><STRONG><a name="[35]"></a>__2printf</STRONG> (Thumb, 22 bytes, Stack size 24 bytes, noretval__2printf.o(.text))
<BR><BR>[Stack]<UL><LI>Max Depth = 136 + Unknown Stack Size
<LI>Call Chain = __2printf &rArr; _printf_char_file &rArr; _printf_char_common &rArr; __printf
</UL>
<BR>[Calls]<UL><LI><a href="#[36]">&gt;&gt;</a>&nbsp;&nbsp;&nbsp;_printf_char_file
</UL>
<BR>[Called By]<UL><LI><a href="#[a0]">&gt;&gt;</a>&nbsp;&nbsp;&nbsp;assert_failed
<LI><a href="#[75]">&gt;&gt;</a>&nbsp;&nbsp;&nbsp;Attribute_Modified_CB
<LI><a href="#[6f]">&gt;&gt;</a>&nbsp;&nbsp;&nbsp;Add_Chat_Service
<LI><a href="#[50]">&gt;&gt;</a>&nbsp;&nbsp;&nbsp;Make_Connection
<LI><a href="#[98]">&gt;&gt;</a>&nbsp;&nbsp;&nbsp;CHAT_DeviceInit
<LI><a href="#[1fc]">&gt;&gt;</a>&nbsp;&nbsp;&nbsp;initial_peripheral
</UL>

<P><STRONG><a name="[38]"></a>_printf_pre_padding</STRONG> (Thumb, 44 bytes, Stack size 16 bytes, _printf_pad.o(.text))
<BR><BR>[Stack]<UL><LI>Max Depth = 16<LI>Call Chain = _printf_pre_padding
</UL>
<BR>[Called By]<UL><LI><a href="#[3d]">&gt;&gt;</a>&nbsp;&nbsp;&nbsp;_printf_int_common
<LI><a href="#[37]">&gt;&gt;</a>&nbsp;&nbsp;&nbsp;_printf_str
</UL>

<P><STRONG><a name="[39]"></a>_printf_post_padding</STRONG> (Thumb, 34 bytes, Stack size 16 bytes, _printf_pad.o(.text))
<BR><BR>[Stack]<UL><LI>Max Depth = 16<LI>Call Chain = _printf_post_padding
</UL>
<BR>[Called By]<UL><LI><a href="#[3d]">&gt;&gt;</a>&nbsp;&nbsp;&nbsp;_printf_int_common
<LI><a href="#[37]">&gt;&gt;</a>&nbsp;&nbsp;&nbsp;_printf_str
</UL>

<P><STRONG><a name="[37]"></a>_printf_str</STRONG> (Thumb, 82 bytes, Stack size 16 bytes, _printf_str.o(.text))
<BR><BR>[Stack]<UL><LI>Max Depth = 32<LI>Call Chain = _printf_str &rArr; _printf_post_padding
</UL>
<BR>[Calls]<UL><LI><a href="#[39]">&gt;&gt;</a>&nbsp;&nbsp;&nbsp;_printf_post_padding
<LI><a href="#[38]">&gt;&gt;</a>&nbsp;&nbsp;&nbsp;_printf_pre_padding
</UL>
<BR>[Called By]<UL><LI><a href="#[49]">&gt;&gt;</a>&nbsp;&nbsp;&nbsp;_printf_cs_common
</UL>

<P><STRONG><a name="[25]"></a>_printf_int_dec</STRONG> (Thumb, 90 bytes, Stack size 32 bytes, _printf_dec.o(.text))
<BR><BR>[Stack]<UL><LI>Max Depth = 88<LI>Call Chain = _printf_int_dec &rArr; _printf_int_common &rArr; _printf_post_padding
</UL>
<BR>[Calls]<UL><LI><a href="#[3c]">&gt;&gt;</a>&nbsp;&nbsp;&nbsp;__rt_udiv10
<LI><a href="#[3d]">&gt;&gt;</a>&nbsp;&nbsp;&nbsp;_printf_int_common
<LI><a href="#[3b]">&gt;&gt;</a>&nbsp;&nbsp;&nbsp;_printf_truncate_unsigned (Weak Reference)
<LI><a href="#[3a]">&gt;&gt;</a>&nbsp;&nbsp;&nbsp;_printf_truncate_signed (Weak Reference)
</UL>
<BR>[Called By]<UL><LI><a href="#[23]">&gt;&gt;</a>&nbsp;&nbsp;&nbsp;_printf_d
</UL>

<P><STRONG><a name="[27]"></a>_printf_int_hex</STRONG> (Thumb, 84 bytes, Stack size 16 bytes, _printf_hex_int.o(.text))
<BR><BR>[Stack]<UL><LI>Max Depth = 72<LI>Call Chain = _printf_int_hex &rArr; _printf_int_common &rArr; _printf_post_padding
</UL>
<BR>[Calls]<UL><LI><a href="#[3d]">&gt;&gt;</a>&nbsp;&nbsp;&nbsp;_printf_int_common
<LI><a href="#[3b]">&gt;&gt;</a>&nbsp;&nbsp;&nbsp;_printf_truncate_unsigned (Weak Reference)
</UL>
<BR>[Called By]<UL><LI><a href="#[24]">&gt;&gt;</a>&nbsp;&nbsp;&nbsp;_printf_x
</UL>

<P><STRONG><a name="[239]"></a>_printf_longlong_hex</STRONG> (Thumb, 0 bytes, Stack size 16 bytes, _printf_hex_int.o(.text), UNUSED)

<P><STRONG><a name="[3e]"></a>__printf</STRONG> (Thumb, 306 bytes, Stack size 32 bytes, __printf_flags_wp.o(.text))
<BR><BR>[Stack]<UL><LI>Max Depth = 32 + Unknown Stack Size
<LI>Call Chain = __printf
</UL>
<BR>[Calls]<UL><LI><a href="#[40]">&gt;&gt;</a>&nbsp;&nbsp;&nbsp;_printf_percent
<LI><a href="#[3f]">&gt;&gt;</a>&nbsp;&nbsp;&nbsp;_is_digit
</UL>
<BR>[Called By]<UL><LI><a href="#[4b]">&gt;&gt;</a>&nbsp;&nbsp;&nbsp;_printf_char_common
</UL>

<P><STRONG><a name="[15c]"></a>memcmp</STRONG> (Thumb, 90 bytes, Stack size 8 bytes, memcmp.o(.text))
<BR><BR>[Stack]<UL><LI>Max Depth = 8<LI>Call Chain = memcmp
</UL>
<BR>[Called By]<UL><LI><a href="#[55]">&gt;&gt;</a>&nbsp;&nbsp;&nbsp;Osal_MemCmp
</UL>

<P><STRONG><a name="[41]"></a>memcpy</STRONG> (Thumb, 12 bytes, Stack size 8 bytes, memcpy.o(.text))
<BR><BR>[Stack]<UL><LI>Max Depth = 32<LI>Call Chain = memcpy &rArr; __aeabi_memcpy
</UL>
<BR>[Calls]<UL><LI><a href="#[42]">&gt;&gt;</a>&nbsp;&nbsp;&nbsp;__aeabi_memcpy
</UL>
<BR>[Called By]<UL><LI><a href="#[52]">&gt;&gt;</a>&nbsp;&nbsp;&nbsp;Osal_MemCpy
</UL>

<P><STRONG><a name="[42]"></a>__aeabi_memcpy</STRONG> (Thumb, 130 bytes, Stack size 24 bytes, rt_memcpy.o(.text))
<BR><BR>[Stack]<UL><LI>Max Depth = 24<LI>Call Chain = __aeabi_memcpy
</UL>
<BR>[Calls]<UL><LI><a href="#[43]">&gt;&gt;</a>&nbsp;&nbsp;&nbsp;__aeabi_memcpy4
</UL>
<BR>[Called By]<UL><LI><a href="#[20b]">&gt;&gt;</a>&nbsp;&nbsp;&nbsp;save_ble_para
<LI><a href="#[201]">&gt;&gt;</a>&nbsp;&nbsp;&nbsp;load_ble_para
<LI><a href="#[50]">&gt;&gt;</a>&nbsp;&nbsp;&nbsp;Make_Connection
<LI><a href="#[e6]">&gt;&gt;</a>&nbsp;&nbsp;&nbsp;Gatt_Read_Charac_By_Uuid
<LI><a href="#[d1]">&gt;&gt;</a>&nbsp;&nbsp;&nbsp;Gatt_Add_Service
<LI><a href="#[d2]">&gt;&gt;</a>&nbsp;&nbsp;&nbsp;Gatt_Add_Characteristic
<LI><a href="#[41]">&gt;&gt;</a>&nbsp;&nbsp;&nbsp;memcpy
</UL>

<P><STRONG><a name="[23a]"></a>__rt_memcpy</STRONG> (Thumb, 0 bytes, Stack size 24 bytes, rt_memcpy.o(.text), UNUSED)

<P><STRONG><a name="[44]"></a>memset</STRONG> (Thumb, 28 bytes, Stack size 8 bytes, memset.o(.text))
<BR><BR>[Stack]<UL><LI>Max Depth = 8<LI>Call Chain = memset
</UL>
<BR>[Calls]<UL><LI><a href="#[45]">&gt;&gt;</a>&nbsp;&nbsp;&nbsp;_memset
</UL>
<BR>[Called By]<UL><LI><a href="#[63]">&gt;&gt;</a>&nbsp;&nbsp;&nbsp;Osal_MemSet
</UL>

<P><STRONG><a name="[46]"></a>_memset_w</STRONG> (Thumb, 26 bytes, Stack size 0 bytes, rt_memclr.o(.text))
<BR><BR>[Called By]<UL><LI><a href="#[48]">&gt;&gt;</a>&nbsp;&nbsp;&nbsp;__rt_memclr_w
<LI><a href="#[45]">&gt;&gt;</a>&nbsp;&nbsp;&nbsp;_memset
</UL>

<P><STRONG><a name="[45]"></a>_memset</STRONG> (Thumb, 30 bytes, Stack size 0 bytes, rt_memclr.o(.text))
<BR><BR>[Calls]<UL><LI><a href="#[46]">&gt;&gt;</a>&nbsp;&nbsp;&nbsp;_memset_w
</UL>
<BR>[Called By]<UL><LI><a href="#[47]">&gt;&gt;</a>&nbsp;&nbsp;&nbsp;__aeabi_memclr
<LI><a href="#[44]">&gt;&gt;</a>&nbsp;&nbsp;&nbsp;memset
</UL>

<P><STRONG><a name="[47]"></a>__aeabi_memclr</STRONG> (Thumb, 4 bytes, Stack size 0 bytes, rt_memclr.o(.text), UNUSED)
<BR><BR>[Calls]<UL><LI><a href="#[45]">&gt;&gt;</a>&nbsp;&nbsp;&nbsp;_memset
</UL>

<P><STRONG><a name="[23b]"></a>__rt_memclr</STRONG> (Thumb, 0 bytes, Stack size 0 bytes, rt_memclr.o(.text), UNUSED)

<P><STRONG><a name="[1c8]"></a>__aeabi_memclr4</STRONG> (Thumb, 0 bytes, Stack size 0 bytes, rt_memclr.o(.text))
<BR><BR>[Called By]<UL><LI><a href="#[e8]">&gt;&gt;</a>&nbsp;&nbsp;&nbsp;_gap_set_discoverable
</UL>

<P><STRONG><a name="[23c]"></a>__aeabi_memclr8</STRONG> (Thumb, 0 bytes, Stack size 0 bytes, rt_memclr.o(.text), UNUSED)

<P><STRONG><a name="[48]"></a>__rt_memclr_w</STRONG> (Thumb, 4 bytes, Stack size 0 bytes, rt_memclr.o(.text), UNUSED)
<BR><BR>[Calls]<UL><LI><a href="#[46]">&gt;&gt;</a>&nbsp;&nbsp;&nbsp;_memset_w
</UL>

<P><STRONG><a name="[121]"></a>__aeabi_uread4</STRONG> (Thumb, 34 bytes, Stack size 0 bytes, uread4.o(.text))
<BR><BR>[Called By]<UL><LI><a href="#[16f]">&gt;&gt;</a>&nbsp;&nbsp;&nbsp;unpack_channel_map
<LI><a href="#[175]">&gt;&gt;</a>&nbsp;&nbsp;&nbsp;go_to_connect_master
<LI><a href="#[16c]">&gt;&gt;</a>&nbsp;&nbsp;&nbsp;go_to_connect
<LI><a href="#[169]">&gt;&gt;</a>&nbsp;&nbsp;&nbsp;get_scan_addr
<LI><a href="#[16a]">&gt;&gt;</a>&nbsp;&nbsp;&nbsp;get_adv_addr
<LI><a href="#[94]">&gt;&gt;</a>&nbsp;&nbsp;&nbsp;RAL_Isr
<LI><a href="#[120]">&gt;&gt;</a>&nbsp;&nbsp;&nbsp;HAL_Flash_Store_Data
<LI><a href="#[156]">&gt;&gt;</a>&nbsp;&nbsp;&nbsp;LL_Start_Encryption
<LI><a href="#[e3]">&gt;&gt;</a>&nbsp;&nbsp;&nbsp;LL_Set_Address
<LI><a href="#[151]">&gt;&gt;</a>&nbsp;&nbsp;&nbsp;unpack_4
<LI><a href="#[13b]">&gt;&gt;</a>&nbsp;&nbsp;&nbsp;LE_TO_NRG_32
<LI><a href="#[c9]">&gt;&gt;</a>&nbsp;&nbsp;&nbsp;Write_Client_Data
</UL>

<P><STRONG><a name="[23d]"></a>__rt_uread4</STRONG> (Thumb, 0 bytes, Stack size 0 bytes, uread4.o(.text), UNUSED)

<P><STRONG><a name="[23e]"></a>__aeabi_uidiv</STRONG> (Thumb, 0 bytes, Stack size 0 bytes, aeabi_sdiv.o(.text), UNUSED)

<P><STRONG><a name="[1c0]"></a>__aeabi_uidivmod</STRONG> (Thumb, 20 bytes, Stack size 0 bytes, aeabi_sdiv.o(.text))
<BR><BR>[Called By]<UL><LI><a href="#[1b3]">&gt;&gt;</a>&nbsp;&nbsp;&nbsp;UART_Init
</UL>

<P><STRONG><a name="[23f]"></a>__aeabi_idiv</STRONG> (Thumb, 0 bytes, Stack size 8 bytes, aeabi_sdiv.o(.text), UNUSED)

<P><STRONG><a name="[10e]"></a>__aeabi_idivmod</STRONG> (Thumb, 326 bytes, Stack size 8 bytes, aeabi_sdiv.o(.text))
<BR><BR>[Stack]<UL><LI>Max Depth = 8<LI>Call Chain = __aeabi_idivmod
</UL>
<BR>[Called By]<UL><LI><a href="#[100]">&gt;&gt;</a>&nbsp;&nbsp;&nbsp;Gatt_Super_Handler
<LI><a href="#[1e5]">&gt;&gt;</a>&nbsp;&nbsp;&nbsp;adapt_slot
</UL>

<P><STRONG><a name="[3d]"></a>_printf_int_common</STRONG> (Thumb, 176 bytes, Stack size 40 bytes, _printf_intcommon.o(.text))
<BR><BR>[Stack]<UL><LI>Max Depth = 56<LI>Call Chain = _printf_int_common &rArr; _printf_post_padding
</UL>
<BR>[Calls]<UL><LI><a href="#[39]">&gt;&gt;</a>&nbsp;&nbsp;&nbsp;_printf_post_padding
<LI><a href="#[38]">&gt;&gt;</a>&nbsp;&nbsp;&nbsp;_printf_pre_padding
</UL>
<BR>[Called By]<UL><LI><a href="#[27]">&gt;&gt;</a>&nbsp;&nbsp;&nbsp;_printf_int_hex
<LI><a href="#[25]">&gt;&gt;</a>&nbsp;&nbsp;&nbsp;_printf_int_dec
</UL>

<P><STRONG><a name="[49]"></a>_printf_cs_common</STRONG> (Thumb, 22 bytes, Stack size 8 bytes, _printf_char.o(.text))
<BR><BR>[Stack]<UL><LI>Max Depth = 40<LI>Call Chain = _printf_cs_common &rArr; _printf_str &rArr; _printf_post_padding
</UL>
<BR>[Calls]<UL><LI><a href="#[4a]">&gt;&gt;</a>&nbsp;&nbsp;&nbsp;_printf_mbtowc (Weak Reference)
<LI><a href="#[37]">&gt;&gt;</a>&nbsp;&nbsp;&nbsp;_printf_str
</UL>
<BR>[Called By]<UL><LI><a href="#[2b]">&gt;&gt;</a>&nbsp;&nbsp;&nbsp;_printf_string
<LI><a href="#[29]">&gt;&gt;</a>&nbsp;&nbsp;&nbsp;_printf_char
</UL>

<P><STRONG><a name="[29]"></a>_printf_char</STRONG> (Thumb, 16 bytes, Stack size 0 bytes, _printf_char.o(.text))
<BR><BR>[Stack]<UL><LI>Max Depth = 40<LI>Call Chain = _printf_char &rArr; _printf_cs_common &rArr; _printf_str &rArr; _printf_post_padding
</UL>
<BR>[Calls]<UL><LI><a href="#[49]">&gt;&gt;</a>&nbsp;&nbsp;&nbsp;_printf_cs_common
</UL>
<BR>[Called By]<UL><LI><a href="#[26]">&gt;&gt;</a>&nbsp;&nbsp;&nbsp;_printf_c
</UL>

<P><STRONG><a name="[2b]"></a>_printf_string</STRONG> (Thumb, 8 bytes, Stack size 0 bytes, _printf_char.o(.text))
<BR><BR>[Stack]<UL><LI>Max Depth = 40<LI>Call Chain = _printf_string &rArr; _printf_cs_common &rArr; _printf_str &rArr; _printf_post_padding
</UL>
<BR>[Calls]<UL><LI><a href="#[49]">&gt;&gt;</a>&nbsp;&nbsp;&nbsp;_printf_cs_common
</UL>
<BR>[Called By]<UL><LI><a href="#[28]">&gt;&gt;</a>&nbsp;&nbsp;&nbsp;_printf_s
</UL>

<P><STRONG><a name="[36]"></a>_printf_char_file</STRONG> (Thumb, 34 bytes, Stack size 16 bytes, _printf_char_file.o(.text))
<BR><BR>[Stack]<UL><LI>Max Depth = 112 + Unknown Stack Size
<LI>Call Chain = _printf_char_file &rArr; _printf_char_common &rArr; __printf
</UL>
<BR>[Calls]<UL><LI><a href="#[4c]">&gt;&gt;</a>&nbsp;&nbsp;&nbsp;ferror
<LI><a href="#[4b]">&gt;&gt;</a>&nbsp;&nbsp;&nbsp;_printf_char_common
</UL>
<BR>[Called By]<UL><LI><a href="#[35]">&gt;&gt;</a>&nbsp;&nbsp;&nbsp;__2printf
</UL>

<P><STRONG><a name="[3c]"></a>__rt_udiv10</STRONG> (Thumb, 40 bytes, Stack size 0 bytes, rtudiv10.o(.text))
<BR><BR>[Called By]<UL><LI><a href="#[25]">&gt;&gt;</a>&nbsp;&nbsp;&nbsp;_printf_int_dec
</UL>

<P><STRONG><a name="[4b]"></a>_printf_char_common</STRONG> (Thumb, 32 bytes, Stack size 64 bytes, _printf_char_common.o(.text))
<BR><BR>[Stack]<UL><LI>Max Depth = 96 + Unknown Stack Size
<LI>Call Chain = _printf_char_common &rArr; __printf
</UL>
<BR>[Calls]<UL><LI><a href="#[3e]">&gt;&gt;</a>&nbsp;&nbsp;&nbsp;__printf
</UL>
<BR>[Called By]<UL><LI><a href="#[36]">&gt;&gt;</a>&nbsp;&nbsp;&nbsp;_printf_char_file
</UL>

<P><STRONG><a name="[4c]"></a>ferror</STRONG> (Thumb, 8 bytes, Stack size 0 bytes, ferror.o(.text))
<BR><BR>[Called By]<UL><LI><a href="#[36]">&gt;&gt;</a>&nbsp;&nbsp;&nbsp;_printf_char_file
</UL>

<P><STRONG><a name="[30]"></a>exit</STRONG> (Thumb, 16 bytes, Stack size 8 bytes, exit.o(.text))
<BR><BR>[Stack]<UL><LI>Max Depth = 8 + Unknown Stack Size
<LI>Call Chain = exit
</UL>
<BR>[Calls]<UL><LI><a href="#[4e]">&gt;&gt;</a>&nbsp;&nbsp;&nbsp;__rt_exit
<LI><a href="#[4d]">&gt;&gt;</a>&nbsp;&nbsp;&nbsp;_call_atexit_fns (Weak Reference)
</UL>
<BR>[Called By]<UL><LI><a href="#[2e]">&gt;&gt;</a>&nbsp;&nbsp;&nbsp;__rt_entry_main
</UL>

<P><STRONG><a name="[34]"></a>_sys_exit</STRONG> (Thumb, 8 bytes, Stack size 0 bytes, sys_exit.o(.text))
<BR><BR>[Called By]<UL><LI><a href="#[33]">&gt;&gt;</a>&nbsp;&nbsp;&nbsp;__rt_exit_exit
</UL>

<P><STRONG><a name="[240]"></a>__I$use$semihosting</STRONG> (Thumb, 0 bytes, Stack size 0 bytes, use_no_semi.o(.text), UNUSED)

<P><STRONG><a name="[241]"></a>__use_no_semihosting_swi</STRONG> (Thumb, 2 bytes, Stack size 0 bytes, use_no_semi.o(.text), UNUSED)

<P><STRONG><a name="[242]"></a>__decompress</STRONG> (Thumb, 0 bytes, Stack size unknown bytes, __dczerorl.o(.text), UNUSED)

<P><STRONG><a name="[243]"></a>__decompress0</STRONG> (Thumb, 58 bytes, Stack size unknown bytes, __dczerorl.o(.text), UNUSED)

<P><STRONG><a name="[244]"></a>__semihosting_library_function</STRONG> (Thumb, 0 bytes, Stack size unknown bytes, indicate_semi.o(.text), UNUSED)

<P><STRONG><a name="[11]"></a>ADC_Handler</STRONG> (Thumb, 2 bytes, Stack size 0 bytes, system_bluenrg1.o(i.ADC_Handler))
<BR>[Address Reference Count : 1]<UL><LI> system_bluenrg1.o(.intvec)
</UL>
<P><STRONG><a name="[4f]"></a>APP_Tick</STRONG> (Thumb, 24 bytes, Stack size 8 bytes, chat.o(i.APP_Tick))
<BR><BR>[Stack]<UL><LI>Max Depth = 944 + Unknown Stack Size
<LI>Call Chain = APP_Tick &rArr; Make_Connection &rArr; aci_gap_set_discoverable &rArr; GAP_Set_Discoverable_Mode &rArr; _gap_set_discoverable &rArr; LL_Enable_Disable_Adv &rArr; schedule_advertise_slot &rArr; start_timebase &rArr; advance_wakeup_timer &rArr; cancel_slave &rArr; isr_event_handler_patched &rArr; Acl_Event_Handler &rArr; L2C_Rcv_Event_Handler_ISR &rArr; Gatt_Server_L2C_Handler &rArr; Send_Notif_Or_Ind &rArr; Handle_Val_Notify &rArr; Osal_MemCpy &rArr; memcpy &rArr; __aeabi_memcpy
</UL>
<BR>[Calls]<UL><LI><a href="#[50]">&gt;&gt;</a>&nbsp;&nbsp;&nbsp;Make_Connection
</UL>
<BR>[Called By]<UL><LI><a href="#[2f]">&gt;&gt;</a>&nbsp;&nbsp;&nbsp;main
</UL>

<P><STRONG><a name="[51]"></a>Accu_Handles_Requiring_Auth</STRONG> (Thumb, 160 bytes, Stack size 48 bytes, rom_att.o(i.Accu_Handles_Requiring_Auth))
<BR><BR>[Stack]<UL><LI>Max Depth = 88<LI>Call Chain = Accu_Handles_Requiring_Auth &rArr; Osal_MemCpy &rArr; memcpy &rArr; __aeabi_memcpy
</UL>
<BR>[Calls]<UL><LI><a href="#[52]">&gt;&gt;</a>&nbsp;&nbsp;&nbsp;Osal_MemCpy
<LI><a href="#[53]">&gt;&gt;</a>&nbsp;&nbsp;&nbsp;Search_Handle
</UL>
<BR>[Called By]<UL><LI><a href="#[162]">&gt;&gt;</a>&nbsp;&nbsp;&nbsp;Read_Multi_Resp
</UL>

<P><STRONG><a name="[54]"></a>Accu_UuidTypes_Requiring_Auth</STRONG> (Thumb, 282 bytes, Stack size 56 bytes, rom_att.o(i.Accu_UuidTypes_Requiring_Auth))
<BR><BR>[Stack]<UL><LI>Max Depth = 96<LI>Call Chain = Accu_UuidTypes_Requiring_Auth &rArr; Osal_MemCpy &rArr; memcpy &rArr; __aeabi_memcpy
</UL>
<BR>[Calls]<UL><LI><a href="#[52]">&gt;&gt;</a>&nbsp;&nbsp;&nbsp;Osal_MemCpy
<LI><a href="#[55]">&gt;&gt;</a>&nbsp;&nbsp;&nbsp;Osal_MemCmp
</UL>
<BR>[Called By]<UL><LI><a href="#[15f]">&gt;&gt;</a>&nbsp;&nbsp;&nbsp;Read_By_Type_Resp
</UL>

<P><STRONG><a name="[56]"></a>Acl_Event_Handler</STRONG> (Thumb, 460 bytes, Stack size 40 bytes, acl.o(i.Acl_Event_Handler))
<BR><BR>[Stack]<UL><LI>Max Depth = 224<LI>Call Chain = Acl_Event_Handler &rArr; L2C_Rcv_Event_Handler_ISR &rArr; Gatt_Server_L2C_Handler &rArr; Send_Notif_Or_Ind &rArr; Handle_Val_Notify &rArr; Osal_MemCpy &rArr; memcpy &rArr; __aeabi_memcpy
</UL>
<BR>[Calls]<UL><LI><a href="#[5d]">&gt;&gt;</a>&nbsp;&nbsp;&nbsp;hci_le_connection_complete_event_isr
<LI><a href="#[5b]">&gt;&gt;</a>&nbsp;&nbsp;&nbsp;hci_disconnection_complete_event_isr
<LI><a href="#[52]">&gt;&gt;</a>&nbsp;&nbsp;&nbsp;Osal_MemCpy
<LI><a href="#[61]">&gt;&gt;</a>&nbsp;&nbsp;&nbsp;hci_le_advertising_report_event_isr
<LI><a href="#[58]">&gt;&gt;</a>&nbsp;&nbsp;&nbsp;GAP_LL_Event_Handler_ISR
<LI><a href="#[59]">&gt;&gt;</a>&nbsp;&nbsp;&nbsp;hci_read_remote_version_information_complete_event_isr
<LI><a href="#[5a]">&gt;&gt;</a>&nbsp;&nbsp;&nbsp;hci_le_read_remote_used_features_complete_event_isr
<LI><a href="#[60]">&gt;&gt;</a>&nbsp;&nbsp;&nbsp;hci_le_long_term_key_request_event_isr
<LI><a href="#[5e]">&gt;&gt;</a>&nbsp;&nbsp;&nbsp;hci_le_connection_update_complete_event_isr
<LI><a href="#[5f]">&gt;&gt;</a>&nbsp;&nbsp;&nbsp;hci_encryption_key_refresh_complete_event_isr
<LI><a href="#[5c]">&gt;&gt;</a>&nbsp;&nbsp;&nbsp;hci_encryption_change_event_isr
<LI><a href="#[57]">&gt;&gt;</a>&nbsp;&nbsp;&nbsp;L2C_Rcv_Event_Handler_ISR
</UL>
<BR>[Called By]<UL><LI><a href="#[179]">&gt;&gt;</a>&nbsp;&nbsp;&nbsp;isr_event_handler_patched
</UL>

<P><STRONG><a name="[62]"></a>Acl_Init</STRONG> (Thumb, 34 bytes, Stack size 8 bytes, acl.o(i.Acl_Init))
<BR><BR>[Stack]<UL><LI>Max Depth = 24<LI>Call Chain = Acl_Init &rArr; Osal_MemSet &rArr; memset
</UL>
<BR>[Calls]<UL><LI><a href="#[63]">&gt;&gt;</a>&nbsp;&nbsp;&nbsp;Osal_MemSet
</UL>
<BR>[Called By]<UL><LI><a href="#[8e]">&gt;&gt;</a>&nbsp;&nbsp;&nbsp;L2C_Init
</UL>

<P><STRONG><a name="[64]"></a>Acl_Process_Q</STRONG> (Thumb, 144 bytes, Stack size 24 bytes, acl.o(i.Acl_Process_Q))
<BR><BR>[Stack]<UL><LI>Max Depth = 1672 + Unknown Stack Size
<LI>Call Chain = Acl_Process_Q &rArr; L2C_Rcv_Event_Handler &rArr; SM_L2CAP_Handler &rArr; sm_PairingCmplt &rArr; sm_Add_To_Database &rArr; SDB_Add_Record &rArr; SDB_Delete &rArr; Write_Client_Data &rArr; Flash_Write &rArr; FLASH_ProgramWord &rArr; assert_failed &rArr; __2printf &rArr; _printf_char_file &rArr; _printf_char_common &rArr; __printf
</UL>
<BR>[Calls]<UL><LI><a href="#[67]">&gt;&gt;</a>&nbsp;&nbsp;&nbsp;List_Circular_Insert_Node
<LI><a href="#[65]">&gt;&gt;</a>&nbsp;&nbsp;&nbsp;List_Circular_Remove_Node
<LI><a href="#[68]">&gt;&gt;</a>&nbsp;&nbsp;&nbsp;LL_Rcv_ACL_Data
<LI><a href="#[66]">&gt;&gt;</a>&nbsp;&nbsp;&nbsp;L2C_Rcv_Event_Handler
</UL>
<BR>[Called By]<UL><LI><a href="#[76]">&gt;&gt;</a>&nbsp;&nbsp;&nbsp;BTLE_StackTick
</UL>

<P><STRONG><a name="[69]"></a>Acl_Rcv_Pkt_Handler</STRONG> (Thumb, 12 bytes, Stack size 8 bytes, acl.o(i.Acl_Rcv_Pkt_Handler))
<BR><BR>[Stack]<UL><LI>Max Depth = 8<LI>Call Chain = Acl_Rcv_Pkt_Handler
</UL>
<BR>[Calls]<UL><LI><a href="#[6a]">&gt;&gt;</a>&nbsp;&nbsp;&nbsp;List_Circular_Insert_Tail
</UL>
<BR>[Called By]<UL><LI><a href="#[179]">&gt;&gt;</a>&nbsp;&nbsp;&nbsp;isr_event_handler_patched
</UL>

<P><STRONG><a name="[6b]"></a>Acl_Transmit_Packet</STRONG> (Thumb, 28 bytes, Stack size 8 bytes, acl.o(i.Acl_Transmit_Packet))
<BR><BR>[Stack]<UL><LI>Max Depth = 64<LI>Call Chain = Acl_Transmit_Packet &rArr; slave_advance &rArr; LL_Sleep_Req
</UL>
<BR>[Calls]<UL><LI><a href="#[6d]">&gt;&gt;</a>&nbsp;&nbsp;&nbsp;slave_advance
<LI><a href="#[6c]">&gt;&gt;</a>&nbsp;&nbsp;&nbsp;LL_Send_ACL_Data
</UL>
<BR>[Called By]<UL><LI><a href="#[fb]">&gt;&gt;</a>&nbsp;&nbsp;&nbsp;L2C_Send_Data
</UL>

<P><STRONG><a name="[6e]"></a>Acl_Tx_Cmpl_Pkt_Handler</STRONG> (Thumb, 12 bytes, Stack size 8 bytes, acl.o(i.Acl_Tx_Cmpl_Pkt_Handler))
<BR><BR>[Stack]<UL><LI>Max Depth = 8<LI>Call Chain = Acl_Tx_Cmpl_Pkt_Handler
</UL>
<BR>[Calls]<UL><LI><a href="#[6a]">&gt;&gt;</a>&nbsp;&nbsp;&nbsp;List_Circular_Insert_Tail
</UL>
<BR>[Called By]<UL><LI><a href="#[179]">&gt;&gt;</a>&nbsp;&nbsp;&nbsp;isr_event_handler_patched
</UL>

<P><STRONG><a name="[6f]"></a>Add_Chat_Service</STRONG> (Thumb, 176 bytes, Stack size 96 bytes, gatt_db.o(i.Add_Chat_Service))
<BR><BR>[Stack]<UL><LI>Max Depth = 664 + Unknown Stack Size
<LI>Call Chain = Add_Chat_Service &rArr; aci_gatt_add_char &rArr; Gatt_Add_Characteristic &rArr; Gatt_Add_Charac_Desc &rArr; Ind_Service_Change_Charac &rArr; Gatt_Update_Charac_Value &rArr; Send_Notif_Or_Ind &rArr; Handle_Val_Notify &rArr; Osal_MemCpy &rArr; memcpy &rArr; __aeabi_memcpy
</UL>
<BR>[Calls]<UL><LI><a href="#[70]">&gt;&gt;</a>&nbsp;&nbsp;&nbsp;aci_gatt_add_service
<LI><a href="#[71]">&gt;&gt;</a>&nbsp;&nbsp;&nbsp;aci_gatt_add_char
<LI><a href="#[52]">&gt;&gt;</a>&nbsp;&nbsp;&nbsp;Osal_MemCpy
<LI><a href="#[35]">&gt;&gt;</a>&nbsp;&nbsp;&nbsp;__2printf
</UL>
<BR>[Called By]<UL><LI><a href="#[98]">&gt;&gt;</a>&nbsp;&nbsp;&nbsp;CHAT_DeviceInit
</UL>

<P><STRONG><a name="[84]"></a>App_SleepMode_Check</STRONG> (Thumb, 4 bytes, Stack size 0 bytes, sleep.o(i.App_SleepMode_Check))
<BR><BR>[Called By]<UL><LI><a href="#[81]">&gt;&gt;</a>&nbsp;&nbsp;&nbsp;BlueNRG_Sleep
</UL>

<P><STRONG><a name="[72]"></a>Att_Send_Find_By_Typ_Val_Req_Pdu</STRONG> (Thumb, 94 bytes, Stack size 24 bytes, rom_att.o(i.Att_Send_Find_By_Typ_Val_Req_Pdu))
<BR><BR>[Stack]<UL><LI>Max Depth = 64<LI>Call Chain = Att_Send_Find_By_Typ_Val_Req_Pdu &rArr; Osal_MemCpy &rArr; memcpy &rArr; __aeabi_memcpy
</UL>
<BR>[Calls]<UL><LI><a href="#[52]">&gt;&gt;</a>&nbsp;&nbsp;&nbsp;Osal_MemCpy
</UL>
<BR>[Called By]<UL><LI><a href="#[100]">&gt;&gt;</a>&nbsp;&nbsp;&nbsp;Gatt_Super_Handler
</UL>

<P><STRONG><a name="[111]"></a>Att_Send_Find_Info_Req_Pdu</STRONG> (Thumb, 60 bytes, Stack size 12 bytes, rom_att.o(i.Att_Send_Find_Info_Req_Pdu))
<BR><BR>[Stack]<UL><LI>Max Depth = 12<LI>Call Chain = Att_Send_Find_Info_Req_Pdu
</UL>
<BR>[Called By]<UL><LI><a href="#[100]">&gt;&gt;</a>&nbsp;&nbsp;&nbsp;Gatt_Super_Handler
</UL>

<P><STRONG><a name="[117]"></a>Att_Send_Read_Blob_Req_Pdu</STRONG> (Thumb, 54 bytes, Stack size 12 bytes, rom_att.o(i.Att_Send_Read_Blob_Req_Pdu))
<BR><BR>[Stack]<UL><LI>Max Depth = 12<LI>Call Chain = Att_Send_Read_Blob_Req_Pdu
</UL>
<BR>[Called By]<UL><LI><a href="#[100]">&gt;&gt;</a>&nbsp;&nbsp;&nbsp;Gatt_Super_Handler
</UL>

<P><STRONG><a name="[73]"></a>Att_Send_Read_By_Grp_Typ_Req_Pdu</STRONG> (Thumb, 106 bytes, Stack size 16 bytes, rom_att.o(i.Att_Send_Read_By_Grp_Typ_Req_Pdu))
<BR><BR>[Stack]<UL><LI>Max Depth = 56<LI>Call Chain = Att_Send_Read_By_Grp_Typ_Req_Pdu &rArr; Osal_MemCpy &rArr; memcpy &rArr; __aeabi_memcpy
</UL>
<BR>[Calls]<UL><LI><a href="#[52]">&gt;&gt;</a>&nbsp;&nbsp;&nbsp;Osal_MemCpy
</UL>
<BR>[Called By]<UL><LI><a href="#[100]">&gt;&gt;</a>&nbsp;&nbsp;&nbsp;Gatt_Super_Handler
</UL>

<P><STRONG><a name="[74]"></a>Att_Send_Read_By_Typ_Req_Pdu</STRONG> (Thumb, 106 bytes, Stack size 16 bytes, rom_att.o(i.Att_Send_Read_By_Typ_Req_Pdu))
<BR><BR>[Stack]<UL><LI>Max Depth = 56<LI>Call Chain = Att_Send_Read_By_Typ_Req_Pdu &rArr; Osal_MemCpy &rArr; memcpy &rArr; __aeabi_memcpy
</UL>
<BR>[Calls]<UL><LI><a href="#[52]">&gt;&gt;</a>&nbsp;&nbsp;&nbsp;Osal_MemCpy
</UL>
<BR>[Called By]<UL><LI><a href="#[100]">&gt;&gt;</a>&nbsp;&nbsp;&nbsp;Gatt_Super_Handler
<LI><a href="#[e6]">&gt;&gt;</a>&nbsp;&nbsp;&nbsp;Gatt_Read_Charac_By_Uuid
</UL>

<P><STRONG><a name="[75]"></a>Attribute_Modified_CB</STRONG> (Thumb, 62 bytes, Stack size 16 bytes, gatt_db.o(i.Attribute_Modified_CB))
<BR><BR>[Stack]<UL><LI>Max Depth = 152 + Unknown Stack Size
<LI>Call Chain = Attribute_Modified_CB &rArr; __2printf &rArr; _printf_char_file &rArr; _printf_char_common &rArr; __printf
</UL>
<BR>[Calls]<UL><LI><a href="#[35]">&gt;&gt;</a>&nbsp;&nbsp;&nbsp;__2printf
</UL>
<BR>[Called By]<UL><LI><a href="#[1d2]">&gt;&gt;</a>&nbsp;&nbsp;&nbsp;aci_gatt_attribute_modified_event
</UL>

<P><STRONG><a name="[76]"></a>BTLE_StackTick</STRONG> (Thumb, 36 bytes, Stack size 8 bytes, bluenrg_main_func.o(i.BTLE_StackTick))
<BR><BR>[Stack]<UL><LI>Max Depth = 1968 + Unknown Stack Size
<LI>Call Chain = BTLE_StackTick &rArr; Gatt_Process_Q &rArr; Gatt_Reset_To_Closed_State &rArr; Gatt_Store_Serv_Database &rArr; Flash_Write_Client_Data &rArr; SDB_Delete &rArr; Write_Client_Data &rArr; Flash_Write &rArr; FLASH_ProgramWord &rArr; assert_failed &rArr; __2printf &rArr; _printf_char_file &rArr; _printf_char_common &rArr; __printf
</UL>
<BR>[Calls]<UL><LI><a href="#[77]">&gt;&gt;</a>&nbsp;&nbsp;&nbsp;Timer_ProcessQ
<LI><a href="#[7a]">&gt;&gt;</a>&nbsp;&nbsp;&nbsp;SM_Process_Q
<LI><a href="#[79]">&gt;&gt;</a>&nbsp;&nbsp;&nbsp;Gatt_Process_Q
<LI><a href="#[78]">&gt;&gt;</a>&nbsp;&nbsp;&nbsp;GAP_Process_Q
<LI><a href="#[64]">&gt;&gt;</a>&nbsp;&nbsp;&nbsp;Acl_Process_Q
<LI><a href="#[7b]">&gt;&gt;</a>&nbsp;&nbsp;&nbsp;BlueNRG_Stack_Perform_Crystal_Check
</UL>
<BR>[Called By]<UL><LI><a href="#[2f]">&gt;&gt;</a>&nbsp;&nbsp;&nbsp;main
<LI><a href="#[1f3]">&gt;&gt;</a>&nbsp;&nbsp;&nbsp;ble_send_data
<LI><a href="#[81]">&gt;&gt;</a>&nbsp;&nbsp;&nbsp;BlueNRG_Sleep
</UL>

<P><STRONG><a name="[81]"></a>BlueNRG_Sleep</STRONG> (Thumb, 148 bytes, Stack size 40 bytes, sleep.o(i.BlueNRG_Sleep))
<BR><BR>[Stack]<UL><LI>Max Depth = 2008 + Unknown Stack Size
<LI>Call Chain = BlueNRG_Sleep &rArr; BTLE_StackTick &rArr; Gatt_Process_Q &rArr; Gatt_Reset_To_Closed_State &rArr; Gatt_Store_Serv_Database &rArr; Flash_Write_Client_Data &rArr; SDB_Delete &rArr; Write_Client_Data &rArr; Flash_Write &rArr; FLASH_ProgramWord &rArr; assert_failed &rArr; __2printf &rArr; _printf_char_file &rArr; _printf_char_common &rArr; __printf
</UL>
<BR>[Calls]<UL><LI><a href="#[84]">&gt;&gt;</a>&nbsp;&nbsp;&nbsp;App_SleepMode_Check
<LI><a href="#[7f]">&gt;&gt;</a>&nbsp;&nbsp;&nbsp;HAL_VTimer_Stop
<LI><a href="#[82]">&gt;&gt;</a>&nbsp;&nbsp;&nbsp;HAL_VTimerStart_ms
<LI><a href="#[83]">&gt;&gt;</a>&nbsp;&nbsp;&nbsp;BlueNRG_Stack_Perform_Deep_Sleep_Check
<LI><a href="#[7c]">&gt;&gt;</a>&nbsp;&nbsp;&nbsp;BlueNRG_InternalSleep
<LI><a href="#[85]">&gt;&gt;</a>&nbsp;&nbsp;&nbsp;BlueNRG_IdleSleep
<LI><a href="#[76]">&gt;&gt;</a>&nbsp;&nbsp;&nbsp;BTLE_StackTick
</UL>
<BR>[Called By]<UL><LI><a href="#[2f]">&gt;&gt;</a>&nbsp;&nbsp;&nbsp;main
</UL>

<P><STRONG><a name="[86]"></a>BlueNRG_Stack_Initialization</STRONG> (Thumb, 124 bytes, Stack size 24 bytes, bluenrg_main_func.o(i.BlueNRG_Stack_Initialization))
<BR><BR>[Stack]<UL><LI>Max Depth = 104<LI>Call Chain = BlueNRG_Stack_Initialization &rArr; _BlueNRG_Stack_Initialization &rArr; BlueNRG_Stack_Initialize_RAM_and_Layers &rArr; LL_Init &rArr; Blue_Init_Global &rArr; Osal_MemSet &rArr; memset
</UL>
<BR>[Calls]<UL><LI><a href="#[87]">&gt;&gt;</a>&nbsp;&nbsp;&nbsp;_BlueNRG_Stack_Initialization
<LI><a href="#[52]">&gt;&gt;</a>&nbsp;&nbsp;&nbsp;Osal_MemCpy
</UL>
<BR>[Called By]<UL><LI><a href="#[1fc]">&gt;&gt;</a>&nbsp;&nbsp;&nbsp;initial_peripheral
</UL>

<P><STRONG><a name="[1c5]"></a>BlueNRG_Stack_Initialize_ConfigData</STRONG> (Thumb, 54 bytes, Stack size 0 bytes, bluenrg_main_func.o(i.BlueNRG_Stack_Initialize_ConfigData))
<BR><BR>[Called By]<UL><LI><a href="#[87]">&gt;&gt;</a>&nbsp;&nbsp;&nbsp;_BlueNRG_Stack_Initialization
</UL>

<P><STRONG><a name="[88]"></a>BlueNRG_Stack_Initialize_RAM_and_Layers</STRONG> (Thumb, 88 bytes, Stack size 8 bytes, bluenrg_main_func.o(i.BlueNRG_Stack_Initialize_RAM_and_Layers))
<BR><BR>[Stack]<UL><LI>Max Depth = 64<LI>Call Chain = BlueNRG_Stack_Initialize_RAM_and_Layers &rArr; LL_Init &rArr; Blue_Init_Global &rArr; Osal_MemSet &rArr; memset
</UL>
<BR>[Calls]<UL><LI><a href="#[8b]">&gt;&gt;</a>&nbsp;&nbsp;&nbsp;Timer_Init
<LI><a href="#[8f]">&gt;&gt;</a>&nbsp;&nbsp;&nbsp;SM_Init
<LI><a href="#[8d]">&gt;&gt;</a>&nbsp;&nbsp;&nbsp;LL_Init_patch
<LI><a href="#[8c]">&gt;&gt;</a>&nbsp;&nbsp;&nbsp;LL_Init
<LI><a href="#[8e]">&gt;&gt;</a>&nbsp;&nbsp;&nbsp;L2C_Init
<LI><a href="#[8a]">&gt;&gt;</a>&nbsp;&nbsp;&nbsp;HCI_Init
<LI><a href="#[90]">&gt;&gt;</a>&nbsp;&nbsp;&nbsp;GAP_Reset_Context
<LI><a href="#[89]">&gt;&gt;</a>&nbsp;&nbsp;&nbsp;Dynamic_allocator
</UL>
<BR>[Called By]<UL><LI><a href="#[87]">&gt;&gt;</a>&nbsp;&nbsp;&nbsp;_BlueNRG_Stack_Initialization
</UL>

<P><STRONG><a name="[7b]"></a>BlueNRG_Stack_Perform_Crystal_Check</STRONG> (Thumb, 88 bytes, Stack size 16 bytes, bluenrg_main_func.o(i.BlueNRG_Stack_Perform_Crystal_Check))
<BR><BR>[Stack]<UL><LI>Max Depth = 32<LI>Call Chain = BlueNRG_Stack_Perform_Crystal_Check &rArr; set_freq
</UL>
<BR>[Calls]<UL><LI><a href="#[91]">&gt;&gt;</a>&nbsp;&nbsp;&nbsp;set_freq
</UL>
<BR>[Called By]<UL><LI><a href="#[87]">&gt;&gt;</a>&nbsp;&nbsp;&nbsp;_BlueNRG_Stack_Initialization
<LI><a href="#[76]">&gt;&gt;</a>&nbsp;&nbsp;&nbsp;BTLE_StackTick
</UL>

<P><STRONG><a name="[83]"></a>BlueNRG_Stack_Perform_Deep_Sleep_Check</STRONG> (Thumb, 64 bytes, Stack size 8 bytes, bluenrg_main_func.o(i.BlueNRG_Stack_Perform_Deep_Sleep_Check))
<BR><BR>[Stack]<UL><LI>Max Depth = 32<LI>Call Chain = BlueNRG_Stack_Perform_Deep_Sleep_Check &rArr; patch_advance_transmit &rArr; advance_transmit
</UL>
<BR>[Calls]<UL><LI><a href="#[93]">&gt;&gt;</a>&nbsp;&nbsp;&nbsp;patch_advance_transmit
<LI><a href="#[92]">&gt;&gt;</a>&nbsp;&nbsp;&nbsp;deepSleepTimers_check
</UL>
<BR>[Called By]<UL><LI><a href="#[81]">&gt;&gt;</a>&nbsp;&nbsp;&nbsp;BlueNRG_Sleep
</UL>

<P><STRONG><a name="[f]"></a>Blue_Handler</STRONG> (Thumb, 8 bytes, Stack size 8 bytes, bluenrg1_it.o(i.Blue_Handler))
<BR><BR>[Stack]<UL><LI>Max Depth = 720<LI>Call Chain = Blue_Handler &rArr; RAL_Isr &rArr; go_to_connect &rArr; advance_wakeup_timer &rArr; cancel_slave &rArr; isr_event_handler_patched &rArr; Acl_Event_Handler &rArr; L2C_Rcv_Event_Handler_ISR &rArr; Gatt_Server_L2C_Handler &rArr; Send_Notif_Or_Ind &rArr; Handle_Val_Notify &rArr; Osal_MemCpy &rArr; memcpy &rArr; __aeabi_memcpy
</UL>
<BR>[Calls]<UL><LI><a href="#[94]">&gt;&gt;</a>&nbsp;&nbsp;&nbsp;RAL_Isr
</UL>
<BR>[Address Reference Count : 1]<UL><LI> system_bluenrg1.o(.intvec)
</UL>
<P><STRONG><a name="[95]"></a>Blue_Init_Global</STRONG> (Thumb, 112 bytes, Stack size 16 bytes, routines_support.o(i.Blue_Init_Global))
<BR><BR>[Stack]<UL><LI>Max Depth = 32<LI>Call Chain = Blue_Init_Global &rArr; Osal_MemSet &rArr; memset
</UL>
<BR>[Calls]<UL><LI><a href="#[63]">&gt;&gt;</a>&nbsp;&nbsp;&nbsp;Osal_MemSet
<LI><a href="#[96]">&gt;&gt;</a>&nbsp;&nbsp;&nbsp;Blue_Set_Radio_Config_Data
</UL>
<BR>[Called By]<UL><LI><a href="#[8c]">&gt;&gt;</a>&nbsp;&nbsp;&nbsp;LL_Init
</UL>

<P><STRONG><a name="[96]"></a>Blue_Set_Radio_Config_Data</STRONG> (Thumb, 14 bytes, Stack size 8 bytes, rom_ll_routines_support.o(i.Blue_Set_Radio_Config_Data))
<BR><BR>[Stack]<UL><LI>Max Depth = 8<LI>Call Chain = Blue_Set_Radio_Config_Data
</UL>
<BR>[Calls]<UL><LI><a href="#[97]">&gt;&gt;</a>&nbsp;&nbsp;&nbsp;char_copy
</UL>
<BR>[Called By]<UL><LI><a href="#[95]">&gt;&gt;</a>&nbsp;&nbsp;&nbsp;Blue_Init_Global
</UL>

<P><STRONG><a name="[98]"></a>CHAT_DeviceInit</STRONG> (Thumb, 164 bytes, Stack size 32 bytes, chat.o(i.CHAT_DeviceInit))
<BR><BR>[Stack]<UL><LI>Max Depth = 696 + Unknown Stack Size
<LI>Call Chain = CHAT_DeviceInit &rArr; Add_Chat_Service &rArr; aci_gatt_add_char &rArr; Gatt_Add_Characteristic &rArr; Gatt_Add_Charac_Desc &rArr; Ind_Service_Change_Charac &rArr; Gatt_Update_Charac_Value &rArr; Send_Notif_Or_Ind &rArr; Handle_Val_Notify &rArr; Osal_MemCpy &rArr; memcpy &rArr; __aeabi_memcpy
</UL>
<BR>[Calls]<UL><LI><a href="#[99]">&gt;&gt;</a>&nbsp;&nbsp;&nbsp;ble_para_addr
<LI><a href="#[9a]">&gt;&gt;</a>&nbsp;&nbsp;&nbsp;aci_hal_write_config_data
<LI><a href="#[9b]">&gt;&gt;</a>&nbsp;&nbsp;&nbsp;aci_hal_set_tx_power_level
<LI><a href="#[9e]">&gt;&gt;</a>&nbsp;&nbsp;&nbsp;aci_gatt_update_char_value
<LI><a href="#[9c]">&gt;&gt;</a>&nbsp;&nbsp;&nbsp;aci_gatt_init
<LI><a href="#[9d]">&gt;&gt;</a>&nbsp;&nbsp;&nbsp;aci_gap_init
<LI><a href="#[6f]">&gt;&gt;</a>&nbsp;&nbsp;&nbsp;Add_Chat_Service
<LI><a href="#[35]">&gt;&gt;</a>&nbsp;&nbsp;&nbsp;__2printf
</UL>
<BR>[Called By]<UL><LI><a href="#[1fc]">&gt;&gt;</a>&nbsp;&nbsp;&nbsp;initial_peripheral
</UL>

<P><STRONG><a name="[9f]"></a>CRMU_PeripheralClockCmd</STRONG> (Thumb, 52 bytes, Stack size 16 bytes, bluenrg1_crmu.o(i.CRMU_PeripheralClockCmd))
<BR><BR>[Stack]<UL><LI>Max Depth = 152 + Unknown Stack Size
<LI>Call Chain = CRMU_PeripheralClockCmd &rArr; assert_failed &rArr; __2printf &rArr; _printf_char_file &rArr; _printf_char_common &rArr; __printf
</UL>
<BR>[Calls]<UL><LI><a href="#[a0]">&gt;&gt;</a>&nbsp;&nbsp;&nbsp;assert_failed
</UL>
<BR>[Called By]<UL><LI><a href="#[1a8]">&gt;&gt;</a>&nbsp;&nbsp;&nbsp;SdkEvalComUartInit
<LI><a href="#[1c1]">&gt;&gt;</a>&nbsp;&nbsp;&nbsp;WDG_Configuration
</UL>

<P><STRONG><a name="[a3]"></a>CheckSecForSignedWrite</STRONG> (Thumb, 42 bytes, Stack size 16 bytes, att.o(i.CheckSecForSignedWrite))
<BR><BR>[Stack]<UL><LI>Max Depth = 72<LI>Call Chain = CheckSecForSignedWrite &rArr; ValidLinkPermRequest &rArr; Check_Permission &rArr; SM_Get_Link_Security_Status &rArr; SM_Find_Remote_Device
</UL>
<BR>[Calls]<UL><LI><a href="#[a5]">&gt;&gt;</a>&nbsp;&nbsp;&nbsp;SM_Find_Remote_Device
<LI><a href="#[a4]">&gt;&gt;</a>&nbsp;&nbsp;&nbsp;ValidLinkPermRequest
</UL>
<BR>[Called By]<UL><LI><a href="#[165]">&gt;&gt;</a>&nbsp;&nbsp;&nbsp;Write_Cmd
</UL>

<P><STRONG><a name="[f3]"></a>Check_Encry_Key_Size</STRONG> (Thumb, 24 bytes, Stack size 0 bytes, rom_gatt_server.o(i.Check_Encry_Key_Size))
<BR><BR>[Called By]<UL><LI><a href="#[d2]">&gt;&gt;</a>&nbsp;&nbsp;&nbsp;Gatt_Add_Characteristic
<LI><a href="#[f2]">&gt;&gt;</a>&nbsp;&nbsp;&nbsp;Gatt_Add_Descriptor
</UL>

<P><STRONG><a name="[a6]"></a>Check_Flags</STRONG> (Thumb, 68 bytes, Stack size 24 bytes, gatt_client.o(i.Check_Flags))
<BR><BR>[Stack]<UL><LI>Max Depth = 32<LI>Call Chain = Check_Flags &rArr; Find_Gatt_Client
</UL>
<BR>[Calls]<UL><LI><a href="#[a7]">&gt;&gt;</a>&nbsp;&nbsp;&nbsp;Find_Gatt_Client
<LI><a href="#[a8]">&gt;&gt;</a>&nbsp;&nbsp;&nbsp;List_Circular_Remove_Head
</UL>
<BR>[Called By]<UL><LI><a href="#[e6]">&gt;&gt;</a>&nbsp;&nbsp;&nbsp;Gatt_Read_Charac_By_Uuid
</UL>

<P><STRONG><a name="[a9]"></a>Check_For_Service_Change</STRONG> (Thumb, 784 bytes, Stack size 608 bytes, gatt_server.o(i.Check_For_Service_Change))
<BR><BR>[Stack]<UL><LI>Max Depth = 904<LI>Call Chain = Check_For_Service_Change &rArr; Flash_Read_Client_Data &rArr; SDB_Find_Record &rArr; Resolve_PrivateAddr &rArr; Calculate_Hash &rArr; LL_Encrypt_Plain_Data &rArr; encrypt
</UL>
<BR>[Calls]<UL><LI><a href="#[52]">&gt;&gt;</a>&nbsp;&nbsp;&nbsp;Osal_MemCpy
<LI><a href="#[55]">&gt;&gt;</a>&nbsp;&nbsp;&nbsp;Osal_MemCmp
<LI><a href="#[a7]">&gt;&gt;</a>&nbsp;&nbsp;&nbsp;Find_Gatt_Client
<LI><a href="#[aa]">&gt;&gt;</a>&nbsp;&nbsp;&nbsp;Flash_Read_Client_Data
<LI><a href="#[ab]">&gt;&gt;</a>&nbsp;&nbsp;&nbsp;Fetch_Handle
<LI><a href="#[ad]">&gt;&gt;</a>&nbsp;&nbsp;&nbsp;Ind_Service_Change_Charac
<LI><a href="#[ac]">&gt;&gt;</a>&nbsp;&nbsp;&nbsp;Find_Attr_Index
</UL>
<BR>[Called By]<UL><LI><a href="#[79]">&gt;&gt;</a>&nbsp;&nbsp;&nbsp;Gatt_Process_Q
</UL>

<P><STRONG><a name="[ae]"></a>Check_Permission</STRONG> (Thumb, 152 bytes, Stack size 16 bytes, rom_att.o(i.Check_Permission))
<BR><BR>[Stack]<UL><LI>Max Depth = 32<LI>Call Chain = Check_Permission &rArr; SM_Get_Link_Security_Status &rArr; SM_Find_Remote_Device
</UL>
<BR>[Calls]<UL><LI><a href="#[af]">&gt;&gt;</a>&nbsp;&nbsp;&nbsp;SM_Get_Link_Security_Status
<LI><a href="#[b0]">&gt;&gt;</a>&nbsp;&nbsp;&nbsp;SM_Check_Encryption_KeySize
</UL>
<BR>[Called By]<UL><LI><a href="#[a4]">&gt;&gt;</a>&nbsp;&nbsp;&nbsp;ValidLinkPermRequest
</UL>

<P><STRONG><a name="[b1]"></a>Check_Serv_Chng_Charac_Ind_Not</STRONG> (Thumb, 122 bytes, Stack size 16 bytes, rom_gatt_server.o(i.Check_Serv_Chng_Charac_Ind_Not))
<BR><BR>[Stack]<UL><LI>Max Depth = 24<LI>Call Chain = Check_Serv_Chng_Charac_Ind_Not &rArr; Search_Handle
</UL>
<BR>[Calls]<UL><LI><a href="#[53]">&gt;&gt;</a>&nbsp;&nbsp;&nbsp;Search_Handle
<LI><a href="#[b2]">&gt;&gt;</a>&nbsp;&nbsp;&nbsp;Search_Service_Handle
</UL>
<BR>[Called By]<UL><LI><a href="#[f0]">&gt;&gt;</a>&nbsp;&nbsp;&nbsp;Gatt_Server_Db_Check
</UL>

<P><STRONG><a name="[1fb]"></a>Clock_Init</STRONG> (Thumb, 32 bytes, Stack size 8 bytes, clock.o(i.Clock_Init))
<BR><BR>[Stack]<UL><LI>Max Depth = 8<LI>Call Chain = Clock_Init
</UL>
<BR>[Called By]<UL><LI><a href="#[1f9]">&gt;&gt;</a>&nbsp;&nbsp;&nbsp;initial_myself
</UL>

<P><STRONG><a name="[1be]"></a>Clock_Time</STRONG> (Thumb, 6 bytes, Stack size 0 bytes, clock.o(i.Clock_Time))
<BR><BR>[Called By]<UL><LI><a href="#[1bf]">&gt;&gt;</a>&nbsp;&nbsp;&nbsp;Timer_Set
<LI><a href="#[1bd]">&gt;&gt;</a>&nbsp;&nbsp;&nbsp;Timer_Expired
</UL>

<P><STRONG><a name="[19]"></a>DMA_Handler</STRONG> (Thumb, 2 bytes, Stack size 0 bytes, system_bluenrg1.o(i.DMA_Handler))
<BR>[Address Reference Count : 1]<UL><LI> system_bluenrg1.o(.intvec)
</UL>
<P><STRONG><a name="[1c4]"></a>Delay_With_NOP_Cycles</STRONG> (Thumb, 14 bytes, Stack size 0 bytes, utils.o(i.Delay_With_NOP_Cycles))
<BR><BR>[Called By]<UL><LI><a href="#[182]">&gt;&gt;</a>&nbsp;&nbsp;&nbsp;Write_SDBRecord
</UL>

<P><STRONG><a name="[80]"></a>DeviceConfiguration</STRONG> (Thumb, 108 bytes, Stack size 40 bytes, system_bluenrg1.o(i.DeviceConfiguration))
<BR><BR>[Stack]<UL><LI>Max Depth = 40<LI>Call Chain = DeviceConfiguration
</UL>
<BR>[Calls]<UL><LI><a href="#[43]">&gt;&gt;</a>&nbsp;&nbsp;&nbsp;__aeabi_memcpy4
</UL>
<BR>[Called By]<UL><LI><a href="#[1b9]">&gt;&gt;</a>&nbsp;&nbsp;&nbsp;SystemInit
<LI><a href="#[7c]">&gt;&gt;</a>&nbsp;&nbsp;&nbsp;BlueNRG_InternalSleep
</UL>

<P><STRONG><a name="[b3]"></a>Diversify</STRONG> (Thumb, 46 bytes, Stack size 32 bytes, rom_securitymgr.o(i.Diversify))
<BR><BR>[Stack]<UL><LI>Max Depth = 144<LI>Call Chain = Diversify &rArr; LL_Encrypt_Plain_Data &rArr; encrypt
</UL>
<BR>[Calls]<UL><LI><a href="#[a2]">&gt;&gt;</a>&nbsp;&nbsp;&nbsp;LL_Encrypt_Plain_Data
</UL>
<BR>[Called By]<UL><LI><a href="#[18a]">&gt;&gt;</a>&nbsp;&nbsp;&nbsp;SM_Get_Long_Term_Key
<LI><a href="#[11a]">&gt;&gt;</a>&nbsp;&nbsp;&nbsp;SM_Generate_IRK
<LI><a href="#[185]">&gt;&gt;</a>&nbsp;&nbsp;&nbsp;SM_GenEDIV_RecovDIV
<LI><a href="#[20e]">&gt;&gt;</a>&nbsp;&nbsp;&nbsp;sm_Generate_CSRK
<LI><a href="#[197]">&gt;&gt;</a>&nbsp;&nbsp;&nbsp;sm_Distribute_Keys
<LI><a href="#[183]">&gt;&gt;</a>&nbsp;&nbsp;&nbsp;SDB_Find_Matching_LTK
</UL>

<P><STRONG><a name="[89]"></a>Dynamic_allocator</STRONG> (Thumb, 196 bytes, Stack size 16 bytes, mem_alloc.o(i.Dynamic_allocator))
<BR><BR>[Stack]<UL><LI>Max Depth = 48<LI>Call Chain = Dynamic_allocator &rArr; Mem_assign &rArr; Osal_MemSet &rArr; memset
</UL>
<BR>[Calls]<UL><LI><a href="#[b4]">&gt;&gt;</a>&nbsp;&nbsp;&nbsp;Mem_assign
</UL>
<BR>[Called By]<UL><LI><a href="#[88]">&gt;&gt;</a>&nbsp;&nbsp;&nbsp;BlueNRG_Stack_Initialize_RAM_and_Layers
</UL>

<P><STRONG><a name="[b7]"></a>Exchg_Mtu_Resp</STRONG> (Thumb, 108 bytes, Stack size 32 bytes, rom_att.o(i.Exchg_Mtu_Resp))
<BR><BR>[Stack]<UL><LI>Max Depth = 104<LI>Call Chain = Exchg_Mtu_Resp &rArr; Send_Error_Resp &rArr; Osal_MemCpy &rArr; memcpy &rArr; __aeabi_memcpy
</UL>
<BR>[Calls]<UL><LI><a href="#[52]">&gt;&gt;</a>&nbsp;&nbsp;&nbsp;Osal_MemCpy
<LI><a href="#[b8]">&gt;&gt;</a>&nbsp;&nbsp;&nbsp;Send_Error_Resp
</UL>
<BR>[Called By]<UL><LI><a href="#[fe]">&gt;&gt;</a>&nbsp;&nbsp;&nbsp;Process_Peer_Client_Data
</UL>

<P><STRONG><a name="[b9]"></a>Exec_Write_Resp</STRONG> (Thumb, 540 bytes, Stack size 88 bytes, att.o(i.Exec_Write_Resp))
<BR><BR>[Stack]<UL><LI>Max Depth = 264 + Unknown Stack Size
<LI>Call Chain = Exec_Write_Resp &rArr; aci_GATT_ATTRIBUTE_MODIFIED_Event &rArr; aci_gatt_attribute_modified_event &rArr; Attribute_Modified_CB &rArr; __2printf &rArr; _printf_char_file &rArr; _printf_char_common &rArr; __printf
</UL>
<BR>[Calls]<UL><LI><a href="#[52]">&gt;&gt;</a>&nbsp;&nbsp;&nbsp;Osal_MemCpy
<LI><a href="#[ba]">&gt;&gt;</a>&nbsp;&nbsp;&nbsp;List_Circular_Get_Size
<LI><a href="#[65]">&gt;&gt;</a>&nbsp;&nbsp;&nbsp;List_Circular_Remove_Node
<LI><a href="#[6a]">&gt;&gt;</a>&nbsp;&nbsp;&nbsp;List_Circular_Insert_Tail
<LI><a href="#[b8]">&gt;&gt;</a>&nbsp;&nbsp;&nbsp;Send_Error_Resp
<LI><a href="#[53]">&gt;&gt;</a>&nbsp;&nbsp;&nbsp;Search_Handle
<LI><a href="#[ac]">&gt;&gt;</a>&nbsp;&nbsp;&nbsp;Find_Attr_Index
<LI><a href="#[a4]">&gt;&gt;</a>&nbsp;&nbsp;&nbsp;ValidLinkPermRequest
<LI><a href="#[bb]">&gt;&gt;</a>&nbsp;&nbsp;&nbsp;aci_GATT_ATTRIBUTE_MODIFIED_Event
</UL>
<BR>[Called By]<UL><LI><a href="#[fe]">&gt;&gt;</a>&nbsp;&nbsp;&nbsp;Process_Peer_Client_Data
</UL>

<P><STRONG><a name="[b6]"></a>FLASH_ErasePage</STRONG> (Thumb, 38 bytes, Stack size 8 bytes, bluenrg1_flash.o(i.FLASH_ErasePage))
<BR><BR>[Stack]<UL><LI>Max Depth = 144 + Unknown Stack Size
<LI>Call Chain = FLASH_ErasePage &rArr; assert_failed &rArr; __2printf &rArr; _printf_char_file &rArr; _printf_char_common &rArr; __printf
</UL>
<BR>[Calls]<UL><LI><a href="#[bc]">&gt;&gt;</a>&nbsp;&nbsp;&nbsp;FLASH_WaitBusy
<LI><a href="#[a0]">&gt;&gt;</a>&nbsp;&nbsp;&nbsp;assert_failed
</UL>
<BR>[Called By]<UL><LI><a href="#[1f5]">&gt;&gt;</a>&nbsp;&nbsp;&nbsp;clear_para
<LI><a href="#[b5]">&gt;&gt;</a>&nbsp;&nbsp;&nbsp;Erase_Sector
</UL>

<P><STRONG><a name="[bd]"></a>FLASH_ProgramWord</STRONG> (Thumb, 50 bytes, Stack size 16 bytes, bluenrg1_flash.o(i.FLASH_ProgramWord))
<BR><BR>[Stack]<UL><LI>Max Depth = 152 + Unknown Stack Size
<LI>Call Chain = FLASH_ProgramWord &rArr; assert_failed &rArr; __2printf &rArr; _printf_char_file &rArr; _printf_char_common &rArr; __printf
</UL>
<BR>[Calls]<UL><LI><a href="#[bc]">&gt;&gt;</a>&nbsp;&nbsp;&nbsp;FLASH_WaitBusy
<LI><a href="#[a0]">&gt;&gt;</a>&nbsp;&nbsp;&nbsp;assert_failed
</UL>
<BR>[Called By]<UL><LI><a href="#[cf]">&gt;&gt;</a>&nbsp;&nbsp;&nbsp;IDD_Initialize_Device_IDs
<LI><a href="#[120]">&gt;&gt;</a>&nbsp;&nbsp;&nbsp;HAL_Flash_Store_Data
<LI><a href="#[12d]">&gt;&gt;</a>&nbsp;&nbsp;&nbsp;InvaliDate_Record
<LI><a href="#[c7]">&gt;&gt;</a>&nbsp;&nbsp;&nbsp;Flash_Write
</UL>

<P><STRONG><a name="[be]"></a>FLASH_ProgramWordBurst</STRONG> (Thumb, 84 bytes, Stack size 16 bytes, bluenrg1_flash.o(i.FLASH_ProgramWordBurst))
<BR><BR>[Stack]<UL><LI>Max Depth = 152 + Unknown Stack Size
<LI>Call Chain = FLASH_ProgramWordBurst &rArr; assert_failed &rArr; __2printf &rArr; _printf_char_file &rArr; _printf_char_common &rArr; __printf
</UL>
<BR>[Calls]<UL><LI><a href="#[bc]">&gt;&gt;</a>&nbsp;&nbsp;&nbsp;FLASH_WaitBusy
<LI><a href="#[a0]">&gt;&gt;</a>&nbsp;&nbsp;&nbsp;assert_failed
</UL>
<BR>[Called By]<UL><LI><a href="#[20c]">&gt;&gt;</a>&nbsp;&nbsp;&nbsp;save_cell_data
</UL>

<P><STRONG><a name="[bc]"></a>FLASH_WaitBusy</STRONG> (Thumb, 10 bytes, Stack size 0 bytes, bluenrg1_flash.o(i.FLASH_WaitBusy))
<BR><BR>[Called By]<UL><LI><a href="#[be]">&gt;&gt;</a>&nbsp;&nbsp;&nbsp;FLASH_ProgramWordBurst
<LI><a href="#[bd]">&gt;&gt;</a>&nbsp;&nbsp;&nbsp;FLASH_ProgramWord
<LI><a href="#[b6]">&gt;&gt;</a>&nbsp;&nbsp;&nbsp;FLASH_ErasePage
</UL>

<P><STRONG><a name="[ab]"></a>Fetch_Handle</STRONG> (Thumb, 60 bytes, Stack size 20 bytes, rom_gatt_server.o(i.Fetch_Handle))
<BR><BR>[Stack]<UL><LI>Max Depth = 20<LI>Call Chain = Fetch_Handle
</UL>
<BR>[Called By]<UL><LI><a href="#[a9]">&gt;&gt;</a>&nbsp;&nbsp;&nbsp;Check_For_Service_Change
</UL>

<P><STRONG><a name="[ac]"></a>Find_Attr_Index</STRONG> (Thumb, 60 bytes, Stack size 12 bytes, gatt_server.o(i.Find_Attr_Index))
<BR><BR>[Stack]<UL><LI>Max Depth = 12<LI>Call Chain = Find_Attr_Index
</UL>
<BR>[Called By]<UL><LI><a href="#[164]">&gt;&gt;</a>&nbsp;&nbsp;&nbsp;Write_Resp
<LI><a href="#[165]">&gt;&gt;</a>&nbsp;&nbsp;&nbsp;Write_Cmd
<LI><a href="#[160]">&gt;&gt;</a>&nbsp;&nbsp;&nbsp;Read_Resp
<LI><a href="#[162]">&gt;&gt;</a>&nbsp;&nbsp;&nbsp;Read_Multi_Resp
<LI><a href="#[15f]">&gt;&gt;</a>&nbsp;&nbsp;&nbsp;Read_By_Type_Resp
<LI><a href="#[161]">&gt;&gt;</a>&nbsp;&nbsp;&nbsp;Read_Blob_Resp
<LI><a href="#[bf]">&gt;&gt;</a>&nbsp;&nbsp;&nbsp;Find_By_Type_Val_Resp
<LI><a href="#[b9]">&gt;&gt;</a>&nbsp;&nbsp;&nbsp;Exec_Write_Resp
<LI><a href="#[103]">&gt;&gt;</a>&nbsp;&nbsp;&nbsp;Gatt_Store_Serv_Database
<LI><a href="#[a9]">&gt;&gt;</a>&nbsp;&nbsp;&nbsp;Check_For_Service_Change
</UL>

<P><STRONG><a name="[bf]"></a>Find_By_Type_Val_Resp</STRONG> (Thumb, 652 bytes, Stack size 88 bytes, att.o(i.Find_By_Type_Val_Resp))
<BR><BR>[Stack]<UL><LI>Max Depth = 160<LI>Call Chain = Find_By_Type_Val_Resp &rArr; Send_Error_Resp &rArr; Osal_MemCpy &rArr; memcpy &rArr; __aeabi_memcpy
</UL>
<BR>[Calls]<UL><LI><a href="#[52]">&gt;&gt;</a>&nbsp;&nbsp;&nbsp;Osal_MemCpy
<LI><a href="#[55]">&gt;&gt;</a>&nbsp;&nbsp;&nbsp;Osal_MemCmp
<LI><a href="#[b8]">&gt;&gt;</a>&nbsp;&nbsp;&nbsp;Send_Error_Resp
<LI><a href="#[ac]">&gt;&gt;</a>&nbsp;&nbsp;&nbsp;Find_Attr_Index
<LI><a href="#[a4]">&gt;&gt;</a>&nbsp;&nbsp;&nbsp;ValidLinkPermRequest
</UL>
<BR>[Called By]<UL><LI><a href="#[fe]">&gt;&gt;</a>&nbsp;&nbsp;&nbsp;Process_Peer_Client_Data
</UL>

<P><STRONG><a name="[c0]"></a>Find_Client_Data</STRONG> (Thumb, 200 bytes, Stack size 48 bytes, rom_sdb.o(i.Find_Client_Data))
<BR><BR>[Stack]<UL><LI>Max Depth = 64<LI>Call Chain = Find_Client_Data &rArr; Osal_MemCmp &rArr; memcmp
</UL>
<BR>[Calls]<UL><LI><a href="#[55]">&gt;&gt;</a>&nbsp;&nbsp;&nbsp;Osal_MemCmp
<LI><a href="#[c4]">&gt;&gt;</a>&nbsp;&nbsp;&nbsp;STORE_LE_32
<LI><a href="#[c3]">&gt;&gt;</a>&nbsp;&nbsp;&nbsp;Read_RecordValidity
<LI><a href="#[c1]">&gt;&gt;</a>&nbsp;&nbsp;&nbsp;SDB_Get_GattDb_Start_Addr
<LI><a href="#[c2]">&gt;&gt;</a>&nbsp;&nbsp;&nbsp;Get_Max_SecDb_Size
</UL>
<BR>[Called By]<UL><LI><a href="#[ca]">&gt;&gt;</a>&nbsp;&nbsp;&nbsp;SDB_Delete
<LI><a href="#[aa]">&gt;&gt;</a>&nbsp;&nbsp;&nbsp;Flash_Read_Client_Data
</UL>

<P><STRONG><a name="[a7]"></a>Find_Gatt_Client</STRONG> (Thumb, 52 bytes, Stack size 8 bytes, gatt_client.o(i.Find_Gatt_Client))
<BR><BR>[Stack]<UL><LI>Max Depth = 8<LI>Call Chain = Find_Gatt_Client
</UL>
<BR>[Called By]<UL><LI><a href="#[79]">&gt;&gt;</a>&nbsp;&nbsp;&nbsp;Gatt_Process_Q
<LI><a href="#[a6]">&gt;&gt;</a>&nbsp;&nbsp;&nbsp;Check_Flags
<LI><a href="#[fe]">&gt;&gt;</a>&nbsp;&nbsp;&nbsp;Process_Peer_Client_Data
<LI><a href="#[103]">&gt;&gt;</a>&nbsp;&nbsp;&nbsp;Gatt_Store_Serv_Database
<LI><a href="#[106]">&gt;&gt;</a>&nbsp;&nbsp;&nbsp;Gatt_Server_L2C_Handler
<LI><a href="#[a9]">&gt;&gt;</a>&nbsp;&nbsp;&nbsp;Check_For_Service_Change
</UL>

<P><STRONG><a name="[c5]"></a>Find_Info_Resp</STRONG> (Thumb, 496 bytes, Stack size 56 bytes, rom_att.o(i.Find_Info_Resp))
<BR><BR>[Stack]<UL><LI>Max Depth = 128<LI>Call Chain = Find_Info_Resp &rArr; Send_Error_Resp &rArr; Osal_MemCpy &rArr; memcpy &rArr; __aeabi_memcpy
</UL>
<BR>[Calls]<UL><LI><a href="#[52]">&gt;&gt;</a>&nbsp;&nbsp;&nbsp;Osal_MemCpy
<LI><a href="#[b8]">&gt;&gt;</a>&nbsp;&nbsp;&nbsp;Send_Error_Resp
</UL>
<BR>[Called By]<UL><LI><a href="#[fe]">&gt;&gt;</a>&nbsp;&nbsp;&nbsp;Process_Peer_Client_Data
</UL>

<P><STRONG><a name="[12f]"></a>Find_L2cap_conn_index</STRONG> (Thumb, 36 bytes, Stack size 0 bytes, l2cap.o(i.Find_L2cap_conn_index))
<BR><BR>[Called By]<UL><LI><a href="#[133]">&gt;&gt;</a>&nbsp;&nbsp;&nbsp;L2C_Signal_Channel_Handler
<LI><a href="#[12e]">&gt;&gt;</a>&nbsp;&nbsp;&nbsp;L2CAP_Reset_To_Closed_State
</UL>

<P><STRONG><a name="[131]"></a>Find_L2cap_signalling_connection</STRONG> (Thumb, 36 bytes, Stack size 8 bytes, l2cap.o(i.Find_L2cap_signalling_connection))
<BR><BR>[Stack]<UL><LI>Max Depth = 8<LI>Call Chain = Find_L2cap_signalling_connection
</UL>
<BR>[Called By]<UL><LI><a href="#[133]">&gt;&gt;</a>&nbsp;&nbsp;&nbsp;L2C_Signal_Channel_Handler
<LI><a href="#[130]">&gt;&gt;</a>&nbsp;&nbsp;&nbsp;L2C_Build_Command_Reject_Pdu
</UL>

<P><STRONG><a name="[ed]"></a>Find_Timed_Out_Connection</STRONG> (Thumb, 50 bytes, Stack size 8 bytes, gatt_server.o(i.Find_Timed_Out_Connection))
<BR><BR>[Stack]<UL><LI>Max Depth = 8<LI>Call Chain = Find_Timed_Out_Connection
</UL>
<BR>[Called By]<UL><LI><a href="#[ec]">&gt;&gt;</a>&nbsp;&nbsp;&nbsp;GATT_TimeOut_Handler
</UL>

<P><STRONG><a name="[aa]"></a>Flash_Read_Client_Data</STRONG> (Thumb, 58 bytes, Stack size 96 bytes, sdb.o(i.Flash_Read_Client_Data))
<BR><BR>[Stack]<UL><LI>Max Depth = 296<LI>Call Chain = Flash_Read_Client_Data &rArr; SDB_Find_Record &rArr; Resolve_PrivateAddr &rArr; Calculate_Hash &rArr; LL_Encrypt_Plain_Data &rArr; encrypt
</UL>
<BR>[Calls]<UL><LI><a href="#[a5]">&gt;&gt;</a>&nbsp;&nbsp;&nbsp;SM_Find_Remote_Device
<LI><a href="#[c6]">&gt;&gt;</a>&nbsp;&nbsp;&nbsp;SDB_Find_Record
<LI><a href="#[c0]">&gt;&gt;</a>&nbsp;&nbsp;&nbsp;Find_Client_Data
</UL>
<BR>[Called By]<UL><LI><a href="#[a9]">&gt;&gt;</a>&nbsp;&nbsp;&nbsp;Check_For_Service_Change
</UL>

<P><STRONG><a name="[c8]"></a>Flash_Write_Client_Data</STRONG> (Thumb, 58 bytes, Stack size 24 bytes, sdb.o(i.Flash_Write_Client_Data))
<BR><BR>[Stack]<UL><LI>Max Depth = 1336 + Unknown Stack Size
<LI>Call Chain = Flash_Write_Client_Data &rArr; SDB_Delete &rArr; Write_Client_Data &rArr; Flash_Write &rArr; FLASH_ProgramWord &rArr; assert_failed &rArr; __2printf &rArr; _printf_char_file &rArr; _printf_char_common &rArr; __printf
</UL>
<BR>[Calls]<UL><LI><a href="#[a5]">&gt;&gt;</a>&nbsp;&nbsp;&nbsp;SM_Find_Remote_Device
<LI><a href="#[c9]">&gt;&gt;</a>&nbsp;&nbsp;&nbsp;Write_Client_Data
<LI><a href="#[ca]">&gt;&gt;</a>&nbsp;&nbsp;&nbsp;SDB_Delete
</UL>
<BR>[Called By]<UL><LI><a href="#[103]">&gt;&gt;</a>&nbsp;&nbsp;&nbsp;Gatt_Store_Serv_Database
</UL>

<P><STRONG><a name="[cb]"></a>GAP_DiscProcTimeoutcb</STRONG> (Thumb, 62 bytes, Stack size 8 bytes, gap.o(i.GAP_DiscProcTimeoutcb))
<BR><BR>[Stack]<UL><LI>Max Depth = 616<LI>Call Chain = GAP_DiscProcTimeoutcb &rArr; LL_Enable_Disable_Scan_patched &rArr; start_timebase &rArr; advance_wakeup_timer &rArr; cancel_slave &rArr; isr_event_handler_patched &rArr; Acl_Event_Handler &rArr; L2C_Rcv_Event_Handler_ISR &rArr; Gatt_Server_L2C_Handler &rArr; Send_Notif_Or_Ind &rArr; Handle_Val_Notify &rArr; Osal_MemCpy &rArr; memcpy &rArr; __aeabi_memcpy
</UL>
<BR>[Calls]<UL><LI><a href="#[cd]">&gt;&gt;</a>&nbsp;&nbsp;&nbsp;aci_GAP_PROCEDURE_COMPLETE_Event
<LI><a href="#[cc]">&gt;&gt;</a>&nbsp;&nbsp;&nbsp;LL_Enable_Disable_Scan_patched
</UL>
<BR>[Called By]<UL><LI><a href="#[1bb]">&gt;&gt;</a>&nbsp;&nbsp;&nbsp;TimerCallback
</UL>

<P><STRONG><a name="[ce]"></a>GAP_Init</STRONG> (Thumb, 334 bytes, Stack size 112 bytes, gap.o(i.GAP_Init))
<BR><BR>[Stack]<UL><LI>Max Depth = 632 + Unknown Stack Size
<LI>Call Chain = GAP_Init &rArr; Gatt_Add_Characteristic &rArr; Gatt_Add_Charac_Desc &rArr; Ind_Service_Change_Charac &rArr; Gatt_Update_Charac_Value &rArr; Send_Notif_Or_Ind &rArr; Handle_Val_Notify &rArr; Osal_MemCpy &rArr; memcpy &rArr; __aeabi_memcpy
</UL>
<BR>[Calls]<UL><LI><a href="#[52]">&gt;&gt;</a>&nbsp;&nbsp;&nbsp;Osal_MemCpy
<LI><a href="#[cf]">&gt;&gt;</a>&nbsp;&nbsp;&nbsp;IDD_Initialize_Device_IDs
<LI><a href="#[d0]">&gt;&gt;</a>&nbsp;&nbsp;&nbsp;Get_StaticRandAddr
<LI><a href="#[d3]">&gt;&gt;</a>&nbsp;&nbsp;&nbsp;Gatt_Update_Charac_Value
<LI><a href="#[d1]">&gt;&gt;</a>&nbsp;&nbsp;&nbsp;Gatt_Add_Service
<LI><a href="#[d2]">&gt;&gt;</a>&nbsp;&nbsp;&nbsp;Gatt_Add_Characteristic
</UL>
<BR>[Called By]<UL><LI><a href="#[9d]">&gt;&gt;</a>&nbsp;&nbsp;&nbsp;aci_gap_init
</UL>

<P><STRONG><a name="[d4]"></a>GAP_Internal_Evt_Handler</STRONG> (Thumb, 52 bytes, Stack size 16 bytes, gap.o(i.GAP_Internal_Evt_Handler))
<BR><BR>[Stack]<UL><LI>Max Depth = 24<LI>Call Chain = GAP_Internal_Evt_Handler &rArr; aci_GAP_PROCEDURE_COMPLETE_Event
</UL>
<BR>[Calls]<UL><LI><a href="#[cd]">&gt;&gt;</a>&nbsp;&nbsp;&nbsp;aci_GAP_PROCEDURE_COMPLETE_Event
</UL>
<BR>[Called By]<UL><LI><a href="#[100]">&gt;&gt;</a>&nbsp;&nbsp;&nbsp;Gatt_Super_Handler
</UL>

<P><STRONG><a name="[58]"></a>GAP_LL_Event_Handler_ISR</STRONG> (Thumb, 160 bytes, Stack size 24 bytes, gap.o(i.GAP_LL_Event_Handler_ISR))
<BR><BR>[Stack]<UL><LI>Max Depth = 128<LI>Call Chain = GAP_LL_Event_Handler_ISR &rArr; GAP_Parse_Advertising_Report &rArr; aci_LL_ADVERTISING_REPORT_Event_ISR &rArr; Osal_MemCpy &rArr; memcpy &rArr; __aeabi_memcpy
</UL>
<BR>[Calls]<UL><LI><a href="#[d6]">&gt;&gt;</a>&nbsp;&nbsp;&nbsp;aci_gap_proc_complete_event_isr
<LI><a href="#[d7]">&gt;&gt;</a>&nbsp;&nbsp;&nbsp;GAP_Parse_Advertising_Report
<LI><a href="#[d5]">&gt;&gt;</a>&nbsp;&nbsp;&nbsp;aci_LL_ADVERTISING_REPORT_Event_ISR
</UL>
<BR>[Called By]<UL><LI><a href="#[56]">&gt;&gt;</a>&nbsp;&nbsp;&nbsp;Acl_Event_Handler
</UL>

<P><STRONG><a name="[d8]"></a>GAP_LimDiscTimeoutcb</STRONG> (Thumb, 34 bytes, Stack size 8 bytes, gap.o(i.GAP_LimDiscTimeoutcb))
<BR><BR>[Stack]<UL><LI>Max Depth = 648<LI>Call Chain = GAP_LimDiscTimeoutcb &rArr; LL_Enable_Disable_Adv &rArr; schedule_advertise_slot &rArr; start_timebase &rArr; advance_wakeup_timer &rArr; cancel_slave &rArr; isr_event_handler_patched &rArr; Acl_Event_Handler &rArr; L2C_Rcv_Event_Handler_ISR &rArr; Gatt_Server_L2C_Handler &rArr; Send_Notif_Or_Ind &rArr; Handle_Val_Notify &rArr; Osal_MemCpy &rArr; memcpy &rArr; __aeabi_memcpy
</UL>
<BR>[Calls]<UL><LI><a href="#[da]">&gt;&gt;</a>&nbsp;&nbsp;&nbsp;aci_GAP_SET_LIMITED_DISCOVERABLE_Event
<LI><a href="#[d9]">&gt;&gt;</a>&nbsp;&nbsp;&nbsp;LL_Enable_Disable_Adv
</UL>
<BR>[Called By]<UL><LI><a href="#[1bb]">&gt;&gt;</a>&nbsp;&nbsp;&nbsp;TimerCallback
</UL>

<P><STRONG><a name="[db]"></a>GAP_Notify_Add_Charac</STRONG> (Thumb, 148 bytes, Stack size 32 bytes, rom_gap_rom.o(i.GAP_Notify_Add_Charac))
<BR><BR>[Stack]<UL><LI>Max Depth = 72<LI>Call Chain = GAP_Notify_Add_Charac &rArr; GATT_Num_Charac_Present &rArr; Search_Service_Handle
</UL>
<BR>[Calls]<UL><LI><a href="#[dc]">&gt;&gt;</a>&nbsp;&nbsp;&nbsp;GATT_Num_Charac_Present
<LI><a href="#[dd]">&gt;&gt;</a>&nbsp;&nbsp;&nbsp;SDB_Get_Number_Of_Records
</UL>
<BR>[Called By]<UL><LI><a href="#[d2]">&gt;&gt;</a>&nbsp;&nbsp;&nbsp;Gatt_Add_Characteristic
</UL>

<P><STRONG><a name="[d7]"></a>GAP_Parse_Advertising_Report</STRONG> (Thumb, 134 bytes, Stack size 32 bytes, gap.o(i.GAP_Parse_Advertising_Report))
<BR><BR>[Stack]<UL><LI>Max Depth = 104<LI>Call Chain = GAP_Parse_Advertising_Report &rArr; aci_LL_ADVERTISING_REPORT_Event_ISR &rArr; Osal_MemCpy &rArr; memcpy &rArr; __aeabi_memcpy
</UL>
<BR>[Calls]<UL><LI><a href="#[d5]">&gt;&gt;</a>&nbsp;&nbsp;&nbsp;aci_LL_ADVERTISING_REPORT_Event_ISR
</UL>
<BR>[Called By]<UL><LI><a href="#[58]">&gt;&gt;</a>&nbsp;&nbsp;&nbsp;GAP_LL_Event_Handler_ISR
</UL>

<P><STRONG><a name="[de]"></a>GAP_Privacy</STRONG> (Thumb, 138 bytes, Stack size 40 bytes, rom_gap.o(i.GAP_Privacy))
<BR><BR>[Stack]<UL><LI>Max Depth = 232<LI>Call Chain = GAP_Privacy &rArr; Generate_Resolvable_PrivateAddr &rArr; SM_Generate_IRK &rArr; Diversify &rArr; LL_Encrypt_Plain_Data &rArr; encrypt
</UL>
<BR>[Calls]<UL><LI><a href="#[52]">&gt;&gt;</a>&nbsp;&nbsp;&nbsp;Osal_MemCpy
<LI><a href="#[e0]">&gt;&gt;</a>&nbsp;&nbsp;&nbsp;Generate_Resolvable_PrivateAddr
<LI><a href="#[e2]">&gt;&gt;</a>&nbsp;&nbsp;&nbsp;Generate_Non_Resolvable_Private_Address
<LI><a href="#[e1]">&gt;&gt;</a>&nbsp;&nbsp;&nbsp;Timer_StartOneShot
<LI><a href="#[e3]">&gt;&gt;</a>&nbsp;&nbsp;&nbsp;LL_Set_Address
<LI><a href="#[df]">&gt;&gt;</a>&nbsp;&nbsp;&nbsp;LL_Get_Address
</UL>
<BR>[Called By]<UL><LI><a href="#[e4]">&gt;&gt;</a>&nbsp;&nbsp;&nbsp;GAP_PrivateAddrTimercb
</UL>

<P><STRONG><a name="[e4]"></a>GAP_PrivateAddrTimercb</STRONG> (Thumb, 110 bytes, Stack size 16 bytes, rom_gap.o(i.GAP_PrivateAddrTimercb))
<BR><BR>[Stack]<UL><LI>Max Depth = 656<LI>Call Chain = GAP_PrivateAddrTimercb &rArr; LL_Enable_Disable_Adv &rArr; schedule_advertise_slot &rArr; start_timebase &rArr; advance_wakeup_timer &rArr; cancel_slave &rArr; isr_event_handler_patched &rArr; Acl_Event_Handler &rArr; L2C_Rcv_Event_Handler_ISR &rArr; Gatt_Server_L2C_Handler &rArr; Send_Notif_Or_Ind &rArr; Handle_Val_Notify &rArr; Osal_MemCpy &rArr; memcpy &rArr; __aeabi_memcpy
</UL>
<BR>[Calls]<UL><LI><a href="#[de]">&gt;&gt;</a>&nbsp;&nbsp;&nbsp;GAP_Privacy
<LI><a href="#[cc]">&gt;&gt;</a>&nbsp;&nbsp;&nbsp;LL_Enable_Disable_Scan_patched
<LI><a href="#[d9]">&gt;&gt;</a>&nbsp;&nbsp;&nbsp;LL_Enable_Disable_Adv
</UL>
<BR>[Called By]<UL><LI><a href="#[1bb]">&gt;&gt;</a>&nbsp;&nbsp;&nbsp;TimerCallback
</UL>

<P><STRONG><a name="[78]"></a>GAP_Process_Q</STRONG> (Thumb, 110 bytes, Stack size 48 bytes, gap.o(i.GAP_Process_Q))
<BR><BR>[Stack]<UL><LI>Max Depth = 184<LI>Call Chain = GAP_Process_Q &rArr; Gatt_Read_Charac_By_Uuid &rArr; Att_Send_Read_By_Typ_Req_Pdu &rArr; Osal_MemCpy &rArr; memcpy &rArr; __aeabi_memcpy
</UL>
<BR>[Calls]<UL><LI><a href="#[da]">&gt;&gt;</a>&nbsp;&nbsp;&nbsp;aci_GAP_SET_LIMITED_DISCOVERABLE_Event
<LI><a href="#[e5]">&gt;&gt;</a>&nbsp;&nbsp;&nbsp;Timer_StopOneShot
<LI><a href="#[e6]">&gt;&gt;</a>&nbsp;&nbsp;&nbsp;Gatt_Read_Charac_By_Uuid
</UL>
<BR>[Called By]<UL><LI><a href="#[76]">&gt;&gt;</a>&nbsp;&nbsp;&nbsp;BTLE_StackTick
</UL>

<P><STRONG><a name="[90]"></a>GAP_Reset_Context</STRONG> (Thumb, 30 bytes, Stack size 8 bytes, gap.o(i.GAP_Reset_Context))
<BR><BR>[Stack]<UL><LI>Max Depth = 24<LI>Call Chain = GAP_Reset_Context &rArr; Osal_MemSet &rArr; memset
</UL>
<BR>[Calls]<UL><LI><a href="#[63]">&gt;&gt;</a>&nbsp;&nbsp;&nbsp;Osal_MemSet
</UL>
<BR>[Called By]<UL><LI><a href="#[88]">&gt;&gt;</a>&nbsp;&nbsp;&nbsp;BlueNRG_Stack_Initialize_RAM_and_Layers
</UL>

<P><STRONG><a name="[e7]"></a>GAP_Set_Discoverable_Mode</STRONG> (Thumb, 100 bytes, Stack size 80 bytes, gap.o(i.GAP_Set_Discoverable_Mode))
<BR><BR>[Stack]<UL><LI>Max Depth = 816<LI>Call Chain = GAP_Set_Discoverable_Mode &rArr; _gap_set_discoverable &rArr; LL_Enable_Disable_Adv &rArr; schedule_advertise_slot &rArr; start_timebase &rArr; advance_wakeup_timer &rArr; cancel_slave &rArr; isr_event_handler_patched &rArr; Acl_Event_Handler &rArr; L2C_Rcv_Event_Handler_ISR &rArr; Gatt_Server_L2C_Handler &rArr; Send_Notif_Or_Ind &rArr; Handle_Val_Notify &rArr; Osal_MemCpy &rArr; memcpy &rArr; __aeabi_memcpy
</UL>
<BR>[Calls]<UL><LI><a href="#[e8]">&gt;&gt;</a>&nbsp;&nbsp;&nbsp;_gap_set_discoverable
<LI><a href="#[e5]">&gt;&gt;</a>&nbsp;&nbsp;&nbsp;Timer_StopOneShot
</UL>
<BR>[Called By]<UL><LI><a href="#[159]">&gt;&gt;</a>&nbsp;&nbsp;&nbsp;aci_gap_set_discoverable
</UL>

<P><STRONG><a name="[10d]"></a>GAP_Started_Gatt_Proc</STRONG> (Thumb, 34 bytes, Stack size 0 bytes, gap.o(i.GAP_Started_Gatt_Proc))
<BR><BR>[Called By]<UL><LI><a href="#[100]">&gt;&gt;</a>&nbsp;&nbsp;&nbsp;Gatt_Super_Handler
</UL>

<P><STRONG><a name="[e9]"></a>GAP_Terminate_Link</STRONG> (Thumb, 8 bytes, Stack size 8 bytes, rom_gap_rom.o(i.GAP_Terminate_Link))
<BR><BR>[Stack]<UL><LI>Max Depth = 44<LI>Call Chain = GAP_Terminate_Link &rArr; LL_Disconnect_Link &rArr; get_connection_no
</UL>
<BR>[Calls]<UL><LI><a href="#[ea]">&gt;&gt;</a>&nbsp;&nbsp;&nbsp;LL_Disconnect_Link
</UL>
<BR>[Called By]<UL><LI><a href="#[1e3]">&gt;&gt;</a>&nbsp;&nbsp;&nbsp;aci_gap_terminate
</UL>

<P><STRONG><a name="[fa]"></a>GATT_Clear_Flag</STRONG> (Thumb, 8 bytes, Stack size 0 bytes, rom_att.o(i.GATT_Clear_Flag))
<BR><BR>[Called By]<UL><LI><a href="#[79]">&gt;&gt;</a>&nbsp;&nbsp;&nbsp;Gatt_Process_Q
<LI><a href="#[100]">&gt;&gt;</a>&nbsp;&nbsp;&nbsp;Gatt_Super_Handler
<LI><a href="#[165]">&gt;&gt;</a>&nbsp;&nbsp;&nbsp;Write_Cmd
<LI><a href="#[fd]">&gt;&gt;</a>&nbsp;&nbsp;&nbsp;Process_Peer_Server_Data
<LI><a href="#[106]">&gt;&gt;</a>&nbsp;&nbsp;&nbsp;Gatt_Server_L2C_Handler
</UL>

<P><STRONG><a name="[dc]"></a>GATT_Num_Charac_Present</STRONG> (Thumb, 58 bytes, Stack size 32 bytes, rom_gatt_server.o(i.GATT_Num_Charac_Present))
<BR><BR>[Stack]<UL><LI>Max Depth = 40<LI>Call Chain = GATT_Num_Charac_Present &rArr; Search_Service_Handle
</UL>
<BR>[Calls]<UL><LI><a href="#[eb]">&gt;&gt;</a>&nbsp;&nbsp;&nbsp;Get_GAP_Handle
<LI><a href="#[b2]">&gt;&gt;</a>&nbsp;&nbsp;&nbsp;Search_Service_Handle
</UL>
<BR>[Called By]<UL><LI><a href="#[db]">&gt;&gt;</a>&nbsp;&nbsp;&nbsp;GAP_Notify_Add_Charac
</UL>

<P><STRONG><a name="[ff]"></a>GATT_Set_Flag</STRONG> (Thumb, 8 bytes, Stack size 0 bytes, rom_att.o(i.GATT_Set_Flag))
<BR><BR>[Called By]<UL><LI><a href="#[79]">&gt;&gt;</a>&nbsp;&nbsp;&nbsp;Gatt_Process_Q
<LI><a href="#[100]">&gt;&gt;</a>&nbsp;&nbsp;&nbsp;Gatt_Super_Handler
<LI><a href="#[104]">&gt;&gt;</a>&nbsp;&nbsp;&nbsp;Gatt_Server_Init
<LI><a href="#[e6]">&gt;&gt;</a>&nbsp;&nbsp;&nbsp;Gatt_Read_Charac_By_Uuid
<LI><a href="#[164]">&gt;&gt;</a>&nbsp;&nbsp;&nbsp;Write_Resp
<LI><a href="#[165]">&gt;&gt;</a>&nbsp;&nbsp;&nbsp;Write_Cmd
<LI><a href="#[160]">&gt;&gt;</a>&nbsp;&nbsp;&nbsp;Read_Resp
<LI><a href="#[162]">&gt;&gt;</a>&nbsp;&nbsp;&nbsp;Read_Multi_Resp
<LI><a href="#[15f]">&gt;&gt;</a>&nbsp;&nbsp;&nbsp;Read_By_Type_Resp
<LI><a href="#[161]">&gt;&gt;</a>&nbsp;&nbsp;&nbsp;Read_Blob_Resp
<LI><a href="#[15d]">&gt;&gt;</a>&nbsp;&nbsp;&nbsp;Prepare_Write_Resp
<LI><a href="#[fd]">&gt;&gt;</a>&nbsp;&nbsp;&nbsp;Process_Peer_Server_Data
<LI><a href="#[fe]">&gt;&gt;</a>&nbsp;&nbsp;&nbsp;Process_Peer_Client_Data
<LI><a href="#[106]">&gt;&gt;</a>&nbsp;&nbsp;&nbsp;Gatt_Server_L2C_Handler
<LI><a href="#[f6]">&gt;&gt;</a>&nbsp;&nbsp;&nbsp;Gatt_Reset_To_Closed_State
</UL>

<P><STRONG><a name="[ec]"></a>GATT_TimeOut_Handler</STRONG> (Thumb, 26 bytes, Stack size 4 bytes, gatt_server.o(i.GATT_TimeOut_Handler))
<BR><BR>[Stack]<UL><LI>Max Depth = 12<LI>Call Chain = GATT_TimeOut_Handler &rArr; Find_Timed_Out_Connection
</UL>
<BR>[Calls]<UL><LI><a href="#[ed]">&gt;&gt;</a>&nbsp;&nbsp;&nbsp;Find_Timed_Out_Connection
</UL>
<BR>[Called By]<UL><LI><a href="#[1bb]">&gt;&gt;</a>&nbsp;&nbsp;&nbsp;TimerCallback
</UL>

<P><STRONG><a name="[b]"></a>GPIO_Handler</STRONG> (Thumb, 2 bytes, Stack size 0 bytes, bluenrg1_it.o(i.GPIO_Handler))
<BR>[Address Reference Count : 1]<UL><LI> system_bluenrg1.o(.intvec)
</UL>
<P><STRONG><a name="[ee]"></a>GPIO_Init</STRONG> (Thumb, 232 bytes, Stack size 16 bytes, bluenrg1_gpio.o(i.GPIO_Init))
<BR><BR>[Stack]<UL><LI>Max Depth = 152 + Unknown Stack Size
<LI>Call Chain = GPIO_Init &rArr; assert_failed &rArr; __2printf &rArr; _printf_char_file &rArr; _printf_char_common &rArr; __printf
</UL>
<BR>[Calls]<UL><LI><a href="#[a0]">&gt;&gt;</a>&nbsp;&nbsp;&nbsp;assert_failed
</UL>
<BR>[Called By]<UL><LI><a href="#[1a8]">&gt;&gt;</a>&nbsp;&nbsp;&nbsp;SdkEvalComUartInit
</UL>

<P><STRONG><a name="[193]"></a>GapIsPrivacySupported</STRONG> (Thumb, 10 bytes, Stack size 0 bytes, rom_gap.o(i.GapIsPrivacySupported))
<BR><BR>[Called By]<UL><LI><a href="#[7a]">&gt;&gt;</a>&nbsp;&nbsp;&nbsp;SM_Process_Q
</UL>

<P><STRONG><a name="[ef]"></a>Gatt_Add_Charac_Desc</STRONG> (Thumb, 340 bytes, Stack size 128 bytes, gatt_server.o(i.Gatt_Add_Charac_Desc))
<BR><BR>[Stack]<UL><LI>Max Depth = 336<LI>Call Chain = Gatt_Add_Charac_Desc &rArr; Ind_Service_Change_Charac &rArr; Gatt_Update_Charac_Value &rArr; Send_Notif_Or_Ind &rArr; Handle_Val_Notify &rArr; Osal_MemCpy &rArr; memcpy &rArr; __aeabi_memcpy
</UL>
<BR>[Calls]<UL><LI><a href="#[ba]">&gt;&gt;</a>&nbsp;&nbsp;&nbsp;List_Circular_Get_Size
<LI><a href="#[f1]">&gt;&gt;</a>&nbsp;&nbsp;&nbsp;__ARM_common_switch8
<LI><a href="#[53]">&gt;&gt;</a>&nbsp;&nbsp;&nbsp;Search_Handle
<LI><a href="#[b2]">&gt;&gt;</a>&nbsp;&nbsp;&nbsp;Search_Service_Handle
[...]
<LI><a href="#[19d]">&gt;&gt;</a>&nbsp;&nbsp;&nbsp;sm_ValidateMConfirm
<LI><a href="#[1a3]">&gt;&gt;</a>&nbsp;&nbsp;&nbsp;sm_Pairing_SRand_Handler
<LI><a href="#[19f]">&gt;&gt;</a>&nbsp;&nbsp;&nbsp;sm_Pairing_Response_Handler
<LI><a href="#[196]">&gt;&gt;</a>&nbsp;&nbsp;&nbsp;sm_Pairing_MConfirm_Sender
<LI><a href="#[19a]">&gt;&gt;</a>&nbsp;&nbsp;&nbsp;sm_PairingRequest_Handler
<LI><a href="#[19c]">&gt;&gt;</a>&nbsp;&nbsp;&nbsp;sm_PairingConfirm
<LI><a href="#[197]">&gt;&gt;</a>&nbsp;&nbsp;&nbsp;sm_Distribute_Keys
</UL>

<P><STRONG><a name="[210]"></a>sm_Master_Gen_Confirm_Val</STRONG> (Thumb, 376 bytes, Stack size 72 bytes, securitymgr.o(i.sm_Master_Gen_Confirm_Val))
<BR><BR>[Stack]<UL><LI>Max Depth = 184<LI>Call Chain = sm_Master_Gen_Confirm_Val &rArr; LL_Encrypt_Plain_Data &rArr; encrypt
</UL>
<BR>[Calls]<UL><LI><a href="#[63]">&gt;&gt;</a>&nbsp;&nbsp;&nbsp;Osal_MemSet
<LI><a href="#[52]">&gt;&gt;</a>&nbsp;&nbsp;&nbsp;Osal_MemCpy
<LI><a href="#[df]">&gt;&gt;</a>&nbsp;&nbsp;&nbsp;LL_Get_Address
<LI><a href="#[a2]">&gt;&gt;</a>&nbsp;&nbsp;&nbsp;LL_Encrypt_Plain_Data
<LI><a href="#[c4]">&gt;&gt;</a>&nbsp;&nbsp;&nbsp;STORE_LE_32
</UL>
<BR>[Called By]<UL><LI><a href="#[1a3]">&gt;&gt;</a>&nbsp;&nbsp;&nbsp;sm_Pairing_SRand_Handler
<LI><a href="#[196]">&gt;&gt;</a>&nbsp;&nbsp;&nbsp;sm_Pairing_MConfirm_Sender
</UL>

<P><STRONG><a name="[18c]"></a>sm_PairingCmplt</STRONG> (Thumb, 106 bytes, Stack size 32 bytes, securitymgr.o(i.sm_PairingCmplt))
<BR><BR>[Stack]<UL><LI>Max Depth = 1624 + Unknown Stack Size
<LI>Call Chain = sm_PairingCmplt &rArr; sm_Add_To_Database &rArr; SDB_Add_Record &rArr; SDB_Delete &rArr; Write_Client_Data &rArr; Flash_Write &rArr; FLASH_ProgramWord &rArr; assert_failed &rArr; __2printf &rArr; _printf_char_file &rArr; _printf_char_common &rArr; __printf
</UL>
<BR>[Calls]<UL><LI><a href="#[118]">&gt;&gt;</a>&nbsp;&nbsp;&nbsp;STORE_LE_16
<LI><a href="#[e5]">&gt;&gt;</a>&nbsp;&nbsp;&nbsp;Timer_StopOneShot
<LI><a href="#[18f]">&gt;&gt;</a>&nbsp;&nbsp;&nbsp;sm_Find_Remote_Device_Index
<LI><a href="#[20d]">&gt;&gt;</a>&nbsp;&nbsp;&nbsp;sm_Add_To_Database
<LI><a href="#[191]">&gt;&gt;</a>&nbsp;&nbsp;&nbsp;aci_GAP_PAIRING_CMPLT_Event_ISR
<LI><a href="#[195]">&gt;&gt;</a>&nbsp;&nbsp;&nbsp;aci_GAP_AUTHORIZATION_REQUEST_Event
</UL>
<BR>[Called By]<UL><LI><a href="#[7a]">&gt;&gt;</a>&nbsp;&nbsp;&nbsp;SM_Process_Q
<LI><a href="#[19e]">&gt;&gt;</a>&nbsp;&nbsp;&nbsp;sm_Receive_Keys
<LI><a href="#[132]">&gt;&gt;</a>&nbsp;&nbsp;&nbsp;SM_L2CAP_Handler
</UL>

<P><STRONG><a name="[19c]"></a>sm_PairingConfirm</STRONG> (Thumb, 128 bytes, Stack size 144 bytes, securitymgr.o(i.sm_PairingConfirm))
<BR><BR>[Stack]<UL><LI>Max Depth = 328<LI>Call Chain = sm_PairingConfirm &rArr; sm_Gen_Confirm_Val &rArr; LL_Encrypt_Plain_Data &rArr; encrypt
</UL>
<BR>[Calls]<UL><LI><a href="#[63]">&gt;&gt;</a>&nbsp;&nbsp;&nbsp;Osal_MemSet
<LI><a href="#[52]">&gt;&gt;</a>&nbsp;&nbsp;&nbsp;Osal_MemCpy
<LI><a href="#[122]">&gt;&gt;</a>&nbsp;&nbsp;&nbsp;HAL_Generate_Random_Bytes_To
<LI><a href="#[1a1]">&gt;&gt;</a>&nbsp;&nbsp;&nbsp;sm_Send_Data
<LI><a href="#[1a0]">&gt;&gt;</a>&nbsp;&nbsp;&nbsp;sm_Get_TX_Packet
<LI><a href="#[20f]">&gt;&gt;</a>&nbsp;&nbsp;&nbsp;sm_Gen_Confirm_Val
<LI><a href="#[43]">&gt;&gt;</a>&nbsp;&nbsp;&nbsp;__aeabi_memcpy4
</UL>
<BR>[Called By]<UL><LI><a href="#[7a]">&gt;&gt;</a>&nbsp;&nbsp;&nbsp;SM_Process_Q
</UL>

<P><STRONG><a name="[19a]"></a>sm_PairingRequest_Handler</STRONG> (Thumb, 456 bytes, Stack size 32 bytes, securitymgr.o(i.sm_PairingRequest_Handler))
<BR><BR>[Stack]<UL><LI>Max Depth = 1624 + Unknown Stack Size
<LI>Call Chain = sm_PairingRequest_Handler &rArr; sm_Add_To_Database &rArr; SDB_Add_Record &rArr; SDB_Delete &rArr; Write_Client_Data &rArr; Flash_Write &rArr; FLASH_ProgramWord &rArr; assert_failed &rArr; __2printf &rArr; _printf_char_file &rArr; _printf_char_common &rArr; __printf
</UL>
<BR>[Calls]<UL><LI><a href="#[118]">&gt;&gt;</a>&nbsp;&nbsp;&nbsp;STORE_LE_16
<LI><a href="#[1a1]">&gt;&gt;</a>&nbsp;&nbsp;&nbsp;sm_Send_Data
<LI><a href="#[211]">&gt;&gt;</a>&nbsp;&nbsp;&nbsp;sm_Select_STK_Method
<LI><a href="#[212]">&gt;&gt;</a>&nbsp;&nbsp;&nbsp;sm_Pairing_Failed
<LI><a href="#[1a0]">&gt;&gt;</a>&nbsp;&nbsp;&nbsp;sm_Get_TX_Packet
<LI><a href="#[20d]">&gt;&gt;</a>&nbsp;&nbsp;&nbsp;sm_Add_To_Database
<LI><a href="#[1ce]">&gt;&gt;</a>&nbsp;&nbsp;&nbsp;aci_GAP_PASS_KEY_REQUEST_Event
</UL>
<BR>[Called By]<UL><LI><a href="#[7a]">&gt;&gt;</a>&nbsp;&nbsp;&nbsp;SM_Process_Q
</UL>

<P><STRONG><a name="[212]"></a>sm_Pairing_Failed</STRONG> (Thumb, 102 bytes, Stack size 40 bytes, securitymgr.o(i.sm_Pairing_Failed))
<BR><BR>[Stack]<UL><LI>Max Depth = 144<LI>Call Chain = sm_Pairing_Failed &rArr; sm_RepeatedAttacks_Protection &rArr; Timer_StartOneShot &rArr; Timer_StartOneShot_sysTime32 &rArr; Osal_MemCpy &rArr; memcpy &rArr; __aeabi_memcpy
</UL>
<BR>[Calls]<UL><LI><a href="#[118]">&gt;&gt;</a>&nbsp;&nbsp;&nbsp;STORE_LE_16
<LI><a href="#[e5]">&gt;&gt;</a>&nbsp;&nbsp;&nbsp;Timer_StopOneShot
<LI><a href="#[213]">&gt;&gt;</a>&nbsp;&nbsp;&nbsp;sm_RepeatedAttacks_Protection
<LI><a href="#[18f]">&gt;&gt;</a>&nbsp;&nbsp;&nbsp;sm_Find_Remote_Device_Index
<LI><a href="#[188]">&gt;&gt;</a>&nbsp;&nbsp;&nbsp;aci_GAP_PAIRING_CMPLT_Event
<LI><a href="#[fb]">&gt;&gt;</a>&nbsp;&nbsp;&nbsp;L2C_Send_Data
</UL>
<BR>[Called By]<UL><LI><a href="#[19d]">&gt;&gt;</a>&nbsp;&nbsp;&nbsp;sm_ValidateMConfirm
<LI><a href="#[1a3]">&gt;&gt;</a>&nbsp;&nbsp;&nbsp;sm_Pairing_SRand_Handler
<LI><a href="#[19f]">&gt;&gt;</a>&nbsp;&nbsp;&nbsp;sm_Pairing_Response_Handler
<LI><a href="#[19a]">&gt;&gt;</a>&nbsp;&nbsp;&nbsp;sm_PairingRequest_Handler
</UL>

<P><STRONG><a name="[196]"></a>sm_Pairing_MConfirm_Sender</STRONG> (Thumb, 112 bytes, Stack size 144 bytes, securitymgr.o(i.sm_Pairing_MConfirm_Sender))
<BR><BR>[Stack]<UL><LI>Max Depth = 328<LI>Call Chain = sm_Pairing_MConfirm_Sender &rArr; sm_Master_Gen_Confirm_Val &rArr; LL_Encrypt_Plain_Data &rArr; encrypt
</UL>
<BR>[Calls]<UL><LI><a href="#[63]">&gt;&gt;</a>&nbsp;&nbsp;&nbsp;Osal_MemSet
<LI><a href="#[52]">&gt;&gt;</a>&nbsp;&nbsp;&nbsp;Osal_MemCpy
<LI><a href="#[122]">&gt;&gt;</a>&nbsp;&nbsp;&nbsp;HAL_Generate_Random_Bytes_To
<LI><a href="#[1a1]">&gt;&gt;</a>&nbsp;&nbsp;&nbsp;sm_Send_Data
<LI><a href="#[210]">&gt;&gt;</a>&nbsp;&nbsp;&nbsp;sm_Master_Gen_Confirm_Val
<LI><a href="#[1a0]">&gt;&gt;</a>&nbsp;&nbsp;&nbsp;sm_Get_TX_Packet
<LI><a href="#[43]">&gt;&gt;</a>&nbsp;&nbsp;&nbsp;__aeabi_memcpy4
</UL>
<BR>[Called By]<UL><LI><a href="#[7a]">&gt;&gt;</a>&nbsp;&nbsp;&nbsp;SM_Process_Q
<LI><a href="#[19f]">&gt;&gt;</a>&nbsp;&nbsp;&nbsp;sm_Pairing_Response_Handler
</UL>

<P><STRONG><a name="[19f]"></a>sm_Pairing_Response_Handler</STRONG> (Thumb, 256 bytes, Stack size 16 bytes, securitymgr.o(i.sm_Pairing_Response_Handler))
<BR><BR>[Stack]<UL><LI>Max Depth = 344<LI>Call Chain = sm_Pairing_Response_Handler &rArr; sm_Pairing_MConfirm_Sender &rArr; sm_Master_Gen_Confirm_Val &rArr; LL_Encrypt_Plain_Data &rArr; encrypt
</UL>
<BR>[Calls]<UL><LI><a href="#[118]">&gt;&gt;</a>&nbsp;&nbsp;&nbsp;STORE_LE_16
<LI><a href="#[211]">&gt;&gt;</a>&nbsp;&nbsp;&nbsp;sm_Select_STK_Method
<LI><a href="#[196]">&gt;&gt;</a>&nbsp;&nbsp;&nbsp;sm_Pairing_MConfirm_Sender
<LI><a href="#[212]">&gt;&gt;</a>&nbsp;&nbsp;&nbsp;sm_Pairing_Failed
<LI><a href="#[1a0]">&gt;&gt;</a>&nbsp;&nbsp;&nbsp;sm_Get_TX_Packet
<LI><a href="#[1ce]">&gt;&gt;</a>&nbsp;&nbsp;&nbsp;aci_GAP_PASS_KEY_REQUEST_Event
</UL>
<BR>[Called By]<UL><LI><a href="#[7a]">&gt;&gt;</a>&nbsp;&nbsp;&nbsp;SM_Process_Q
</UL>

<P><STRONG><a name="[1a3]"></a>sm_Pairing_SRand_Handler</STRONG> (Thumb, 270 bytes, Stack size 176 bytes, securitymgr.o(i.sm_Pairing_SRand_Handler))
<BR><BR>[Stack]<UL><LI>Max Depth = 360<LI>Call Chain = sm_Pairing_SRand_Handler &rArr; sm_Master_Gen_Confirm_Val &rArr; LL_Encrypt_Plain_Data &rArr; encrypt
</UL>
<BR>[Calls]<UL><LI><a href="#[63]">&gt;&gt;</a>&nbsp;&nbsp;&nbsp;Osal_MemSet
<LI><a href="#[52]">&gt;&gt;</a>&nbsp;&nbsp;&nbsp;Osal_MemCpy
<LI><a href="#[55]">&gt;&gt;</a>&nbsp;&nbsp;&nbsp;Osal_MemCmp
<LI><a href="#[156]">&gt;&gt;</a>&nbsp;&nbsp;&nbsp;LL_Start_Encryption
<LI><a href="#[189]">&gt;&gt;</a>&nbsp;&nbsp;&nbsp;SM_Generate_Key
<LI><a href="#[212]">&gt;&gt;</a>&nbsp;&nbsp;&nbsp;sm_Pairing_Failed
<LI><a href="#[210]">&gt;&gt;</a>&nbsp;&nbsp;&nbsp;sm_Master_Gen_Confirm_Val
<LI><a href="#[1a0]">&gt;&gt;</a>&nbsp;&nbsp;&nbsp;sm_Get_TX_Packet
<LI><a href="#[c4]">&gt;&gt;</a>&nbsp;&nbsp;&nbsp;STORE_LE_32
<LI><a href="#[43]">&gt;&gt;</a>&nbsp;&nbsp;&nbsp;__aeabi_memcpy4
</UL>
<BR>[Called By]<UL><LI><a href="#[7a]">&gt;&gt;</a>&nbsp;&nbsp;&nbsp;SM_Process_Q
</UL>

<P><STRONG><a name="[1a2]"></a>sm_Parse_Pairing_Failed</STRONG> (Thumb, 70 bytes, Stack size 32 bytes, securitymgr.o(i.sm_Parse_Pairing_Failed))
<BR><BR>[Stack]<UL><LI>Max Depth = 136<LI>Call Chain = sm_Parse_Pairing_Failed &rArr; sm_RepeatedAttacks_Protection &rArr; Timer_StartOneShot &rArr; Timer_StartOneShot_sysTime32 &rArr; Osal_MemCpy &rArr; memcpy &rArr; __aeabi_memcpy
</UL>
<BR>[Calls]<UL><LI><a href="#[118]">&gt;&gt;</a>&nbsp;&nbsp;&nbsp;STORE_LE_16
<LI><a href="#[e5]">&gt;&gt;</a>&nbsp;&nbsp;&nbsp;Timer_StopOneShot
<LI><a href="#[213]">&gt;&gt;</a>&nbsp;&nbsp;&nbsp;sm_RepeatedAttacks_Protection
<LI><a href="#[18f]">&gt;&gt;</a>&nbsp;&nbsp;&nbsp;sm_Find_Remote_Device_Index
<LI><a href="#[188]">&gt;&gt;</a>&nbsp;&nbsp;&nbsp;aci_GAP_PAIRING_CMPLT_Event
</UL>
<BR>[Called By]<UL><LI><a href="#[7a]">&gt;&gt;</a>&nbsp;&nbsp;&nbsp;SM_Process_Q
</UL>

<P><STRONG><a name="[19e]"></a>sm_Receive_Keys</STRONG> (Thumb, 220 bytes, Stack size 24 bytes, securitymgr.o(i.sm_Receive_Keys))
<BR><BR>[Stack]<UL><LI>Max Depth = 1648 + Unknown Stack Size
<LI>Call Chain = sm_Receive_Keys &rArr; sm_PairingCmplt &rArr; sm_Add_To_Database &rArr; SDB_Add_Record &rArr; SDB_Delete &rArr; Write_Client_Data &rArr; Flash_Write &rArr; FLASH_ProgramWord &rArr; assert_failed &rArr; __2printf &rArr; _printf_char_file &rArr; _printf_char_common &rArr; __printf
</UL>
<BR>[Calls]<UL><LI><a href="#[52]">&gt;&gt;</a>&nbsp;&nbsp;&nbsp;Osal_MemCpy
<LI><a href="#[55]">&gt;&gt;</a>&nbsp;&nbsp;&nbsp;Osal_MemCmp
<LI><a href="#[f1]">&gt;&gt;</a>&nbsp;&nbsp;&nbsp;__ARM_common_switch8
<LI><a href="#[18c]">&gt;&gt;</a>&nbsp;&nbsp;&nbsp;sm_PairingCmplt
<LI><a href="#[190]">&gt;&gt;</a>&nbsp;&nbsp;&nbsp;sm_Change_State
</UL>
<BR>[Called By]<UL><LI><a href="#[7a]">&gt;&gt;</a>&nbsp;&nbsp;&nbsp;SM_Process_Q
</UL>

<P><STRONG><a name="[213]"></a>sm_RepeatedAttacks_Protection</STRONG> (Thumb, 222 bytes, Stack size 40 bytes, securitymgr.o(i.sm_RepeatedAttacks_Protection))
<BR><BR>[Stack]<UL><LI>Max Depth = 104<LI>Call Chain = sm_RepeatedAttacks_Protection &rArr; Timer_StartOneShot &rArr; Timer_StartOneShot_sysTime32 &rArr; Osal_MemCpy &rArr; memcpy &rArr; __aeabi_memcpy
</UL>
<BR>[Calls]<UL><LI><a href="#[52]">&gt;&gt;</a>&nbsp;&nbsp;&nbsp;Osal_MemCpy
<LI><a href="#[55]">&gt;&gt;</a>&nbsp;&nbsp;&nbsp;Osal_MemCmp
<LI><a href="#[e5]">&gt;&gt;</a>&nbsp;&nbsp;&nbsp;Timer_StopOneShot
<LI><a href="#[e1]">&gt;&gt;</a>&nbsp;&nbsp;&nbsp;Timer_StartOneShot
</UL>
<BR>[Called By]<UL><LI><a href="#[1a2]">&gt;&gt;</a>&nbsp;&nbsp;&nbsp;sm_Parse_Pairing_Failed
<LI><a href="#[212]">&gt;&gt;</a>&nbsp;&nbsp;&nbsp;sm_Pairing_Failed
</UL>

<P><STRONG><a name="[199]"></a>sm_Reset_Timer</STRONG> (Thumb, 26 bytes, Stack size 24 bytes, securitymgr.o(i.sm_Reset_Timer))
<BR><BR>[Stack]<UL><LI>Max Depth = 88<LI>Call Chain = sm_Reset_Timer &rArr; Timer_StartOneShot &rArr; Timer_StartOneShot_sysTime32 &rArr; Osal_MemCpy &rArr; memcpy &rArr; __aeabi_memcpy
</UL>
<BR>[Calls]<UL><LI><a href="#[e5]">&gt;&gt;</a>&nbsp;&nbsp;&nbsp;Timer_StopOneShot
<LI><a href="#[e1]">&gt;&gt;</a>&nbsp;&nbsp;&nbsp;Timer_StartOneShot
</UL>
<BR>[Called By]<UL><LI><a href="#[7a]">&gt;&gt;</a>&nbsp;&nbsp;&nbsp;SM_Process_Q
<LI><a href="#[1a5]">&gt;&gt;</a>&nbsp;&nbsp;&nbsp;SM_Send_Pairing_Request
<LI><a href="#[1a1]">&gt;&gt;</a>&nbsp;&nbsp;&nbsp;sm_Send_Data
</UL>

<P><STRONG><a name="[18e]"></a>sm_Search_BlackList</STRONG> (Thumb, 62 bytes, Stack size 16 bytes, securitymgr.o(i.sm_Search_BlackList))
<BR><BR>[Stack]<UL><LI>Max Depth = 32<LI>Call Chain = sm_Search_BlackList &rArr; Osal_MemCmp &rArr; memcmp
</UL>
<BR>[Calls]<UL><LI><a href="#[55]">&gt;&gt;</a>&nbsp;&nbsp;&nbsp;Osal_MemCmp
</UL>
<BR>[Called By]<UL><LI><a href="#[1a5]">&gt;&gt;</a>&nbsp;&nbsp;&nbsp;SM_Send_Pairing_Request
<LI><a href="#[134]">&gt;&gt;</a>&nbsp;&nbsp;&nbsp;SM_L2CAP_Handler_ISR
</UL>

<P><STRONG><a name="[19b]"></a>sm_SecurityRequest_Handler</STRONG> (Thumb, 88 bytes, Stack size 24 bytes, securitymgr.o(i.sm_SecurityRequest_Handler))
<BR><BR>[Stack]<UL><LI>Max Depth = 136<LI>Call Chain = sm_SecurityRequest_Handler &rArr; SM_Send_Pairing_Request &rArr; sm_Reset_Timer &rArr; Timer_StartOneShot &rArr; Timer_StartOneShot_sysTime32 &rArr; Osal_MemCpy &rArr; memcpy &rArr; __aeabi_memcpy
</UL>
<BR>[Calls]<UL><LI><a href="#[1a5]">&gt;&gt;</a>&nbsp;&nbsp;&nbsp;SM_Send_Pairing_Request
</UL>
<BR>[Called By]<UL><LI><a href="#[7a]">&gt;&gt;</a>&nbsp;&nbsp;&nbsp;SM_Process_Q
</UL>

<P><STRONG><a name="[211]"></a>sm_Select_STK_Method</STRONG> (Thumb, 86 bytes, Stack size 40 bytes, securitymgr.o(i.sm_Select_STK_Method))
<BR><BR>[Stack]<UL><LI>Max Depth = 40<LI>Call Chain = sm_Select_STK_Method
</UL>
<BR>[Calls]<UL><LI><a href="#[43]">&gt;&gt;</a>&nbsp;&nbsp;&nbsp;__aeabi_memcpy4
</UL>
<BR>[Called By]<UL><LI><a href="#[19f]">&gt;&gt;</a>&nbsp;&nbsp;&nbsp;sm_Pairing_Response_Handler
<LI><a href="#[19a]">&gt;&gt;</a>&nbsp;&nbsp;&nbsp;sm_PairingRequest_Handler
</UL>

<P><STRONG><a name="[1a1]"></a>sm_Send_Data</STRONG> (Thumb, 36 bytes, Stack size 16 bytes, securitymgr.o(i.sm_Send_Data))
<BR><BR>[Stack]<UL><LI>Max Depth = 104<LI>Call Chain = sm_Send_Data &rArr; sm_Reset_Timer &rArr; Timer_StartOneShot &rArr; Timer_StartOneShot_sysTime32 &rArr; Osal_MemCpy &rArr; memcpy &rArr; __aeabi_memcpy
</UL>
<BR>[Calls]<UL><LI><a href="#[199]">&gt;&gt;</a>&nbsp;&nbsp;&nbsp;sm_Reset_Timer
<LI><a href="#[18f]">&gt;&gt;</a>&nbsp;&nbsp;&nbsp;sm_Find_Remote_Device_Index
<LI><a href="#[fb]">&gt;&gt;</a>&nbsp;&nbsp;&nbsp;L2C_Send_Data
</UL>
<BR>[Called By]<UL><LI><a href="#[7a]">&gt;&gt;</a>&nbsp;&nbsp;&nbsp;SM_Process_Q
<LI><a href="#[19d]">&gt;&gt;</a>&nbsp;&nbsp;&nbsp;sm_ValidateMConfirm
<LI><a href="#[196]">&gt;&gt;</a>&nbsp;&nbsp;&nbsp;sm_Pairing_MConfirm_Sender
<LI><a href="#[19a]">&gt;&gt;</a>&nbsp;&nbsp;&nbsp;sm_PairingRequest_Handler
<LI><a href="#[19c]">&gt;&gt;</a>&nbsp;&nbsp;&nbsp;sm_PairingConfirm
<LI><a href="#[197]">&gt;&gt;</a>&nbsp;&nbsp;&nbsp;sm_Distribute_Keys
</UL>

<P><STRONG><a name="[19d]"></a>sm_ValidateMConfirm</STRONG> (Thumb, 238 bytes, Stack size 168 bytes, securitymgr.o(i.sm_ValidateMConfirm))
<BR><BR>[Stack]<UL><LI>Max Depth = 352<LI>Call Chain = sm_ValidateMConfirm &rArr; sm_Gen_Confirm_Val &rArr; LL_Encrypt_Plain_Data &rArr; encrypt
</UL>
<BR>[Calls]<UL><LI><a href="#[63]">&gt;&gt;</a>&nbsp;&nbsp;&nbsp;Osal_MemSet
<LI><a href="#[52]">&gt;&gt;</a>&nbsp;&nbsp;&nbsp;Osal_MemCpy
<LI><a href="#[55]">&gt;&gt;</a>&nbsp;&nbsp;&nbsp;Osal_MemCmp
<LI><a href="#[189]">&gt;&gt;</a>&nbsp;&nbsp;&nbsp;SM_Generate_Key
<LI><a href="#[1a1]">&gt;&gt;</a>&nbsp;&nbsp;&nbsp;sm_Send_Data
<LI><a href="#[212]">&gt;&gt;</a>&nbsp;&nbsp;&nbsp;sm_Pairing_Failed
<LI><a href="#[1a0]">&gt;&gt;</a>&nbsp;&nbsp;&nbsp;sm_Get_TX_Packet
<LI><a href="#[20f]">&gt;&gt;</a>&nbsp;&nbsp;&nbsp;sm_Gen_Confirm_Val
<LI><a href="#[c4]">&gt;&gt;</a>&nbsp;&nbsp;&nbsp;STORE_LE_32
<LI><a href="#[43]">&gt;&gt;</a>&nbsp;&nbsp;&nbsp;__aeabi_memcpy4
</UL>
<BR>[Called By]<UL><LI><a href="#[7a]">&gt;&gt;</a>&nbsp;&nbsp;&nbsp;SM_Process_Q
</UL>

<P><STRONG><a name="[151]"></a>unpack_4</STRONG> (Thumb, 20 bytes, Stack size 8 bytes, rom_ll_ll_routines.o(i.unpack_4))
<BR><BR>[Stack]<UL><LI>Max Depth = 8<LI>Call Chain = unpack_4
</UL>
<BR>[Calls]<UL><LI><a href="#[121]">&gt;&gt;</a>&nbsp;&nbsp;&nbsp;__aeabi_uread4
</UL>
<BR>[Called By]<UL><LI><a href="#[150]">&gt;&gt;</a>&nbsp;&nbsp;&nbsp;LL_Set_Adv_Params
</UL>

<P><STRONG><a name="[a1]"></a>Calculate_Hash</STRONG> (Thumb, 56 bytes, Stack size 48 bytes, rom_securitymgr.o(i.Calculate_Hash))
<BR><BR>[Stack]<UL><LI>Max Depth = 160<LI>Call Chain = Calculate_Hash &rArr; LL_Encrypt_Plain_Data &rArr; encrypt
</UL>
<BR>[Calls]<UL><LI><a href="#[63]">&gt;&gt;</a>&nbsp;&nbsp;&nbsp;Osal_MemSet
<LI><a href="#[52]">&gt;&gt;</a>&nbsp;&nbsp;&nbsp;Osal_MemCpy
<LI><a href="#[a2]">&gt;&gt;</a>&nbsp;&nbsp;&nbsp;LL_Encrypt_Plain_Data
</UL>
<BR>[Called By]<UL><LI><a href="#[e0]">&gt;&gt;</a>&nbsp;&nbsp;&nbsp;Generate_Resolvable_PrivateAddr
<LI><a href="#[180]">&gt;&gt;</a>&nbsp;&nbsp;&nbsp;Resolve_PrivateAddr
</UL>

<P><STRONG><a name="[11c]"></a>LeftShift</STRONG> (Thumb, 44 bytes, Stack size 12 bytes, rom_securitymgr.o(i.LeftShift))
<BR><BR>[Stack]<UL><LI>Max Depth = 12<LI>Call Chain = LeftShift
</UL>
<BR>[Called By]<UL><LI><a href="#[11b]">&gt;&gt;</a>&nbsp;&nbsp;&nbsp;Generate_SubKeys
</UL>

<P><STRONG><a name="[bb]"></a>aci_GATT_ATTRIBUTE_MODIFIED_Event</STRONG> (Thumb, 26 bytes, Stack size 16 bytes, att.o(i.aci_GATT_ATTRIBUTE_MODIFIED_Event))
<BR><BR>[Stack]<UL><LI>Max Depth = 176 + Unknown Stack Size
<LI>Call Chain = aci_GATT_ATTRIBUTE_MODIFIED_Event &rArr; aci_gatt_attribute_modified_event &rArr; Attribute_Modified_CB &rArr; __2printf &rArr; _printf_char_file &rArr; _printf_char_common &rArr; __printf
</UL>
<BR>[Calls]<UL><LI><a href="#[1d2]">&gt;&gt;</a>&nbsp;&nbsp;&nbsp;aci_gatt_attribute_modified_event
</UL>
<BR>[Called By]<UL><LI><a href="#[164]">&gt;&gt;</a>&nbsp;&nbsp;&nbsp;Write_Resp
<LI><a href="#[165]">&gt;&gt;</a>&nbsp;&nbsp;&nbsp;Write_Cmd
<LI><a href="#[b9]">&gt;&gt;</a>&nbsp;&nbsp;&nbsp;Exec_Write_Resp
</UL>

<P><STRONG><a name="[17d]"></a>aci_GATT_L2CAP_READ_MULTI_PERMIT_REQ_Event</STRONG> (Thumb, 34 bytes, Stack size 136 bytes, att.o(i.aci_GATT_L2CAP_READ_MULTI_PERMIT_REQ_Event))
<BR><BR>[Stack]<UL><LI>Max Depth = 176<LI>Call Chain = aci_GATT_L2CAP_READ_MULTI_PERMIT_REQ_Event &rArr; Osal_MemCpy &rArr; memcpy &rArr; __aeabi_memcpy
</UL>
<BR>[Calls]<UL><LI><a href="#[52]">&gt;&gt;</a>&nbsp;&nbsp;&nbsp;Osal_MemCpy
<LI><a href="#[1e0]">&gt;&gt;</a>&nbsp;&nbsp;&nbsp;aci_gatt_read_multi_permit_req_event
</UL>
<BR>[Called By]<UL><LI><a href="#[162]">&gt;&gt;</a>&nbsp;&nbsp;&nbsp;Read_Multi_Resp
<LI><a href="#[15f]">&gt;&gt;</a>&nbsp;&nbsp;&nbsp;Read_By_Type_Resp
</UL>

<P><STRONG><a name="[15e]"></a>aci_GATT_WRITE_PERMIT_REQ_Event</STRONG> (Thumb, 8 bytes, Stack size 8 bytes, att.o(i.aci_GATT_WRITE_PERMIT_REQ_Event))
<BR><BR>[Stack]<UL><LI>Max Depth = 8<LI>Call Chain = aci_GATT_WRITE_PERMIT_REQ_Event
</UL>
<BR>[Calls]<UL><LI><a href="#[1e1]">&gt;&gt;</a>&nbsp;&nbsp;&nbsp;aci_gatt_write_permit_req_event
</UL>
<BR>[Called By]<UL><LI><a href="#[164]">&gt;&gt;</a>&nbsp;&nbsp;&nbsp;Write_Resp
<LI><a href="#[165]">&gt;&gt;</a>&nbsp;&nbsp;&nbsp;Write_Cmd
<LI><a href="#[15d]">&gt;&gt;</a>&nbsp;&nbsp;&nbsp;Prepare_Write_Resp
</UL>

<P><STRONG><a name="[1b]"></a>_printf_input_char</STRONG> (Thumb, 10 bytes, Stack size 0 bytes, _printf_char_common.o(.text))
<BR>[Address Reference Count : 1]<UL><LI> _printf_char_common.o(.text)
</UL><P>
<H3>
Undefined Global Symbols
</H3>
<P><STRONG><a name="[4d]"></a>_call_atexit_fns</STRONG> (ARM, 0 bytes, Stack size 0 bytes, UNDEFINED)
<BR><BR>[Called By]<UL><LI><a href="#[30]">&gt;&gt;</a>&nbsp;&nbsp;&nbsp;exit
</UL>

<P><STRONG><a name="[4a]"></a>_printf_mbtowc</STRONG> (ARM, 0 bytes, Stack size 0 bytes, UNDEFINED)
<BR><BR>[Called By]<UL><LI><a href="#[49]">&gt;&gt;</a>&nbsp;&nbsp;&nbsp;_printf_cs_common
</UL>

<P><STRONG><a name="[3a]"></a>_printf_truncate_signed</STRONG> (ARM, 0 bytes, Stack size 0 bytes, UNDEFINED)
<BR><BR>[Called By]<UL><LI><a href="#[25]">&gt;&gt;</a>&nbsp;&nbsp;&nbsp;_printf_int_dec
</UL>

<P><STRONG><a name="[3b]"></a>_printf_truncate_unsigned</STRONG> (ARM, 0 bytes, Stack size 0 bytes, UNDEFINED)
<BR><BR>[Called By]<UL><LI><a href="#[27]">&gt;&gt;</a>&nbsp;&nbsp;&nbsp;_printf_int_hex
<LI><a href="#[25]">&gt;&gt;</a>&nbsp;&nbsp;&nbsp;_printf_int_dec
</UL>
<HR></body></html>
