<html>
<body>
<pre>
<h1>µVision Build Log</h1>
<h2>Tool Versions:</h2>
IDE-Version: ¦ÌVision V5.24.2.0
Copyright (C) 2017 ARM Ltd and ARM Germany GmbH. All rights reserved.
License Information: keil admin, keil, LIC=VGXG8-3CA5Y-KPJZY-I5TG7-FG89T-6973I
 
Tool Versions:
Toolchain:       MDK-ARM Plus  Version: 5.24.1
Toolchain Path:  D:\Keil\ARM\ARMCC\Bin
C Compiler:      Armcc.exe V5.06 update 5 (build 528)
Assembler:       Armasm.exe V5.06 update 5 (build 528)
Linker/Locator:  ArmLink.exe V5.06 update 5 (build 528)
Library Manager: ArmAr.exe V5.06 update 5 (build 528)
Hex Converter:   FromElf.exe V5.06 update 5 (build 528)
CPU DLL:         SARMCM3.DLL V5.24.1
Dialog DLL:      DARMCM1.DLL V1.18.0.0
Target DLL:      STLink\ST-LINKIII-KEIL_SWO.dll V3.0.1.0
Dialog DLL:      TARMCM1.DLL V1.13.0.0
 
<h2>Project:</h2>
F:\×´Ì¬¼à²âÆ÷¹Ì¼þ\BlueNRG-À¶ÑÀÍ¸´«Ð¡°å\BLE_Chat\MDK-ARM\BLE_Chat.uvprojx
Project File Date:  03/01/2022

<h2>Output:</h2>
*** Using Compiler 'V5.06 update 5 (build 528)', folder: 'D:\Keil\ARM\ARMCC\Bin'
Rebuild target 'Server'
compiling BlueNRG1_crmu.c...
compiling BlueNRG1_wdg.c...
compiling misc.c...
compiling BlueNRG1_flash.c...
compiling BlueNRG1_uart.c...
compiling BlueNRG1_gpio.c...
compiling BlueNRG1_rng.c...
compiling osal.c...
compiling system_bluenrg1.c...
compiling SDK_EVAL_Config.c...
compiling SDK_EVAL_Com.c...
compiling BLE_Chat_main.c...
compiling gatt_db.c...
compiling chat.c...
compiling para_center.c...
compiling para_unit.c...
assembling context_switch.s...
compiling BlueNRG1_it.c...
compiling comm.c...
compiling gp_timer.c...
compiling clock.c...
compiling sleep.c...
linking...
Program Size: Code=60720 RO-data=2604 RW-data=3996 ZI-data=10248  
FromELF: creating hex file...
".\Server\Objects\BLE_Chat_Server.axf" - 0 Error(s), 0 Warning(s).

<h2>Software Packages used:</h2>

Package Vendor: Keil
                http://www.keil.com/pack/Keil.STBlueNRG-1_DFP.1.2.0.pack
                Keil.STBlueNRG-1_DFP.1.2.0
                STMicroelectronics BlueNRG-1 Series Device Support

<h2>Collection of Component include folders:</h2>
  .\RTE\_Server

<h2>Collection of Component Files used:</h2>
Build Time Elapsed:  00:00:15
</pre>
</body>
</html>
