Component: ARM Compiler 5.06 update 5 (build 528) Tool: armlink [4d35e2]

==============================================================================

Section Cross References

    bluenrg1_uart.o(i.UART_BreakCmd) refers to ble_chat_main.o(i.assert_failed) for assert_failed
    bluenrg1_uart.o(i.UART_ClearFlag) refers to ble_chat_main.o(i.assert_failed) for assert_failed
    bluenrg1_uart.o(i.UART_ClearITPendingBit) refers to ble_chat_main.o(i.assert_failed) for assert_failed
    bluenrg1_uart.o(i.UART_Cmd) refers to ble_chat_main.o(i.assert_failed) for assert_failed
    bluenrg1_uart.o(i.UART_FifoInterruptLevelConfig) refers to ble_chat_main.o(i.assert_failed) for assert_failed
    bluenrg1_uart.o(i.UART_GetFlagStatus) refers to ble_chat_main.o(i.assert_failed) for assert_failed
    bluenrg1_uart.o(i.UART_GetITStatus) refers to ble_chat_main.o(i.assert_failed) for assert_failed
    bluenrg1_uart.o(i.UART_ITConfig) refers to ble_chat_main.o(i.assert_failed) for assert_failed
    bluenrg1_uart.o(i.UART_Init) refers to ble_chat_main.o(i.assert_failed) for assert_failed
    bluenrg1_uart.o(i.UART_Init) refers to aeabi_sdiv.o(.text) for __aeabi_uidivmod
    bluenrg1_uart.o(i.UART_SendData) refers to ble_chat_main.o(i.assert_failed) for assert_failed
    bluenrg1_uart.o(i.USART_DMACmd) refers to ble_chat_main.o(i.assert_failed) for assert_failed
    bluenrg1_crmu.o(i.CRMU_PeripheralClockCmd) refers to ble_chat_main.o(i.assert_failed) for assert_failed
    bluenrg1_gpio.o(i.GPIO_ClearITPendingBit) refers to ble_chat_main.o(i.assert_failed) for assert_failed
    bluenrg1_gpio.o(i.GPIO_EXTICmd) refers to ble_chat_main.o(i.assert_failed) for assert_failed
    bluenrg1_gpio.o(i.GPIO_EXTIConfig) refers to ble_chat_main.o(i.assert_failed) for assert_failed
    bluenrg1_gpio.o(i.GPIO_GetITPendingBit) refers to ble_chat_main.o(i.assert_failed) for assert_failed
    bluenrg1_gpio.o(i.GPIO_Init) refers to ble_chat_main.o(i.assert_failed) for assert_failed
    bluenrg1_gpio.o(i.GPIO_ReadBit) refers to ble_chat_main.o(i.assert_failed) for assert_failed
    bluenrg1_gpio.o(i.GPIO_ResetBits) refers to ble_chat_main.o(i.assert_failed) for assert_failed
    bluenrg1_gpio.o(i.GPIO_SetBits) refers to ble_chat_main.o(i.assert_failed) for assert_failed
    bluenrg1_gpio.o(i.GPIO_ToggleBits) refers to ble_chat_main.o(i.assert_failed) for assert_failed
    bluenrg1_gpio.o(i.GPIO_WriteBit) refers to ble_chat_main.o(i.assert_failed) for assert_failed
    misc.o(i.NVIC_Init) refers to ble_chat_main.o(i.assert_failed) for assert_failed
    bluenrg1_flash.o(i.FLASH_ClearFlag) refers to ble_chat_main.o(i.assert_failed) for assert_failed
    bluenrg1_flash.o(i.FLASH_EraseAllMainSectors) refers to bluenrg1_flash.o(i.FLASH_WaitBusy) for FLASH_WaitBusy
    bluenrg1_flash.o(i.FLASH_ErasePage) refers to ble_chat_main.o(i.assert_failed) for assert_failed
    bluenrg1_flash.o(i.FLASH_ErasePage) refers to bluenrg1_flash.o(i.FLASH_WaitBusy) for FLASH_WaitBusy
    bluenrg1_flash.o(i.FLASH_GetFlagStatus) refers to ble_chat_main.o(i.assert_failed) for assert_failed
    bluenrg1_flash.o(i.FLASH_ITConfig) refers to ble_chat_main.o(i.assert_failed) for assert_failed
    bluenrg1_flash.o(i.FLASH_ProgramWord) refers to ble_chat_main.o(i.assert_failed) for assert_failed
    bluenrg1_flash.o(i.FLASH_ProgramWord) refers to bluenrg1_flash.o(i.FLASH_WaitBusy) for FLASH_WaitBusy
    bluenrg1_flash.o(i.FLASH_ProgramWordBurst) refers to ble_chat_main.o(i.assert_failed) for assert_failed
    bluenrg1_flash.o(i.FLASH_ProgramWordBurst) refers to bluenrg1_flash.o(i.FLASH_WaitBusy) for FLASH_WaitBusy
    bluenrg1_flash.o(i.FLASH_SetWaitState) refers to ble_chat_main.o(i.assert_failed) for assert_failed
    bluenrg1_wdg.o(i.WDG_ITConfig) refers to ble_chat_main.o(i.assert_failed) for assert_failed
    bluenrg1_wdg.o(i.WDG_SetReload) refers to ble_chat_main.o(i.assert_failed) for assert_failed
    bluenrg1_wdg.o(i.WDG_WriteAccessCmd) refers to ble_chat_main.o(i.assert_failed) for assert_failed
    bluenrg1_rng.o(i.RNG_Cmd) refers to ble_chat_main.o(i.assert_failed) for assert_failed
    sdk_eval_config.o(i.SdkEvalGetVersion) refers to sdk_eval_config.o(.data) for .data
    sdk_eval_config.o(i.SdkEvalIdentification) refers to sdk_eval_config.o(.data) for .data
    sdk_eval_com.o(i.SdkEvalComIOConfig) refers to sdk_eval_com.o(i.SdkEvalComUartInit) for SdkEvalComUartInit
    sdk_eval_com.o(i.SdkEvalComIOConfig) refers to sdk_eval_com.o(i.SdkEvalComUartIrqConfig) for SdkEvalComUartIrqConfig
    sdk_eval_com.o(i.SdkEvalComIOConfig) refers to sdk_eval_com.o(.data) for .data
    sdk_eval_com.o(i.SdkEvalComIOReceiveData) refers to sdk_eval_com.o(.data) for .data
    sdk_eval_com.o(i.SdkEvalComIOSendData) refers to bluenrg1_uart.o(i.UART_GetFlagStatus) for UART_GetFlagStatus
    sdk_eval_com.o(i.SdkEvalComIOSendData) refers to bluenrg1_uart.o(i.UART_SendData) for UART_SendData
[...]
    0x100401a8   0x100401a8   0x00000000   Code   RO         3170    .ARM.Collect$$libinit$$0000001B  c_p.l(libinit2.o)
    0x100401a8   0x100401a8   0x00000000   Code   RO         3172    .ARM.Collect$$libinit$$0000001D  c_p.l(libinit2.o)
    0x100401a8   0x100401a8   0x00000000   Code   RO         3174    .ARM.Collect$$libinit$$0000001F  c_p.l(libinit2.o)
    0x100401a8   0x100401a8   0x00000000   Code   RO         3176    .ARM.Collect$$libinit$$00000021  c_p.l(libinit2.o)
    0x100401a8   0x100401a8   0x00000000   Code   RO         3178    .ARM.Collect$$libinit$$00000023  c_p.l(libinit2.o)
    0x100401a8   0x100401a8   0x00000000   Code   RO         3180    .ARM.Collect$$libinit$$00000025  c_p.l(libinit2.o)
    0x100401a8   0x100401a8   0x00000000   Code   RO         3184    .ARM.Collect$$libinit$$0000002C  c_p.l(libinit2.o)
    0x100401a8   0x100401a8   0x00000000   Code   RO         3186    .ARM.Collect$$libinit$$0000002E  c_p.l(libinit2.o)
    0x100401a8   0x100401a8   0x00000000   Code   RO         3188    .ARM.Collect$$libinit$$00000030  c_p.l(libinit2.o)
    0x100401a8   0x100401a8   0x00000000   Code   RO         3190    .ARM.Collect$$libinit$$00000032  c_p.l(libinit2.o)
    0x100401a8   0x100401a8   0x00000002   Code   RO         3191    .ARM.Collect$$libinit$$00000033  c_p.l(libinit2.o)
    0x100401aa   0x100401aa   0x00000002   Code   RO         3226    .ARM.Collect$$libshutdown$$00000000  c_p.l(libshutdown.o)
    0x100401ac   0x100401ac   0x00000000   Code   RO         3252    .ARM.Collect$$libshutdown$$00000002  c_p.l(libshutdown2.o)
    0x100401ac   0x100401ac   0x00000000   Code   RO         3254    .ARM.Collect$$libshutdown$$00000004  c_p.l(libshutdown2.o)
    0x100401ac   0x100401ac   0x00000000   Code   RO         3257    .ARM.Collect$$libshutdown$$00000007  c_p.l(libshutdown2.o)
    0x100401ac   0x100401ac   0x00000000   Code   RO         3260    .ARM.Collect$$libshutdown$$0000000A  c_p.l(libshutdown2.o)
    0x100401ac   0x100401ac   0x00000000   Code   RO         3262    .ARM.Collect$$libshutdown$$0000000C  c_p.l(libshutdown2.o)
    0x100401ac   0x100401ac   0x00000000   Code   RO         3265    .ARM.Collect$$libshutdown$$0000000F  c_p.l(libshutdown2.o)
    0x100401ac   0x100401ac   0x00000002   Code   RO         3266    .ARM.Collect$$libshutdown$$00000010  c_p.l(libshutdown2.o)
    0x100401ae   0x100401ae   0x00000000   Code   RO         3074    .ARM.Collect$$rtentry$$00000000  c_p.l(__rtentry.o)
    0x100401ae   0x100401ae   0x00000000   Code   RO         3089    .ARM.Collect$$rtentry$$00000002  c_p.l(__rtentry2.o)
    0x100401ae   0x100401ae   0x00000004   Code   RO         3103    .ARM.Collect$$rtentry$$00000006  c_p.l(__rtentry6.o)
    0x100401b2   0x100401b2   0x00000000   Code   RO         3091    .ARM.Collect$$rtentry$$00000009  c_p.l(__rtentry2.o)
    0x100401b2   0x100401b2   0x00000004   Code   RO         3092    .ARM.Collect$$rtentry$$0000000A  c_p.l(__rtentry2.o)
    0x100401b6   0x100401b6   0x00000000   Code   RO         3094    .ARM.Collect$$rtentry$$0000000C  c_p.l(__rtentry2.o)
    0x100401b6   0x100401b6   0x00000008   Code   RO         3095    .ARM.Collect$$rtentry$$0000000D  c_p.l(__rtentry2.o)
    0x100401be   0x100401be   0x00000002   PAD
    0x100401c0   0x100401c0   0x00000004   Code   RO         3104    .ARM.Collect$$rtentry$$00002717  c_p.l(__rtentry6.o)
    0x100401c4   0x100401c4   0x00000002   Code   RO         3139    .ARM.Collect$$rtexit$$00000000  c_p.l(rtexit.o)
    0x100401c6   0x100401c6   0x00000000   Code   RO         3202    .ARM.Collect$$rtexit$$00000002  c_p.l(rtexit2.o)
    0x100401c6   0x100401c6   0x00000004   Code   RO         3203    .ARM.Collect$$rtexit$$00000003  c_p.l(rtexit2.o)
    0x100401ca   0x100401ca   0x00000006   Code   RO         3204    .ARM.Collect$$rtexit$$00000004  c_p.l(rtexit2.o)
    0x100401d0   0x100401d0   0x00000038   Code   RO         3058    .emb_text           c_p.l(rt_memcpy.o)
    0x10040208   0x10040208   0x0000001c   Code   RO         2998    .text               c_p.l(noretval__2printf.o)
    0x10040224   0x10040224   0x0000004e   Code   RO         3002    .text               c_p.l(_printf_pad.o)
    0x10040272   0x10040272   0x00000052   Code   RO         3004    .text               c_p.l(_printf_str.o)
    0x100402c4   0x100402c4   0x0000006c   Code   RO         3006    .text               c_p.l(_printf_dec.o)
    0x10040330   0x10040330   0x00000058   Code   RO         3011    .text               c_p.l(_printf_hex_int.o)
    0x10040388   0x10040388   0x00000138   Code   RO         3041    .text               c_p.l(__printf_flags_wp.o)
    0x100404c0   0x100404c0   0x0000005a   Code   RO         3054    .text               c_p.l(memcmp.o)
    0x1004051a   0x1004051a   0x0000000c   Code   RO         3056    .text               c_p.l(memcpy.o)
    0x10040526   0x10040526   0x00000082   Code   RO         3059    .text               c_p.l(rt_memcpy.o)
    0x100405a8   0x100405a8   0x0000001c   Code   RO         3062    .text               c_p.l(memset.o)
    0x100405c4   0x100405c4   0x00000040   Code   RO         3064    .text               c_p.l(rt_memclr.o)
    0x10040604   0x10040604   0x00000022   Code   RO         3066    .text               c_p.l(uread4.o)
    0x10040626   0x10040626   0x0000015a   Code   RO         3068    .text               c_p.l(aeabi_sdiv.o)
    0x10040780   0x10040780   0x000000b0   Code   RO         3079    .text               c_p.l(_printf_intcommon.o)
    0x10040830   0x10040830   0x0000002e   Code   RO         3081    .text               c_p.l(_printf_char.o)
    0x1004085e   0x1004085e   0x00000002   PAD
    0x10040860   0x10040860   0x00000028   Code   RO         3083    .text               c_p.l(_printf_char_file.o)
    0x10040888   0x10040888   0x00000028   Code   RO         3086    .text               c_p.l(rtudiv10.o)
    0x100408b0   0x100408b0   0x00000030   Code   RO         3110    .text               c_p.l(_printf_char_common.o)
    0x100408e0   0x100408e0   0x00000008   Code   RO         3112    .text               c_p.l(ferror.o)
    0x100408e8   0x100408e8   0x00000010   Code   RO         3121    .text               c_p.l(exit.o)
    0x100408f8   0x100408f8   0x0000000c   Code   RO         3196    .text               c_p.l(sys_exit.o)
    0x10040904   0x10040904   0x00000002   Code   RO         3198    .text               c_p.l(use_no_semi.o)
    0x10040906   0x10040906   0x00000000   Code   RO         3200    .text               c_p.l(indicate_semi.o)
    0x10040906   0x10040906   0x0000003a   Code   RO         3269    .text               c_p.l(__dczerorl.o)
    0x10040940   0x10040940   0x00000002   Code   RO          600    i.ADC_Handler       system_bluenrg1.o
    0x10040942   0x10040942   0x00000002   PAD
    0x10040944   0x10040944   0x0000001c   Code   RO          912    i.APP_Tick          chat.o
    0x10040960   0x10040960   0x000000a0   Code   RO         2948    i.Accu_Handles_Requiring_Auth  bluenrg1_stack_lib_0_9_keil.lib(rom_att.o)
    0x10040a00   0x10040a00   0x0000011a   Code   RO         2949    i.Accu_UuidTypes_Requiring_Auth  bluenrg1_stack_lib_0_9_keil.lib(rom_att.o)
    0x10040b1a   0x10040b1a   0x00000002   PAD
    0x10040b1c   0x10040b1c   0x000001d8   Code   RO         2130    i.Acl_Event_Handler  bluenrg1_stack_lib_0_9_keil.lib(acl.o)
    0x10040cf4   0x10040cf4   0x00000028   Code   RO         2131    i.Acl_Init          bluenrg1_stack_lib_0_9_keil.lib(acl.o)
    0x10040d1c   0x10040d1c   0x00000098   Code   RO         2132    i.Acl_Process_Q     bluenrg1_stack_lib_0_9_keil.lib(acl.o)
    0x10040db4   0x10040db4   0x00000010   Code   RO         2133    i.Acl_Rcv_Pkt_Handler  bluenrg1_stack_lib_0_9_keil.lib(acl.o)
    0x10040dc4   0x10040dc4   0x0000001c   Code   RO         2134    i.Acl_Transmit_Packet  bluenrg1_stack_lib_0_9_keil.lib(acl.o)
    0x10040de0   0x10040de0   0x00000010   Code   RO         2135    i.Acl_Tx_Cmpl_Pkt_Handler  bluenrg1_stack_lib_0_9_keil.lib(acl.o)
    0x10040df0   0x10040df0   0x0000014c   Code   RO         1037    i.Add_Chat_Service  gatt_db.o
    0x10040f3c   0x10040f3c   0x00000004   Code   RO         1418    i.App_SleepMode_Check  sleep.o
    0x10040f40   0x10040f40   0x0000005e   Code   RO         2953    i.Att_Send_Find_By_Typ_Val_Req_Pdu  bluenrg1_stack_lib_0_9_keil.lib(rom_att.o)
    0x10040f9e   0x10040f9e   0x0000003c   Code   RO         2954    i.Att_Send_Find_Info_Req_Pdu  bluenrg1_stack_lib_0_9_keil.lib(rom_att.o)
    0x10040fda   0x10040fda   0x00000036   Code   RO         2956    i.Att_Send_Read_Blob_Req_Pdu  bluenrg1_stack_lib_0_9_keil.lib(rom_att.o)
    0x10041010   0x10041010   0x0000006a   Code   RO         2957    i.Att_Send_Read_By_Grp_Typ_Req_Pdu  bluenrg1_stack_lib_0_9_keil.lib(rom_att.o)
    0x1004107a   0x1004107a   0x0000006a   Code   RO         2958    i.Att_Send_Read_By_Typ_Req_Pdu  bluenrg1_stack_lib_0_9_keil.lib(rom_att.o)
    0x100410e4   0x100410e4   0x0000004c   Code   RO         1038    i.Attribute_Modified_CB  gatt_db.o
    0x10041130   0x10041130   0x00000028   Code   RO         1467    i.BTLE_StackTick    bluenrg1_stack_lib_0_9_keil.lib(bluenrg_main_func.o)
    0x10041158   0x10041158   0x000005a0   Code   RO         1419    i.BlueNRG_InternalSleep  sleep.o
    0x100416f8   0x100416f8   0x0000009c   Code   RO         1420    i.BlueNRG_Sleep     sleep.o
    0x10041794   0x10041794   0x0000008c   Code   RO         1468    i.BlueNRG_Stack_Initialization  bluenrg1_stack_lib_0_9_keil.lib(bluenrg_main_func.o)
    0x10041820   0x10041820   0x00000044   Code   RO         1469    i.BlueNRG_Stack_Initialize_ConfigData  bluenrg1_stack_lib_0_9_keil.lib(bluenrg_main_func.o)
    0x10041864   0x10041864   0x00000068   Code   RO         1470    i.BlueNRG_Stack_Initialize_RAM_and_Layers  bluenrg1_stack_lib_0_9_keil.lib(bluenrg_main_func.o)
    0x100418cc   0x100418cc   0x00000070   Code   RO         1471    i.BlueNRG_Stack_Perform_Crystal_Check  bluenrg1_stack_lib_0_9_keil.lib(bluenrg_main_func.o)
    0x1004193c   0x1004193c   0x00000050   Code   RO         1472    i.BlueNRG_Stack_Perform_Deep_Sleep_Check  bluenrg1_stack_lib_0_9_keil.lib(bluenrg_main_func.o)
    0x1004198c   0x1004198c   0x00000008   Code   RO         1067    i.Blue_Handler      bluenrg1_it.o
    0x10041994   0x10041994   0x00000098   Code   RO         2313    i.Blue_Init_Global  bluenrg1_stack_lib_0_9_keil.lib(routines_support.o)
    0x10041a2c   0x10041a2c   0x00000018   Code   RO         2775    i.Blue_Set_Radio_Config_Data  bluenrg1_stack_lib_0_9_keil.lib(rom_ll_routines_support.o)
    0x10041a44   0x10041a44   0x000001f8   Code   RO          913    i.CHAT_DeviceInit   chat.o
    0x10041c3c   0x10041c3c   0x00000078   Code   RO          131    i.CRMU_PeripheralClockCmd  bluenrg1_crmu.o
    0x10041cb4   0x10041cb4   0x00000038   Code   RO         2865    i.Calculate_Hash    bluenrg1_stack_lib_0_9_keil.lib(rom_securitymgr.o)
    0x10041cec   0x10041cec   0x0000002a   Code   RO         2913    i.CheckSecForSignedWrite  bluenrg1_stack_lib_0_9_keil.lib(att.o)
    0x10041d16   0x10041d16   0x00000018   Code   RO         2642    i.Check_Encry_Key_Size  bluenrg1_stack_lib_0_9_keil.lib(rom_gatt_server.o)
    0x10041d2e   0x10041d2e   0x00000002   PAD
    0x10041d30   0x10041d30   0x00000048   Code   RO         1922    i.Check_Flags       bluenrg1_stack_lib_0_9_keil.lib(gatt_client.o)
    0x10041d78   0x10041d78   0x0000031c   Code   RO         2054    i.Check_For_Service_Change  bluenrg1_stack_lib_0_9_keil.lib(gatt_server.o)
    0x10042094   0x10042094   0x00000098   Code   RO         2964    i.Check_Permission  bluenrg1_stack_lib_0_9_keil.lib(rom_att.o)
    0x1004212c   0x1004212c   0x00000080   Code   RO         2643    i.Check_Serv_Chng_Charac_Ind_Not  bluenrg1_stack_lib_0_9_keil.lib(rom_gatt_server.o)
    0x100421ac   0x100421ac   0x0000002c   Code   RO         1326    i.Clock_Init        clock.o
    0x100421d8   0x100421d8   0x0000000c   Code   RO         1327    i.Clock_Time        clock.o
    0x100421e4   0x100421e4   0x00000002   Code   RO          604    i.DMA_Handler       system_bluenrg1.o
    0x100421e6   0x100421e6   0x0000000e   Code   RO         2901    i.Delay_With_NOP_Cycles  bluenrg1_stack_lib_0_9_keil.lib(utils.o)
    0x100421f4   0x100421f4   0x00000088   Code   RO          605    i.DeviceConfiguration  system_bluenrg1.o
    0x1004227c   0x1004227c   0x0000002e   Code   RO         2866    i.Diversify         bluenrg1_stack_lib_0_9_keil.lib(rom_securitymgr.o)
    0x100422aa   0x100422aa   0x00000002   PAD
    0x100422ac   0x100422ac   0x000000f4   Code   RO         2592    i.Dynamic_allocator  bluenrg1_stack_lib_0_9_keil.lib(mem_alloc.o)
    0x100423a0   0x100423a0   0x0000000e   Code   RO         2441    i.Erase_Sector      bluenrg1_stack_lib_0_9_keil.lib(sdb.o)
    0x100423ae   0x100423ae   0x0000006c   Code   RO         2965    i.Exchg_Mtu_Resp    bluenrg1_stack_lib_0_9_keil.lib(rom_att.o)
    0x1004241a   0x1004241a   0x00000002   PAD
    0x1004241c   0x1004241c   0x00000220   Code   RO         2914    i.Exec_Write_Resp   bluenrg1_stack_lib_0_9_keil.lib(att.o)
    0x1004263c   0x1004263c   0x00000068   Code   RO          293    i.FLASH_ErasePage   bluenrg1_flash.o
    0x100426a4   0x100426a4   0x0000007c   Code   RO          296    i.FLASH_ProgramWord  bluenrg1_flash.o
    0x10042720   0x10042720   0x00000094   Code   RO          297    i.FLASH_ProgramWordBurst  bluenrg1_flash.o
    0x100427b4   0x100427b4   0x00000010   Code   RO          299    i.FLASH_WaitBusy    bluenrg1_flash.o
    0x100427c4   0x100427c4   0x0000003c   Code   RO         2644    i.Fetch_Handle      bluenrg1_stack_lib_0_9_keil.lib(rom_gatt_server.o)
    0x10042800   0x10042800   0x00000044   Code   RO         2055    i.Find_Attr_Index   bluenrg1_stack_lib_0_9_keil.lib(gatt_server.o)
    0x10042844   0x10042844   0x00000294   Code   RO         2915    i.Find_By_Type_Val_Resp  bluenrg1_stack_lib_0_9_keil.lib(att.o)
    0x10042ad8   0x10042ad8   0x000000cc   Code   RO         2845    i.Find_Client_Data  bluenrg1_stack_lib_0_9_keil.lib(rom_sdb.o)
    0x10042ba4   0x10042ba4   0x0000003c   Code   RO         1923    i.Find_Gatt_Client  bluenrg1_stack_lib_0_9_keil.lib(gatt_client.o)
    0x10042be0   0x10042be0   0x000001f0   Code   RO         2966    i.Find_Info_Resp    bluenrg1_stack_lib_0_9_keil.lib(rom_att.o)
    0x10042dd0   0x10042dd0   0x00000028   Code   RO         2147    i.Find_L2cap_conn_index  bluenrg1_stack_lib_0_9_keil.lib(l2cap.o)
    0x10042df8   0x10042df8   0x00000028   Code   RO         2148    i.Find_L2cap_signalling_connection  bluenrg1_stack_lib_0_9_keil.lib(l2cap.o)
    0x10042e20   0x10042e20   0x0000003c   Code   RO         2056    i.Find_Timed_Out_Connection  bluenrg1_stack_lib_0_9_keil.lib(gatt_server.o)
    0x10042e5c   0x10042e5c   0x0000003a   Code   RO         2442    i.Flash_Read_Client_Data  bluenrg1_stack_lib_0_9_keil.lib(sdb.o)
    0x10042e96   0x10042e96   0x00000002   PAD
    0x10042e98   0x10042e98   0x00000024   Code   RO         2443    i.Flash_Write       bluenrg1_stack_lib_0_9_keil.lib(sdb.o)
    0x10042ebc   0x10042ebc   0x0000003a   Code   RO         2444    i.Flash_Write_Client_Data  bluenrg1_stack_lib_0_9_keil.lib(sdb.o)
    0x10042ef6   0x10042ef6   0x00000002   PAD
    0x10042ef8   0x10042ef8   0x00000044   Code   RO         1857    i.GAP_DiscProcTimeoutcb  bluenrg1_stack_lib_0_9_keil.lib(gap.o)
    0x10042f3c   0x10042f3c   0x00000164   Code   RO         1858    i.GAP_Init          bluenrg1_stack_lib_0_9_keil.lib(gap.o)
    0x100430a0   0x100430a0   0x0000003c   Code   RO         1859    i.GAP_Internal_Evt_Handler  bluenrg1_stack_lib_0_9_keil.lib(gap.o)
    0x100430dc   0x100430dc   0x000000ac   Code   RO         1860    i.GAP_LL_Event_Handler_ISR  bluenrg1_stack_lib_0_9_keil.lib(gap.o)
    0x10043188   0x10043188   0x00000028   Code   RO         1861    i.GAP_LimDiscTimeoutcb  bluenrg1_stack_lib_0_9_keil.lib(gap.o)
    0x100431b0   0x100431b0   0x00000098   Code   RO         2622    i.GAP_Notify_Add_Charac  bluenrg1_stack_lib_0_9_keil.lib(rom_gap_rom.o)
    0x10043248   0x10043248   0x0000008c   Code   RO         1862    i.GAP_Parse_Advertising_Report  bluenrg1_stack_lib_0_9_keil.lib(gap.o)
    0x100432d4   0x100432d4   0x00000098   Code   RO         2602    i.GAP_Privacy       bluenrg1_stack_lib_0_9_keil.lib(rom_gap.o)
    0x1004336c   0x1004336c   0x00000074   Code   RO         2603    i.GAP_PrivateAddrTimercb  bluenrg1_stack_lib_0_9_keil.lib(rom_gap.o)
    0x100433e0   0x100433e0   0x0000007c   Code   RO         1863    i.GAP_Process_Q     bluenrg1_stack_lib_0_9_keil.lib(gap.o)
    0x1004345c   0x1004345c   0x00000028   Code   RO         1864    i.GAP_Reset_Context  bluenrg1_stack_lib_0_9_keil.lib(gap.o)
    0x10043484   0x10043484   0x00000068   Code   RO         1867    i.GAP_Set_Discoverable_Mode  bluenrg1_stack_lib_0_9_keil.lib(gap.o)
    0x100434ec   0x100434ec   0x0000002c   Code   RO         1879    i.GAP_Started_Gatt_Proc  bluenrg1_stack_lib_0_9_keil.lib(gap.o)
    0x10043518   0x10043518   0x00000008   Code   RO         2623    i.GAP_Terminate_Link  bluenrg1_stack_lib_0_9_keil.lib(rom_gap_rom.o)
    0x10043520   0x10043520   0x00000008   Code   RO         2967    i.GATT_Clear_Flag   bluenrg1_stack_lib_0_9_keil.lib(rom_att.o)
    0x10043528   0x10043528   0x0000003a   Code   RO         2645    i.GATT_Num_Charac_Present  bluenrg1_stack_lib_0_9_keil.lib(rom_gatt_server.o)
    0x10043562   0x10043562   0x00000002   PAD
    0x10043564   0x10043564   0x00000010   Code   RO         2057    i.GATT_Server_Set_Flag  bluenrg1_stack_lib_0_9_keil.lib(gatt_server.o)
    0x10043574   0x10043574   0x00000008   Code   RO         2968    i.GATT_Set_Flag     bluenrg1_stack_lib_0_9_keil.lib(rom_att.o)
    0x1004357c   0x1004357c   0x0000001a   Code   RO         2058    i.GATT_TimeOut_Handler  bluenrg1_stack_lib_0_9_keil.lib(gatt_server.o)
    0x10043596   0x10043596   0x00000002   Code   RO         1070    i.GPIO_Handler      bluenrg1_it.o
    0x10043598   0x10043598   0x00000124   Code   RO          170    i.GPIO_Init         bluenrg1_gpio.o
    0x100436bc   0x100436bc   0x00000010   Code   RO         2606    i.GapIsPrivacySupported  bluenrg1_stack_lib_0_9_keil.lib(rom_gap.o)
    0x100436cc   0x100436cc   0x00000158   Code   RO         2059    i.Gatt_Add_Charac_Desc  bluenrg1_stack_lib_0_9_keil.lib(gatt_server.o)
    0x10043824   0x10043824   0x00000348   Code   RO         2060    i.Gatt_Add_Characteristic  bluenrg1_stack_lib_0_9_keil.lib(gatt_server.o)
    0x10043b6c   0x10043b6c   0x0000012c   Code   RO         2061    i.Gatt_Add_Descriptor  bluenrg1_stack_lib_0_9_keil.lib(gatt_server.o)
    0x10043c98   0x10043c98   0x00000148   Code   RO         2062    i.Gatt_Add_Service  bluenrg1_stack_lib_0_9_keil.lib(gatt_server.o)
    0x10043de0   0x10043de0   0x00000034   Code   RO         2068    i.Gatt_Find_Timed_Out_Connection_Index  bluenrg1_stack_lib_0_9_keil.lib(gatt_server.o)
    0x10043e14   0x10043e14   0x00000048   Code   RO         2069    i.Gatt_Flush_Pending_AclPacket_Lists  bluenrg1_stack_lib_0_9_keil.lib(gatt_server.o)
    0x10043e5c   0x10043e5c   0x00000048   Code   RO         2070    i.Gatt_Flush_Pending_AttrPdu_Lists  bluenrg1_stack_lib_0_9_keil.lib(gatt_server.o)
    0x10043ea4   0x10043ea4   0x000001b4   Code   RO         2072    i.Gatt_Process_Q    bluenrg1_stack_lib_0_9_keil.lib(gatt_server.o)
    0x10044058   0x10044058   0x0000007c   Code   RO         1950    i.Gatt_Read_Charac_By_Uuid  bluenrg1_stack_lib_0_9_keil.lib(gatt_client.o)
    0x100440d4   0x100440d4   0x0000000a   Code   RO         1951    i.Gatt_Read_Charac_By_Uuid_Cb  bluenrg1_stack_lib_0_9_keil.lib(gatt_client.o)
    0x100440de   0x100440de   0x00000002   PAD
    0x100440e0   0x100440e0   0x000000dc   Code   RO         2074    i.Gatt_Reset_To_Closed_State  bluenrg1_stack_lib_0_9_keil.lib(gatt_server.o)
    0x100441bc   0x100441bc   0x00000038   Code   RO         2075    i.Gatt_Server_Db_Check  bluenrg1_stack_lib_0_9_keil.lib(gatt_server.o)
    0x100441f4   0x100441f4   0x00000208   Code   RO         2076    i.Gatt_Server_Init  bluenrg1_stack_lib_0_9_keil.lib(gatt_server.o)
    0x100443fc   0x100443fc   0x00000304   Code   RO         2077    i.Gatt_Server_L2C_Handler  bluenrg1_stack_lib_0_9_keil.lib(gatt_server.o)
    0x10044700   0x10044700   0x00000140   Code   RO         2079    i.Gatt_Store_Serv_Database  bluenrg1_stack_lib_0_9_keil.lib(gatt_server.o)
    0x10044840   0x10044840   0x00000478   Code   RO         1961    i.Gatt_Super_Handler  bluenrg1_stack_lib_0_9_keil.lib(gatt_client.o)
    0x10044cb8   0x10044cb8   0x00000288   Code   RO         2080    i.Gatt_Update_Charac_Value  bluenrg1_stack_lib_0_9_keil.lib(gatt_server.o)
    0x10044f40   0x10044f40   0x00000084   Code   RO         2607    i.Generate_Non_Resolvable_Private_Address  bluenrg1_stack_lib_0_9_keil.lib(rom_gap.o)
    0x10044fc4   0x10044fc4   0x0000004e   Code   RO         2867    i.Generate_Resolvable_PrivateAddr  bluenrg1_stack_lib_0_9_keil.lib(rom_securitymgr.o)
    0x10045012   0x10045012   0x00000080   Code   RO         2868    i.Generate_SubKeys  bluenrg1_stack_lib_0_9_keil.lib(rom_securitymgr.o)
    0x10045092   0x10045092   0x00000002   PAD
    0x10045094   0x10045094   0x0000000c   Code   RO         2626    i.Get_GAP_Handle    bluenrg1_stack_lib_0_9_keil.lib(rom_gap_rom.o)
    0x100450a0   0x100450a0   0x00000004   Code   RO         2445    i.Get_Max_SecDb_Size  bluenrg1_stack_lib_0_9_keil.lib(sdb.o)
    0x100450a4   0x100450a4   0x00000010   Code   RO         1489    i.Get_Random_Addr   bluenrg1_stack_lib_0_9_keil.lib(hci.o)
    0x100450b4   0x100450b4   0x00000010   Code   RO         2846    i.Get_SecRec_Len_In_Words  bluenrg1_stack_lib_0_9_keil.lib(rom_sdb.o)
    0x100450c4   0x100450c4   0x00000004   Code   RO         2446    i.Get_SecRecord_Size  bluenrg1_stack_lib_0_9_keil.lib(sdb.o)
    0x100450c8   0x100450c8   0x00000010   Code   RO         2627    i.Get_StaticRandAddr  bluenrg1_stack_lib_0_9_keil.lib(rom_gap_rom.o)
    0x100450d8   0x100450d8   0x00000050   Code   RO         1816    i.HAL_Flash_Store_Data  bluenrg1_stack_lib_0_9_keil.lib(hal.o)
    0x10045128   0x10045128   0x00000020   Code   RO         1817    i.HAL_Generate_Random_Bytes_To  bluenrg1_stack_lib_0_9_keil.lib(hal.o)
    0x10045148   0x10045148   0x00000040   Code   RO         1820    i.HAL_Set_TX_Power_Level  bluenrg1_stack_lib_0_9_keil.lib(hal.o)
    0x10045188   0x10045188   0x00000024   Code   RO         1775    i.HAL_VTimerAcc_sysT32_ms  bluenrg1_stack_lib_0_9_keil.lib(host_timer.o)
    0x100451ac   0x100451ac   0x00000012   Code   RO         1778    i.HAL_VTimerGetCurrentTime_sysT32  bluenrg1_stack_lib_0_9_keil.lib(host_timer.o)
    0x100451be   0x100451be   0x0000001a   Code   RO         1779    i.HAL_VTimerStart_ms  bluenrg1_stack_lib_0_9_keil.lib(host_timer.o)
    0x100451d8   0x100451d8   0x0000001a   Code   RO         1780    i.HAL_VTimerStart_sysT32  bluenrg1_stack_lib_0_9_keil.lib(host_timer.o)
    0x100451f2   0x100451f2   0x00000002   Code   RO         1781    i.HAL_VTimerTimeoutCallback  bluenrg1_stack_lib_0_9_keil.lib(host_timer.o)
    0x100451f4   0x100451f4   0x00000010   Code   RO         1782    i.HAL_VTimer_Stop   bluenrg1_stack_lib_0_9_keil.lib(host_timer.o)
    0x10045204   0x10045204   0x0000005c   Code   RO         1821    i.HAL_Write_ConfigData  bluenrg1_stack_lib_0_9_keil.lib(hal.o)
    0x10045260   0x10045260   0x0000003c   Code   RO         1490    i.HCI_Init          bluenrg1_stack_lib_0_9_keil.lib(hci.o)
    0x1004529c   0x1004529c   0x00000028   Code   RO         1822    i.Hal_Get_Random_Number  bluenrg1_stack_lib_0_9_keil.lib(hal.o)
    0x100452c4   0x100452c4   0x00000012   Code   RO         1823    i.Hal_Get_Random_Number32  bluenrg1_stack_lib_0_9_keil.lib(hal.o)
    0x100452d6   0x100452d6   0x00000002   PAD
    0x100452d8   0x100452d8   0x0000005c   Code   RO         2081    i.Handle_Val_Indicate  bluenrg1_stack_lib_0_9_keil.lib(gatt_server.o)
    0x10045334   0x10045334   0x0000005c   Code   RO         2082    i.Handle_Val_Notify  bluenrg1_stack_lib_0_9_keil.lib(gatt_server.o)
    0x10045390   0x10045390   0x00000002   Code   RO         1071    i.HardFault_Handler  bluenrg1_it.o
    0x10045392   0x10045392   0x00000002   PAD
    0x10045394   0x10045394   0x0000004c   Code   RO         1268    i.Hex2BcdAscii      comm.o
    0x100453e0   0x100453e0   0x00000002   Code   RO          608    i.I2C1_Handler      system_bluenrg1.o
    0x100453e2   0x100453e2   0x00000002   Code   RO          609    i.I2C2_Handler      system_bluenrg1.o
    0x100453e4   0x100453e4   0x000000f0   Code   RO         2585    i.IDD_Initialize_Device_IDs  bluenrg1_stack_lib_0_9_keil.lib(device_id_data.o)
    0x100454d4   0x100454d4   0x00000050   Code   RO         2083    i.Ind_Service_Change_Charac  bluenrg1_stack_lib_0_9_keil.lib(gatt_server.o)
    0x10045524   0x10045524   0x00000020   Code   RO         2847    i.InvaliDate_Record  bluenrg1_stack_lib_0_9_keil.lib(rom_sdb.o)
    0x10045544   0x10045544   0x0000002c   Code   RO         2149    i.L2CAP_Reset_To_Closed_State  bluenrg1_stack_lib_0_9_keil.lib(l2cap.o)
    0x10045570   0x10045570   0x00000068   Code   RO         2150    i.L2C_Build_Command_Reject_Pdu  bluenrg1_stack_lib_0_9_keil.lib(l2cap.o)
    0x100455d8   0x100455d8   0x00000044   Code   RO         2153    i.L2C_Init          bluenrg1_stack_lib_0_9_keil.lib(l2cap.o)
    0x1004561c   0x1004561c   0x00000044   Code   RO         2154    i.L2C_Rcv_Event_Handler  bluenrg1_stack_lib_0_9_keil.lib(l2cap.o)
    0x10045660   0x10045660   0x00000080   Code   RO         2155    i.L2C_Rcv_Event_Handler_ISR  bluenrg1_stack_lib_0_9_keil.lib(l2cap.o)
    0x100456e0   0x100456e0   0x00000044   Code   RO         2156    i.L2C_Send_Data     bluenrg1_stack_lib_0_9_keil.lib(l2cap.o)
    0x10045724   0x10045724   0x0000002c   Code   RO         2157    i.L2C_SigChan_Req_TimeOut_Handler  bluenrg1_stack_lib_0_9_keil.lib(l2cap.o)
    0x10045750   0x10045750   0x00000188   Code   RO         2158    i.L2C_Signal_Channel_Handler  bluenrg1_stack_lib_0_9_keil.lib(l2cap.o)
    0x100458d8   0x100458d8   0x00000058   Code   RO         2159    i.L2C_Signal_Channel_Handler_ISR  bluenrg1_stack_lib_0_9_keil.lib(l2cap.o)
    0x10045930   0x10045930   0x00000014   Code   RO         2902    i.LE_TO_NRG_32      bluenrg1_stack_lib_0_9_keil.lib(utils.o)
    0x10045944   0x10045944   0x00000084   Code   RO         2204    i.LL_Disconnect_Link  bluenrg1_stack_lib_0_9_keil.lib(ll_routines.o)
    0x100459c8   0x100459c8   0x00000164   Code   RO         2720    i.LL_Enable_Disable_Adv  bluenrg1_stack_lib_0_9_keil.lib(rom_ll_ll_routines.o)
    0x10045b2c   0x10045b2c   0x00000220   Code   RO         2234    i.LL_Enable_Disable_Scan_patched  bluenrg1_stack_lib_0_9_keil.lib(ll_routines_master.o)
    0x10045d4c   0x10045d4c   0x0000006c   Code   RO         2250    i.LL_Encrypt_Plain_Data  bluenrg1_stack_lib_0_9_keil.lib(ll_routines_support.o)
    0x10045db8   0x10045db8   0x00000028   Code   RO         2721    i.LL_Get_Address    bluenrg1_stack_lib_0_9_keil.lib(rom_ll_ll_routines.o)
    0x10045de0   0x10045de0   0x00000044   Code   RO         2723    i.LL_Get_Adv_Params  bluenrg1_stack_lib_0_9_keil.lib(rom_ll_ll_routines.o)
    0x10045e24   0x10045e24   0x00000018   Code   RO         2776    i.LL_Get_Adv_Tx_Power_Level  bluenrg1_stack_lib_0_9_keil.lib(rom_ll_routines_support.o)
    0x10045e3c   0x10045e3c   0x000000d0   Code   RO         2251    i.LL_Get_LTK        bluenrg1_stack_lib_0_9_keil.lib(ll_routines_support.o)
    0x10045f0c   0x10045f0c   0x00000140   Code   RO         2726    i.LL_Init           bluenrg1_stack_lib_0_9_keil.lib(rom_ll_ll_routines.o)
    0x1004604c   0x1004604c   0x00000028   Code   RO         2206    i.LL_Init_patch     bluenrg1_stack_lib_0_9_keil.lib(ll_routines.o)
    0x10046074   0x10046074   0x00000024   Code   RO         2727    i.LL_Rcv_ACL_Data   bluenrg1_stack_lib_0_9_keil.lib(rom_ll_ll_routines.o)
    0x10046098   0x10046098   0x00000044   Code   RO         2728    i.LL_Send_ACL_Data  bluenrg1_stack_lib_0_9_keil.lib(rom_ll_ll_routines.o)
    0x100460dc   0x100460dc   0x00000098   Code   RO         2729    i.LL_Set_Address    bluenrg1_stack_lib_0_9_keil.lib(rom_ll_ll_routines.o)
    0x10046174   0x10046174   0x00000064   Code   RO         2730    i.LL_Set_Adv_Data   bluenrg1_stack_lib_0_9_keil.lib(rom_ll_ll_routines.o)
    0x100461d8   0x100461d8   0x00000018   Code   RO         2208    i.LL_Set_Adv_Data_patch  bluenrg1_stack_lib_0_9_keil.lib(ll_routines.o)
    0x100461f0   0x100461f0   0x00000190   Code   RO         2731    i.LL_Set_Adv_Params  bluenrg1_stack_lib_0_9_keil.lib(rom_ll_ll_routines.o)
    0x10046380   0x10046380   0x000000b0   Code   RO         2209    i.LL_Set_Adv_Params_patch  bluenrg1_stack_lib_0_9_keil.lib(ll_routines.o)
    0x10046430   0x10046430   0x00000050   Code   RO         2732    i.LL_Set_Scan_Resp_Data  bluenrg1_stack_lib_0_9_keil.lib(rom_ll_ll_routines.o)
    0x10046480   0x10046480   0x00000018   Code   RO         2210    i.LL_Set_Scan_Resp_Data_patch  bluenrg1_stack_lib_0_9_keil.lib(ll_routines.o)
    0x10046498   0x10046498   0x00000054   Code   RO         2781    i.LL_Sleep_Req      bluenrg1_stack_lib_0_9_keil.lib(rom_ll_routines_support.o)
    0x100464ec   0x100464ec   0x000000d0   Code   RO         2762    i.LL_Start_Encryption  bluenrg1_stack_lib_0_9_keil.lib(rom_ll_ll_routines_master.o)
    0x100465bc   0x100465bc   0x00000024   Code   RO         2834    i.LL_White_List_Flush  bluenrg1_stack_lib_0_9_keil.lib(rom_ll_white_list.o)
    0x100465e0   0x100465e0   0x000000a8   Code   RO         2191    i.LL_receive_data_patch  bluenrg1_stack_lib_0_9_keil.lib(isr_routines.o)
    0x10046688   0x10046688   0x00000058   Code   RO         2701    i.LL_update_proc    bluenrg1_stack_lib_0_9_keil.lib(rom_ll_isr_routines.o)
    0x100466e0   0x100466e0   0x00000058   Code   RO         2192    i.LL_update_proc_patch  bluenrg1_stack_lib_0_9_keil.lib(isr_routines.o)
    0x10046738   0x10046738   0x0000002c   Code   RO         2869    i.LeftShift         bluenrg1_stack_lib_0_9_keil.lib(rom_securitymgr.o)
    0x10046764   0x10046764   0x00000012   Code   RO         1839    i.List_Circular_Get_Size  bluenrg1_stack_lib_0_9_keil.lib(rom_list.o)
    0x10046776   0x10046776   0x0000000e   Code   RO         1840    i.List_Circular_Insert_Head  bluenrg1_stack_lib_0_9_keil.lib(rom_list.o)
    0x10046784   0x10046784   0x0000000e   Code   RO         1841    i.List_Circular_Insert_Node  bluenrg1_stack_lib_0_9_keil.lib(rom_list.o)
    0x10046792   0x10046792   0x0000000e   Code   RO         1842    i.List_Circular_Insert_Tail  bluenrg1_stack_lib_0_9_keil.lib(rom_list.o)
    0x100467a0   0x100467a0   0x00000016   Code   RO         1843    i.List_Circular_Node_Present  bluenrg1_stack_lib_0_9_keil.lib(rom_list.o)
    0x100467b6   0x100467b6   0x0000001a   Code   RO         1844    i.List_Circular_Remove_Head  bluenrg1_stack_lib_0_9_keil.lib(rom_list.o)
    0x100467d0   0x100467d0   0x00000020   Code   RO         1845    i.List_Circular_Remove_Node  bluenrg1_stack_lib_0_9_keil.lib(rom_list.o)
    0x100467f0   0x100467f0   0x00000002   Code   RO          610    i.MFTX1A_Handler    system_bluenrg1.o
    0x100467f2   0x100467f2   0x00000002   Code   RO          611    i.MFTX1B_Handler    system_bluenrg1.o
    0x100467f4   0x100467f4   0x00000002   Code   RO          612    i.MFTX2A_Handler    system_bluenrg1.o
    0x100467f6   0x100467f6   0x00000002   Code   RO          613    i.MFTX2B_Handler    system_bluenrg1.o
    0x100467f8   0x100467f8   0x0000009c   Code   RO          914    i.Make_Connection   chat.o
    0x10046894   0x10046894   0x0000003a   Code   RO         2870    i.Mask_Unmask_DIV   bluenrg1_stack_lib_0_9_keil.lib(rom_securitymgr.o)
    0x100468ce   0x100468ce   0x00000024   Code   RO         2593    i.Mem_assign        bluenrg1_stack_lib_0_9_keil.lib(mem_alloc.o)
    0x100468f2   0x100468f2   0x00000002   Code   RO         1073    i.NMI_Handler       bluenrg1_it.o
    0x100468f4   0x100468f4   0x000000dc   Code   RO          259    i.NVIC_Init         misc.o
    0x100469d0   0x100469d0   0x00000044   Code   RO          615    i.NVIC_SetPriority  system_bluenrg1.o
    0x10046a14   0x10046a14   0x00000002   Code   RO          616    i.NVM_Handler       system_bluenrg1.o
    0x10046a16   0x10046a16   0x00000008   Code   RO          880    i.Osal_MemCmp       osal.o
    0x10046a1e   0x10046a1e   0x00000008   Code   RO          881    i.Osal_MemCpy       osal.o
    0x10046a26   0x10046a26   0x00000008   Code   RO          882    i.Osal_MemSet       osal.o
    0x10046a2e   0x10046a2e   0x00000002   Code   RO          617    i.PendSV_Handler    system_bluenrg1.o
    0x10046a30   0x10046a30   0x00000144   Code   RO         2916    i.Prepare_Write_Resp  bluenrg1_stack_lib_0_9_keil.lib(att.o)
    0x10046b74   0x10046b74   0x00000230   Code   RO         2084    i.Process_Peer_Client_Data  bluenrg1_stack_lib_0_9_keil.lib(gatt_server.o)
    0x10046da4   0x10046da4   0x00000178   Code   RO         2085    i.Process_Peer_Server_Data  bluenrg1_stack_lib_0_9_keil.lib(gatt_server.o)
    0x10046f1c   0x10046f1c   0x00000fac   Code   RO         1460    i.RAL_Isr           bluenrg1_stack_lib_0_9_keil.lib(ll_isr.o)
    0x10047ec8   0x10047ec8   0x00000020   Code   RO          618    i.RESET_HANDLER     system_bluenrg1.o
    0x10047ee8   0x10047ee8   0x0000000e   Code   RO          422    i.RNG_GetFlagStatus  bluenrg1_rng.o
    0x10047ef6   0x10047ef6   0x00000002   Code   RO          619    i.RTC_Handler       system_bluenrg1.o
    0x10047ef8   0x10047ef8   0x00000168   Code   RO         2917    i.Read_Blob_Resp    bluenrg1_stack_lib_0_9_keil.lib(att.o)
    0x10048060   0x10048060   0x00000374   Code   RO         2918    i.Read_By_Grp_Type_Resp  bluenrg1_stack_lib_0_9_keil.lib(att.o)
    0x100483d4   0x100483d4   0x00000328   Code   RO         2919    i.Read_By_Type_Resp  bluenrg1_stack_lib_0_9_keil.lib(att.o)
    0x100486fc   0x100486fc   0x000001c8   Code   RO         2920    i.Read_Multi_Resp   bluenrg1_stack_lib_0_9_keil.lib(att.o)
    0x100488c4   0x100488c4   0x00000010   Code   RO         2848    i.Read_RecordValidity  bluenrg1_stack_lib_0_9_keil.lib(rom_sdb.o)
    0x100488d4   0x100488d4   0x0000014c   Code   RO         2921    i.Read_Resp         bluenrg1_stack_lib_0_9_keil.lib(att.o)
    0x10048a20   0x10048a20   0x0000002c   Code   RO         2849    i.Read_SDBRecord    bluenrg1_stack_lib_0_9_keil.lib(rom_sdb.o)
    0x10048a4c   0x10048a4c   0x000000bc   Code   RO         2236    i.Reclassify_All_Channels  bluenrg1_stack_lib_0_9_keil.lib(ll_routines_master.o)
    0x10048b08   0x10048b08   0x00000022   Code   RO         2871    i.Resolve_PrivateAddr  bluenrg1_stack_lib_0_9_keil.lib(rom_securitymgr.o)
    0x10048b2a   0x10048b2a   0x00000002   PAD
    0x10048b2c   0x10048b2c   0x000001a4   Code   RO         2447    i.SDB_Add_Record    bluenrg1_stack_lib_0_9_keil.lib(sdb.o)
    0x10048cd0   0x10048cd0   0x00000002   Code   RO         2449    i.SDB_Create        bluenrg1_stack_lib_0_9_keil.lib(sdb.o)
    0x10048cd2   0x10048cd2   0x00000002   PAD
    0x10048cd4   0x10048cd4   0x00000194   Code   RO         2450    i.SDB_Delete        bluenrg1_stack_lib_0_9_keil.lib(sdb.o)
    0x10048e68   0x10048e68   0x000000a4   Code   RO         2850    i.SDB_Find_Matching_LTK  bluenrg1_stack_lib_0_9_keil.lib(rom_sdb.o)
    0x10048f0c   0x10048f0c   0x000000c4   Code   RO         2451    i.SDB_Find_Record   bluenrg1_stack_lib_0_9_keil.lib(sdb.o)
    0x10048fd0   0x10048fd0   0x00000018   Code   RO         2453    i.SDB_Get_GattDb_End_Addr  bluenrg1_stack_lib_0_9_keil.lib(sdb.o)
    0x10048fe8   0x10048fe8   0x00000010   Code   RO         2454    i.SDB_Get_GattDb_Start_Addr  bluenrg1_stack_lib_0_9_keil.lib(sdb.o)
    0x10048ff8   0x10048ff8   0x00000044   Code   RO         2851    i.SDB_Get_Number_Of_Records  bluenrg1_stack_lib_0_9_keil.lib(rom_sdb.o)
    0x1004903c   0x1004903c   0x0000000c   Code   RO         2455    i.SDB_Get_SecurityDb_Start_Addr  bluenrg1_stack_lib_0_9_keil.lib(sdb.o)
    0x10049048   0x10049048   0x0000003c   Code   RO         2481    i.SMTimercb         bluenrg1_stack_lib_0_9_keil.lib(securitymgr.o)
    0x10049084   0x10049084   0x0000001c   Code   RO         2874    i.SM_Check_Encryption_KeySize  bluenrg1_stack_lib_0_9_keil.lib(rom_securitymgr.o)
    0x100490a0   0x100490a0   0x00000044   Code   RO         2482    i.SM_Find_Remote_Device  bluenrg1_stack_lib_0_9_keil.lib(securitymgr.o)
    0x100490e4   0x100490e4   0x000000b2   Code   RO         2875    i.SM_Found_Dev_In_Db  bluenrg1_stack_lib_0_9_keil.lib(rom_securitymgr.o)
    0x10049196   0x10049196   0x00000002   PAD
    0x10049198   0x10049198   0x00000050   Code   RO         2876    i.SM_GenEDIV_RecovDIV  bluenrg1_stack_lib_0_9_keil.lib(rom_securitymgr.o)
    0x100491e8   0x100491e8   0x00000024   Code   RO         2877    i.SM_Generate_IRK   bluenrg1_stack_lib_0_9_keil.lib(rom_securitymgr.o)
    0x1004920c   0x1004920c   0x00000028   Code   RO         2878    i.SM_Generate_Key   bluenrg1_stack_lib_0_9_keil.lib(rom_securitymgr.o)
    0x10049234   0x10049234   0x0000002a   Code   RO         2879    i.SM_Get_Link_Security_Status  bluenrg1_stack_lib_0_9_keil.lib(rom_securitymgr.o)
    0x1004925e   0x1004925e   0x00000002   PAD
    0x10049260   0x10049260   0x00000088   Code   RO         2880    i.SM_Get_Long_Term_Key  bluenrg1_stack_lib_0_9_keil.lib(rom_securitymgr.o)
    0x100492e8   0x100492e8   0x000000ac   Code   RO         2484    i.SM_Init           bluenrg1_stack_lib_0_9_keil.lib(securitymgr.o)
    0x10049394   0x10049394   0x00000048   Code   RO         2486    i.SM_Is_Device_Bonded  bluenrg1_stack_lib_0_9_keil.lib(securitymgr.o)
    0x100493dc   0x100493dc   0x00000128   Code   RO         2487    i.SM_L2CAP_Handler  bluenrg1_stack_lib_0_9_keil.lib(securitymgr.o)
    0x10049504   0x10049504   0x000001fc   Code   RO         2488    i.SM_L2CAP_Handler_ISR  bluenrg1_stack_lib_0_9_keil.lib(securitymgr.o)
    0x10049700   0x10049700   0x000002f4   Code   RO         2491    i.SM_Process_Q      bluenrg1_stack_lib_0_9_keil.lib(securitymgr.o)
    0x100499f4   0x100499f4   0x00000068   Code   RO         2493    i.SM_Repeated_Attacks_Timer_cb  bluenrg1_stack_lib_0_9_keil.lib(securitymgr.o)
    0x10049a5c   0x10049a5c   0x000000f4   Code   RO         2494    i.SM_Send_Pairing_Request  bluenrg1_stack_lib_0_9_keil.lib(securitymgr.o)
    0x10049b50   0x10049b50   0x000000fa   Code   RO         2499    i.SM_Validate_SignedData  bluenrg1_stack_lib_0_9_keil.lib(securitymgr.o)
    0x10049c4a   0x10049c4a   0x00000002   Code   RO          620    i.SPI_Handler       system_bluenrg1.o
    0x10049c4c   0x10049c4c   0x00000008   Code   RO         2903    i.STORE_LE_16       bluenrg1_stack_lib_0_9_keil.lib(utils.o)
    0x10049c54   0x10049c54   0x00000010   Code   RO         2904    i.STORE_LE_32       bluenrg1_stack_lib_0_9_keil.lib(utils.o)
    0x10049c64   0x10049c64   0x00000002   Code   RO         1074    i.SVC_Handler       bluenrg1_it.o
    0x10049c66   0x10049c66   0x00000002   PAD
    0x10049c68   0x10049c68   0x0000001c   Code   RO          533    i.SdkEvalComIOConfig  sdk_eval_com.o
    0x10049c84   0x10049c84   0x00000010   Code   RO          534    i.SdkEvalComIOReceiveData  sdk_eval_com.o
    0x10049c94   0x10049c94   0x00000016   Code   RO          535    i.SdkEvalComIOSendData  sdk_eval_com.o
    0x10049caa   0x10049caa   0x00000030   Code   RO          536    i.SdkEvalComIOUartIrqHandler  sdk_eval_com.o
    0x10049cda   0x10049cda   0x00000002   PAD
    0x10049cdc   0x10049cdc   0x00000098   Code   RO          537    i.SdkEvalComUartInit  sdk_eval_com.o
    0x10049d74   0x10049d74   0x00000020   Code   RO          538    i.SdkEvalComUartIrqConfig  sdk_eval_com.o
    0x10049d94   0x10049d94   0x0000000c   Code   RO          450    i.SdkEvalGetVersion  sdk_eval_config.o
    0x10049da0   0x10049da0   0x0000000c   Code   RO          451    i.SdkEvalIdentification  sdk_eval_config.o
    0x10049dac   0x10049dac   0x0000001e   Code   RO         2649    i.Search_Handle     bluenrg1_stack_lib_0_9_keil.lib(rom_gatt_server.o)
    0x10049dca   0x10049dca   0x00000002   PAD
    0x10049dcc   0x10049dcc   0x00000024   Code   RO         2086    i.Search_Service_Handle  bluenrg1_stack_lib_0_9_keil.lib(gatt_server.o)
    0x10049df0   0x10049df0   0x00000026   Code   RO         2969    i.Send_Error_Resp   bluenrg1_stack_lib_0_9_keil.lib(rom_att.o)
    0x10049e16   0x10049e16   0x00000002   PAD
    0x10049e18   0x10049e18   0x0000006c   Code   RO         2087    i.Send_Notif_Or_Ind  bluenrg1_stack_lib_0_9_keil.lib(gatt_server.o)
    0x10049e84   0x10049e84   0x00000024   Code   RO         2650    i.Start_Gatt_Timer  bluenrg1_stack_lib_0_9_keil.lib(rom_gatt_server.o)
    0x10049ea8   0x10049ea8   0x0000001c   Code   RO         2651    i.Stop_Gatt_Timer   bluenrg1_stack_lib_0_9_keil.lib(rom_gatt_server.o)
    0x10049ec4   0x10049ec4   0x00000010   Code   RO         1329    i.SysCount_Handler  clock.o
    0x10049ed4   0x10049ed4   0x00000010   Code   RO         1075    i.SysTick_Handler   bluenrg1_it.o
    0x10049ee4   0x10049ee4   0x000000b0   Code   RO          623    i.SystemInit        system_bluenrg1.o
    0x10049f94   0x10049f94   0x00000018   Code   RO          260    i.SystemSleepCmd    misc.o
    0x10049fac   0x10049fac   0x0000007c   Code   RO         1783    i.TimerCallback     bluenrg1_stack_lib_0_9_keil.lib(host_timer.o)
    0x1004a028   0x1004a028   0x0000001c   Code   RO         1374    i.Timer_Expired     gp_timer.o
    0x1004a044   0x1004a044   0x00000010   Code   RO         1784    i.Timer_ExpiryCallback  bluenrg1_stack_lib_0_9_keil.lib(host_timer.o)
    0x1004a054   0x1004a054   0x00000038   Code   RO         1785    i.Timer_Init        bluenrg1_stack_lib_0_9_keil.lib(host_timer.o)
    0x1004a08c   0x1004a08c   0x00000120   Code   RO         1786    i.Timer_ProcessQ    bluenrg1_stack_lib_0_9_keil.lib(host_timer.o)
    0x1004a1ac   0x1004a1ac   0x0000000e   Code   RO         1378    i.Timer_Set         gp_timer.o
    0x1004a1ba   0x1004a1ba   0x00000022   Code   RO         1787    i.Timer_StartOneShot  bluenrg1_stack_lib_0_9_keil.lib(host_timer.o)
    0x1004a1dc   0x1004a1dc   0x0000006c   Code   RO         1788    i.Timer_StartOneShot_sysTime32  bluenrg1_stack_lib_0_9_keil.lib(host_timer.o)
    0x1004a248   0x1004a248   0x00000054   Code   RO         1789    i.Timer_StopOneShot  bluenrg1_stack_lib_0_9_keil.lib(host_timer.o)
    0x1004a29c   0x1004a29c   0x0000001c   Code   RO         1791    i.Timer_sysTime32_convMachineTime  bluenrg1_stack_lib_0_9_keil.lib(host_timer.o)
    0x1004a2b8   0x1004a2b8   0x00000064   Code   RO            8    i.UART_ClearITPendingBit  bluenrg1_uart.o
    0x1004a31c   0x1004a31c   0x00000068   Code   RO            9    i.UART_Cmd          bluenrg1_uart.o
    0x1004a384   0x1004a384   0x00000098   Code   RO           11    i.UART_GetFlagStatus  bluenrg1_uart.o
    0x1004a41c   0x1004a41c   0x00000068   Code   RO           12    i.UART_GetITStatus  bluenrg1_uart.o
    0x1004a484   0x1004a484   0x00000008   Code   RO         1076    i.UART_Handler      bluenrg1_it.o
    0x1004a48c   0x1004a48c   0x0000007c   Code   RO           13    i.UART_ITConfig     bluenrg1_uart.o
    0x1004a508   0x1004a508   0x000001cc   Code   RO           14    i.UART_Init         bluenrg1_uart.o
    0x1004a6d4   0x1004a6d4   0x0000000c   Code   RO           15    i.UART_ReceiveData  bluenrg1_uart.o
    0x1004a6e0   0x1004a6e0   0x00000060   Code   RO           16    i.UART_SendData     bluenrg1_uart.o
    0x1004a740   0x1004a740   0x00000050   Code   RO         2922    i.ValidLinkPermRequest  bluenrg1_stack_lib_0_9_keil.lib(att.o)
    0x1004a790   0x1004a790   0x0000002c   Code   RO          788    i.WDG_Configuration  ble_chat_main.o
    0x1004a7bc   0x1004a7bc   0x00000018   Code   RO          363    i.WDG_Enable        bluenrg1_wdg.o
    0x1004a7d4   0x1004a7d4   0x00000002   Code   RO         1078    i.WDG_Handler       bluenrg1_it.o
    0x1004a7d6   0x1004a7d6   0x00000002   PAD
    0x1004a7d8   0x1004a7d8   0x00000050   Code   RO          367    i.WDG_SetReload     bluenrg1_wdg.o
    0x1004a828   0x1004a828   0x0000000a   Code   RO         2810    i.WindowWiden1      bluenrg1_stack_lib_0_9_keil.lib(rom_ll_timehandling.o)
    0x1004a832   0x1004a832   0x00000010   Code   RO         2811    i.WindowWiden2      bluenrg1_stack_lib_0_9_keil.lib(rom_ll_timehandling.o)
    0x1004a842   0x1004a842   0x00000002   PAD
    0x1004a844   0x1004a844   0x000001b8   Code   RO         2456    i.Write_Client_Data  bluenrg1_stack_lib_0_9_keil.lib(sdb.o)
    0x1004a9fc   0x1004a9fc   0x00000164   Code   RO         2923    i.Write_Cmd         bluenrg1_stack_lib_0_9_keil.lib(att.o)
    0x1004ab60   0x1004ab60   0x0000017c   Code   RO         2924    i.Write_Resp        bluenrg1_stack_lib_0_9_keil.lib(att.o)
    0x1004acdc   0x1004acdc   0x00000064   Code   RO         2457    i.Write_SDBRecord   bluenrg1_stack_lib_0_9_keil.lib(sdb.o)
    0x1004ad40   0x1004ad40   0x0000016c   Code   RO         1473    i._BlueNRG_Stack_Initialization  bluenrg1_stack_lib_0_9_keil.lib(bluenrg_main_func.o)
    0x1004aeac   0x1004aeac   0x0000001a   Code   RO         1812    i.__ARM_common_switch8  bluenrg1_stack_lib_0_9_keil.lib(host_timer.o)
    0x1004aec6   0x1004aec6   0x00000002   PAD
    0x1004aec8   0x1004aec8   0x00000030   Code   RO          626    i.__low_level_init  system_bluenrg1.o
    0x1004aef8   0x1004aef8   0x0000004c   Code   RO         1582    i._aci_gap_set_discoverable_param_check  bluenrg1_stack_lib_0_9_keil.lib(bluenrg_gap_aci.o)
    0x1004af44   0x1004af44   0x000001c8   Code   RO         1882    i._gap_set_discoverable  bluenrg1_stack_lib_0_9_keil.lib(gap.o)
    0x1004b10c   0x1004b10c   0x0000000e   Code   RO         3039    i._is_digit         c_p.l(__printf_wp.o)
    0x1004b11a   0x1004b11a   0x00000026   Code   RO         1664    i._load_uuid        bluenrg1_stack_lib_0_9_keil.lib(bluenrg_gatt_aci.o)
    0x1004b140   0x1004b140   0x0000001c   Code   RO         2500    i.aci_GAP_AUTHORIZATION_REQUEST_Event  bluenrg1_stack_lib_0_9_keil.lib(securitymgr.o)
    0x1004b15c   0x1004b15c   0x00000020   Code   RO         2501    i.aci_GAP_PAIRING_CMPLT_Event  bluenrg1_stack_lib_0_9_keil.lib(securitymgr.o)
    0x1004b17c   0x1004b17c   0x00000020   Code   RO         2502    i.aci_GAP_PAIRING_CMPLT_Event_ISR  bluenrg1_stack_lib_0_9_keil.lib(securitymgr.o)
    0x1004b19c   0x1004b19c   0x0000001c   Code   RO         2503    i.aci_GAP_PASS_KEY_REQUEST_Event  bluenrg1_stack_lib_0_9_keil.lib(securitymgr.o)
    0x1004b1b8   0x1004b1b8   0x00000020   Code   RO         1883    i.aci_GAP_PROCEDURE_COMPLETE_Event  bluenrg1_stack_lib_0_9_keil.lib(gap.o)
    0x1004b1d8   0x1004b1d8   0x00000014   Code   RO         1884    i.aci_GAP_SET_LIMITED_DISCOVERABLE_Event  bluenrg1_stack_lib_0_9_keil.lib(gap.o)
    0x1004b1ec   0x1004b1ec   0x00000020   Code   RO         2925    i.aci_GATT_ATTRIBUTE_MODIFIED_Event  bluenrg1_stack_lib_0_9_keil.lib(att.o)
    0x1004b20c   0x1004b20c   0x00000020   Code   RO         1973    i.aci_GATT_ATT_READ_BY_TYPE_RESP_Event  bluenrg1_stack_lib_0_9_keil.lib(gatt_client.o)
    0x1004b22c   0x1004b22c   0x00000030   Code   RO         1975    i.aci_GATT_L2CAP_ATT_FIND_BY_TYPE_VAL_RESP_Event  bluenrg1_stack_lib_0_9_keil.lib(gatt_client.o)
    0x1004b25c   0x1004b25c   0x00000020   Code   RO         1976    i.aci_GATT_L2CAP_ATT_FIND_INFORMATION_RESP_Event  bluenrg1_stack_lib_0_9_keil.lib(gatt_client.o)
    0x1004b27c   0x1004b27c   0x00000014   Code   RO         1978    i.aci_GATT_L2CAP_ATT_READ_BLOB_RESP_Event  bluenrg1_stack_lib_0_9_keil.lib(gatt_client.o)
    0x1004b290   0x1004b290   0x00000020   Code   RO         1979    i.aci_GATT_L2CAP_ATT_READ_BY_GROUP_RESP_Event  bluenrg1_stack_lib_0_9_keil.lib(gatt_client.o)
    0x1004b2b0   0x1004b2b0   0x00000014   Code   RO         1980    i.aci_GATT_L2CAP_ATT_READ_MULTIPLE_RESP_Event  bluenrg1_stack_lib_0_9_keil.lib(gatt_client.o)
    0x1004b2c4   0x1004b2c4   0x00000014   Code   RO         1981    i.aci_GATT_L2CAP_ATT_READ_RESP_Event  bluenrg1_stack_lib_0_9_keil.lib(gatt_client.o)
    0x1004b2d8   0x1004b2d8   0x00000024   Code   RO         1982    i.aci_GATT_L2CAP_DISC_READ_CHARAC_BY_UUID_RESP_Event  bluenrg1_stack_lib_0_9_keil.lib(gatt_client.o)
    0x1004b2fc   0x1004b2fc   0x00000024   Code   RO         1983    i.aci_GATT_L2CAP_ERROR_RESP_Event  bluenrg1_stack_lib_0_9_keil.lib(gatt_client.o)
    0x1004b320   0x1004b320   0x00000018   Code   RO         1984    i.aci_GATT_L2CAP_PROCEDURE_COMPLETE_Event  bluenrg1_stack_lib_0_9_keil.lib(gatt_client.o)
    0x1004b338   0x1004b338   0x00000022   Code   RO         2926    i.aci_GATT_L2CAP_READ_MULTI_PERMIT_REQ_Event  bluenrg1_stack_lib_0_9_keil.lib(att.o)
    0x1004b35a   0x1004b35a   0x00000008   Code   RO         2927    i.aci_GATT_WRITE_PERMIT_REQ_Event  bluenrg1_stack_lib_0_9_keil.lib(att.o)
    0x1004b362   0x1004b362   0x00000002   PAD
    0x1004b364   0x1004b364   0x00000040   Code   RO         1885    i.aci_LL_ADVERTISING_REPORT_Event_ISR  bluenrg1_stack_lib_0_9_keil.lib(gap.o)
    0x1004b3a4   0x1004b3a4   0x00000002   Code   RO         2330    i.aci_att_find_by_type_value_resp_event  bluenrg1_stack_lib_0_9_keil.lib(aci_events.o)
    0x1004b3a6   0x1004b3a6   0x00000002   Code   RO         2331    i.aci_att_find_info_resp_event  bluenrg1_stack_lib_0_9_keil.lib(aci_events.o)
    0x1004b3a8   0x1004b3a8   0x00000002   Code   RO         2333    i.aci_att_read_blob_resp_event  bluenrg1_stack_lib_0_9_keil.lib(aci_events.o)
    0x1004b3aa   0x1004b3aa   0x00000002   Code   RO         2334    i.aci_att_read_by_group_type_resp_event  bluenrg1_stack_lib_0_9_keil.lib(aci_events.o)
    0x1004b3ac   0x1004b3ac   0x00000002   Code   RO         2335    i.aci_att_read_by_type_resp_event  bluenrg1_stack_lib_0_9_keil.lib(aci_events.o)
    0x1004b3ae   0x1004b3ae   0x00000002   Code   RO         2336    i.aci_att_read_multiple_resp_event  bluenrg1_stack_lib_0_9_keil.lib(aci_events.o)
    0x1004b3b0   0x1004b3b0   0x00000002   Code   RO         2337    i.aci_att_read_resp_event  bluenrg1_stack_lib_0_9_keil.lib(aci_events.o)
    0x1004b3b2   0x1004b3b2   0x00000002   Code   RO         2339    i.aci_gap_addr_not_resolved_event  bluenrg1_stack_lib_0_9_keil.lib(aci_events.o)
    0x1004b3b4   0x1004b3b4   0x00000002   Code   RO         2340    i.aci_gap_authorization_req_event  bluenrg1_stack_lib_0_9_keil.lib(aci_events.o)
    0x1004b3b6   0x1004b3b6   0x00000002   Code   RO         2341    i.aci_gap_bond_lost_event  bluenrg1_stack_lib_0_9_keil.lib(aci_events.o)
    0x1004b3b8   0x1004b3b8   0x00000002   Code   RO         2342    i.aci_gap_bond_lost_event_isr  bluenrg1_stack_lib_0_9_keil.lib(aci_events.o)
    0x1004b3ba   0x1004b3ba   0x0000002c   Code   RO         1592    i.aci_gap_init      bluenrg1_stack_lib_0_9_keil.lib(bluenrg_gap_aci.o)
    0x1004b3e6   0x1004b3e6   0x00000002   Code   RO         2344    i.aci_gap_limited_discoverable_event  bluenrg1_stack_lib_0_9_keil.lib(aci_events.o)
    0x1004b3e8   0x1004b3e8   0x00000002   Code   RO         2345    i.aci_gap_pairing_complete_event  bluenrg1_stack_lib_0_9_keil.lib(aci_events.o)
    0x1004b3ea   0x1004b3ea   0x00000002   Code   RO         2346    i.aci_gap_pairing_complete_event_isr  bluenrg1_stack_lib_0_9_keil.lib(aci_events.o)
    0x1004b3ec   0x1004b3ec   0x00000002   Code   RO         2347    i.aci_gap_pass_key_req_event  bluenrg1_stack_lib_0_9_keil.lib(aci_events.o)
    0x1004b3ee   0x1004b3ee   0x00000002   Code   RO         2348    i.aci_gap_proc_complete_event  bluenrg1_stack_lib_0_9_keil.lib(aci_events.o)
    0x1004b3f0   0x1004b3f0   0x00000002   Code   RO         2349    i.aci_gap_proc_complete_event_isr  bluenrg1_stack_lib_0_9_keil.lib(aci_events.o)
    0x1004b3f2   0x1004b3f2   0x0000003e   Code   RO         1601    i.aci_gap_set_discoverable  bluenrg1_stack_lib_0_9_keil.lib(bluenrg_gap_aci.o)
    0x1004b430   0x1004b430   0x00000002   Code   RO         2350    i.aci_gap_slave_security_initiated_event  bluenrg1_stack_lib_0_9_keil.lib(aci_events.o)
    0x1004b432   0x1004b432   0x0000000e   Code   RO         1617    i.aci_gap_terminate  bluenrg1_stack_lib_0_9_keil.lib(bluenrg_gap_aci.o)
    0x1004b440   0x1004b440   0x0000003e   Code   RO         1671    i.aci_gatt_add_char  bluenrg1_stack_lib_0_9_keil.lib(bluenrg_gatt_aci.o)
    0x1004b47e   0x1004b47e   0x00000036   Code   RO         1673    i.aci_gatt_add_service  bluenrg1_stack_lib_0_9_keil.lib(bluenrg_gatt_aci.o)
    0x1004b4b4   0x1004b4b4   0x0000000e   Code   RO          915    i.aci_gatt_attribute_modified_event  chat.o
    0x1004b4c2   0x1004b4c2   0x00000002   Code   RO         2352    i.aci_gatt_disc_read_char_by_uuid_resp_event  bluenrg1_stack_lib_0_9_keil.lib(aci_events.o)
    0x1004b4c4   0x1004b4c4   0x00000002   Code   RO         2353    i.aci_gatt_error_resp_event  bluenrg1_stack_lib_0_9_keil.lib(aci_events.o)
    0x1004b4c6   0x1004b4c6   0x00000002   Code   RO         2354    i.aci_gatt_indication_event  bluenrg1_stack_lib_0_9_keil.lib(aci_events.o)
    0x1004b4c8   0x1004b4c8   0x00000008   Code   RO         1687    i.aci_gatt_init     bluenrg1_stack_lib_0_9_keil.lib(bluenrg_gatt_aci.o)
    0x1004b4d0   0x1004b4d0   0x00000002   Code   RO         2355    i.aci_gatt_notification_event  bluenrg1_stack_lib_0_9_keil.lib(aci_events.o)
    0x1004b4d2   0x1004b4d2   0x00000002   Code   RO         2356    i.aci_gatt_proc_complete_event  bluenrg1_stack_lib_0_9_keil.lib(aci_events.o)
    0x1004b4d4   0x1004b4d4   0x00000002   Code   RO         2357    i.aci_gatt_proc_timeout_event  bluenrg1_stack_lib_0_9_keil.lib(aci_events.o)
    0x1004b4d6   0x1004b4d6   0x00000002   Code   RO         2358    i.aci_gatt_read_multi_permit_req_event  bluenrg1_stack_lib_0_9_keil.lib(aci_events.o)
    0x1004b4d8   0x1004b4d8   0x00000002   Code   RO          916    i.aci_gatt_read_permit_req_event  chat.o
    0x1004b4da   0x1004b4da   0x00000002   Code   RO         2360    i.aci_gatt_rx_confirm_event  bluenrg1_stack_lib_0_9_keil.lib(aci_events.o)
    0x1004b4dc   0x1004b4dc   0x00000010   Code   RO          917    i.aci_gatt_tx_pool_available_event  chat.o
    0x1004b4ec   0x1004b4ec   0x00000014   Code   RO         1700    i.aci_gatt_update_char_value  bluenrg1_stack_lib_0_9_keil.lib(bluenrg_gatt_aci.o)
    0x1004b500   0x1004b500   0x00000002   Code   RO         2362    i.aci_gatt_write_permit_req_event  bluenrg1_stack_lib_0_9_keil.lib(aci_events.o)
    0x1004b502   0x1004b502   0x00000008   Code   RO         1759    i.aci_hal_set_tx_power_level  bluenrg1_stack_lib_0_9_keil.lib(bluenrg_hal_aci.o)
    0x1004b50a   0x1004b50a   0x00000008   Code   RO         1762    i.aci_hal_write_config_data  bluenrg1_stack_lib_0_9_keil.lib(bluenrg_hal_aci.o)
    0x1004b512   0x1004b512   0x00000002   Code   RO         2363    i.aci_l2cap_command_reject_event  bluenrg1_stack_lib_0_9_keil.lib(aci_events.o)
    0x1004b514   0x1004b514   0x00000002   Code   RO         2364    i.aci_l2cap_connection_update_req_event  bluenrg1_stack_lib_0_9_keil.lib(aci_events.o)
    0x1004b516   0x1004b516   0x00000002   Code   RO         2365    i.aci_l2cap_connection_update_resp_event  bluenrg1_stack_lib_0_9_keil.lib(aci_events.o)
    0x1004b518   0x1004b518   0x00000002   Code   RO         2366    i.aci_l2cap_proc_timeout_event  bluenrg1_stack_lib_0_9_keil.lib(aci_events.o)
    0x1004b51a   0x1004b51a   0x00000002   Code   RO         2367    i.aci_ll_acl_data_ind_event_isr  bluenrg1_stack_lib_0_9_keil.lib(aci_events.o)
    0x1004b51c   0x1004b51c   0x00000002   Code   RO         2368    i.aci_ll_acl_tx_complete_event_isr  bluenrg1_stack_lib_0_9_keil.lib(aci_events.o)
    0x1004b51e   0x1004b51e   0x00000002   PAD
    0x1004b520   0x1004b520   0x00000014   Code   RO          918    i.active_disconnect  chat.o
    0x1004b534   0x1004b534   0x00000270   Code   RO         2261    i.adapt_slot        bluenrg1_stack_lib_0_9_keil.lib(multi_master_time.o)
    0x1004b7a4   0x1004b7a4   0x0000037c   Code   RO         2262    i.advance_slave_timing_MultiSlave  bluenrg1_stack_lib_0_9_keil.lib(multi_master_time.o)
    0x1004bb20   0x1004bb20   0x000000b4   Code   RO         2785    i.advance_transmit  bluenrg1_stack_lib_0_9_keil.lib(rom_ll_routines_support.o)
    0x1004bbd4   0x1004bbd4   0x0000038c   Code   RO         2178    i.advance_wakeup_timer  bluenrg1_stack_lib_0_9_keil.lib(advance_wakeup_time.o)
    0x1004bf60   0x1004bf60   0x00000044   Code   RO         2263    i.anchor_replace    bluenrg1_stack_lib_0_9_keil.lib(multi_master_time.o)
    0x1004bfa4   0x1004bfa4   0x00000024   Code   RO          789    i.assert_failed     ble_chat_main.o
    0x1004bfc8   0x1004bfc8   0x00000008   Code   RO         1239    i.ble_para_addr     para_unit.o
    0x1004bfd0   0x1004bfd0   0x000000a0   Code   RO          919    i.ble_send_data     chat.o
    0x1004c070   0x1004c070   0x00000030   Code   RO          920    i.ble_time          chat.o
    0x1004c0a0   0x1004c0a0   0x00000170   Code   RO         2264    i.cancel_current_master  bluenrg1_stack_lib_0_9_keil.lib(multi_master_time.o)
    0x1004c210   0x1004c210   0x00000108   Code   RO         2702    i.cancel_master     bluenrg1_stack_lib_0_9_keil.lib(rom_ll_isr_routines.o)
    0x1004c318   0x1004c318   0x00000090   Code   RO         2193    i.cancel_slave      bluenrg1_stack_lib_0_9_keil.lib(isr_routines.o)
    0x1004c3a8   0x1004c3a8   0x00000012   Code   RO         1824    i.char_copy         bluenrg1_stack_lib_0_9_keil.lib(hal.o)
    0x1004c3ba   0x1004c3ba   0x00000002   PAD
    0x1004c3bc   0x1004c3bc   0x0000003c   Code   RO         2835    i.check_white_list  bluenrg1_stack_lib_0_9_keil.lib(rom_ll_white_list.o)
    0x1004c3f8   0x1004c3f8   0x0000001c   Code   RO         1156    i.clear_para        para_center.o
    0x1004c414   0x1004c414   0x00000060   Code   RO         1269    i.comm_receive      comm.o
    0x1004c474   0x1004c474   0x00000050   Code   RO         1270    i.comm_service      comm.o
    0x1004c4c4   0x1004c4c4   0x00000020   Code   RO         1271    i.comm_time         comm.o
    0x1004c4e4   0x1004c4e4   0x00000024   Code   RO         2787    i.convert_power     bluenrg1_stack_lib_0_9_keil.lib(rom_ll_routines_support.o)
    0x1004c508   0x1004c508   0x00000080   Code   RO         1474    i.deepSleepTimers_check  bluenrg1_stack_lib_0_9_keil.lib(bluenrg_main_func.o)
    0x1004c588   0x1004c588   0x00000088   Code   RO         2788    i.encrypt           bluenrg1_stack_lib_0_9_keil.lib(rom_ll_routines_support.o)
    0x1004c610   0x1004c610   0x0000000c   Code   RO          539    i.fputc             sdk_eval_com.o
    0x1004c61c   0x1004c61c   0x0000002c   Code   RO         2703    i.get_adv_addr      bluenrg1_stack_lib_0_9_keil.lib(rom_ll_isr_routines.o)
    0x1004c648   0x1004c648   0x00000044   Code   RO         2265    i.get_advertiser    bluenrg1_stack_lib_0_9_keil.lib(multi_master_time.o)
    0x1004c68c   0x1004c68c   0x00000080   Code   RO         2266    i.get_connection_no  bluenrg1_stack_lib_0_9_keil.lib(multi_master_time.o)
    0x1004c70c   0x1004c70c   0x00000030   Code   RO         2267    i.get_next_free_slot  bluenrg1_stack_lib_0_9_keil.lib(multi_master_time.o)
    0x1004c73c   0x1004c73c   0x0000002e   Code   RO         2704    i.get_scan_addr     bluenrg1_stack_lib_0_9_keil.lib(rom_ll_isr_routines.o)
    0x1004c76a   0x1004c76a   0x00000002   PAD
    0x1004c76c   0x1004c76c   0x00000044   Code   RO         2268    i.get_scan_connection  bluenrg1_stack_lib_0_9_keil.lib(multi_master_time.o)
    0x1004c7b0   0x1004c7b0   0x00000018   Code   RO         1157    i.get_valid_stamp   para_center.o
    0x1004c7c8   0x1004c7c8   0x00000264   Code   RO         2705    i.go_to_connect     bluenrg1_stack_lib_0_9_keil.lib(rom_ll_isr_routines.o)
    0x1004ca2c   0x1004ca2c   0x0000018c   Code   RO         2194    i.go_to_connect_master  bluenrg1_stack_lib_0_9_keil.lib(isr_routines.o)
    0x1004cbb8   0x1004cbb8   0x00000048   Code   RO          921    i.hci_disconnection_complete_event_isr  chat.o
    0x1004cc00   0x1004cc00   0x00000002   Code   RO         2371    i.hci_encryption_change_event_isr  bluenrg1_stack_lib_0_9_keil.lib(aci_events.o)
    0x1004cc02   0x1004cc02   0x00000002   Code   RO         2372    i.hci_encryption_key_refresh_complete_event_isr  bluenrg1_stack_lib_0_9_keil.lib(aci_events.o)
    0x1004cc04   0x1004cc04   0x00000002   Code   RO         2374    i.hci_le_advertising_report_event_isr  bluenrg1_stack_lib_0_9_keil.lib(aci_events.o)
    0x1004cc06   0x1004cc06   0x00000002   PAD
    0x1004cc08   0x1004cc08   0x00000018   Code   RO          923    i.hci_le_connection_complete_event_isr  chat.o
    0x1004cc20   0x1004cc20   0x00000002   Code   RO         2377    i.hci_le_connection_update_complete_event_isr  bluenrg1_stack_lib_0_9_keil.lib(aci_events.o)
    0x1004cc22   0x1004cc22   0x00000002   Code   RO         2378    i.hci_le_long_term_key_request_event_isr  bluenrg1_stack_lib_0_9_keil.lib(aci_events.o)
    0x1004cc24   0x1004cc24   0x00000002   Code   RO         2379    i.hci_le_read_remote_used_features_complete_event_isr  bluenrg1_stack_lib_0_9_keil.lib(aci_events.o)
    0x1004cc26   0x1004cc26   0x00000016   Code   RO         1519    i.hci_le_set_scan_response_data  bluenrg1_stack_lib_0_9_keil.lib(hci.o)
    0x1004cc3c   0x1004cc3c   0x00000002   Code   RO         2382    i.hci_read_remote_version_information_complete_event_isr  bluenrg1_stack_lib_0_9_keil.lib(aci_events.o)
    0x1004cc3e   0x1004cc3e   0x00000010   Code   RO          790    i.initial_myself    ble_chat_main.o
    0x1004cc4e   0x1004cc4e   0x00000002   PAD
    0x1004cc50   0x1004cc50   0x0000009c   Code   RO          791    i.initial_peripheral  ble_chat_main.o
    0x1004ccec   0x1004ccec   0x00000044   Code   RO         2734    i.is_connected      bluenrg1_stack_lib_0_9_keil.lib(rom_ll_ll_routines.o)
    0x1004cd30   0x1004cd30   0x00000030   Code   RO         2269    i.is_slave          bluenrg1_stack_lib_0_9_keil.lib(multi_master_time.o)
    0x1004cd60   0x1004cd60   0x000004ac   Code   RO         2238    i.isr_event_handler_patched  bluenrg1_stack_lib_0_9_keil.lib(ll_routines_master.o)
    0x1004d20c   0x1004d20c   0x00000148   Code   RO         2185    i.isr_postproc      bluenrg1_stack_lib_0_9_keil.lib(isr_postproc.o)
    0x1004d354   0x1004d354   0x00000158   Code   RO         2692    i.isr_postproc1     bluenrg1_stack_lib_0_9_keil.lib(rom_ll_isr_postproc.o)
    0x1004d4ac   0x1004d4ac   0x0000001c   Code   RO         1159    i.load_ble_para     para_center.o
    0x1004d4c8   0x1004d4c8   0x0000005c   Code   RO         1160    i.load_cell_data    para_center.o
    0x1004d524   0x1004d524   0x00000044   Code   RO         1240    i.mac_addr_create   para_unit.o
    0x1004d568   0x1004d568   0x00000020   Code   RO         2812    i.machine_time_trans  bluenrg1_stack_lib_0_9_keil.lib(rom_ll_timehandling.o)
    0x1004d588   0x1004d588   0x0000004c   Code   RO          792    i.main              ble_chat_main.o
    0x1004d5d4   0x1004d5d4   0x00000008   Code   RO         2316    i.microseconds_to_machine_time  bluenrg1_stack_lib_0_9_keil.lib(routines_support.o)
    0x1004d5dc   0x1004d5dc   0x00000018   Code   RO         2789    i.modulo_37         bluenrg1_stack_lib_0_9_keil.lib(rom_ll_routines_support.o)
    0x1004d5f4   0x1004d5f4   0x0000000c   Code   RO         2270    i.nsar_init         bluenrg1_stack_lib_0_9_keil.lib(multi_master_time.o)
    0x1004d600   0x1004d600   0x00000010   Code   RO         2271    i.nsar_insertSlotListEntry  bluenrg1_stack_lib_0_9_keil.lib(multi_master_time.o)
    0x1004d610   0x1004d610   0x00000094   Code   RO         2272    i.nsar_searchBestFreeSlot  bluenrg1_stack_lib_0_9_keil.lib(multi_master_time.o)
    0x1004d6a4   0x1004d6a4   0x00000022   Code   RO         2273    i.nsar_updateBestFreeSlot  bluenrg1_stack_lib_0_9_keil.lib(multi_master_time.o)
    0x1004d6c6   0x1004d6c6   0x00000002   PAD
    0x1004d6c8   0x1004d6c8   0x0000002c   Code   RO         1161    i.para_init         para_center.o
    0x1004d6f4   0x1004d6f4   0x0000002c   Code   RO         1162    i.para_service      para_center.o
    0x1004d720   0x1004d720   0x0000003c   Code   RO         2317    i.patch_advance_transmit  bluenrg1_stack_lib_0_9_keil.lib(routines_support.o)
    0x1004d75c   0x1004d75c   0x00000084   Code   RO         1272    i.process_frame     comm.o
    0x1004d7e0   0x1004d7e0   0x00000064   Code   RO         2211    i.read_rssi         bluenrg1_stack_lib_0_9_keil.lib(ll_routines.o)
    0x1004d844   0x1004d844   0x00000080   Code   RO         2276    i.request_scan_slot  bluenrg1_stack_lib_0_9_keil.lib(multi_master_time.o)
    0x1004d8c4   0x1004d8c4   0x00000018   Code   RO         1163    i.save_all_para     para_center.o
    0x1004d8dc   0x1004d8dc   0x00000030   Code   RO         1164    i.save_ble_para     para_center.o
    0x1004d90c   0x1004d90c   0x00000054   Code   RO         1165    i.save_cell_data    para_center.o
    0x1004d960   0x1004d960   0x0000003c   Code   RO         1166    i.save_request      para_center.o
    0x1004d99c   0x1004d99c   0x00000084   Code   RO         2278    i.schedule_advertise_slot  bluenrg1_stack_lib_0_9_keil.lib(multi_master_time.o)
    0x1004da20   0x1004da20   0x0000004c   Code   RO         1985    i.send_gatt_event   bluenrg1_stack_lib_0_9_keil.lib(gatt_client.o)
    0x1004da6c   0x1004da6c   0x00000070   Code   RO         2813    i.set_freq          bluenrg1_stack_lib_0_9_keil.lib(rom_ll_timehandling.o)
    0x1004dadc   0x1004dadc   0x00000020   Code   RO         2814    i.set_sca           bluenrg1_stack_lib_0_9_keil.lib(rom_ll_timehandling.o)
    0x1004dafc   0x1004dafc   0x00000010   Code   RO         1825    i.set_string        bluenrg1_stack_lib_0_9_keil.lib(hal.o)
    0x1004db0c   0x1004db0c   0x000000f8   Code   RO         2318    i.slave_advance     bluenrg1_stack_lib_0_9_keil.lib(routines_support.o)
    0x1004dc04   0x1004dc04   0x00000126   Code   RO         2504    i.sm_Add_To_Database  bluenrg1_stack_lib_0_9_keil.lib(securitymgr.o)
    0x1004dd2a   0x1004dd2a   0x00000032   Code   RO         2505    i.sm_Change_State   bluenrg1_stack_lib_0_9_keil.lib(securitymgr.o)
    0x1004dd5c   0x1004dd5c   0x000000f4   Code   RO         2506    i.sm_Distribute_Keys  bluenrg1_stack_lib_0_9_keil.lib(securitymgr.o)
    0x1004de50   0x1004de50   0x0000003c   Code   RO         2507    i.sm_Find_Remote_Device_Index  bluenrg1_stack_lib_0_9_keil.lib(securitymgr.o)
    0x1004de8c   0x1004de8c   0x00000198   Code   RO         2508    i.sm_Gen_Confirm_Val  bluenrg1_stack_lib_0_9_keil.lib(securitymgr.o)
    0x1004e024   0x1004e024   0x00000024   Code   RO         2509    i.sm_Generate_CSRK  bluenrg1_stack_lib_0_9_keil.lib(securitymgr.o)
    0x1004e048   0x1004e048   0x00000020   Code   RO         2510    i.sm_Get_TX_Packet  bluenrg1_stack_lib_0_9_keil.lib(securitymgr.o)
    0x1004e068   0x1004e068   0x00000184   Code   RO         2511    i.sm_Master_Gen_Confirm_Val  bluenrg1_stack_lib_0_9_keil.lib(securitymgr.o)
    0x1004e1ec   0x1004e1ec   0x0000006a   Code   RO         2512    i.sm_PairingCmplt   bluenrg1_stack_lib_0_9_keil.lib(securitymgr.o)
    0x1004e256   0x1004e256   0x00000080   Code   RO         2513    i.sm_PairingConfirm  bluenrg1_stack_lib_0_9_keil.lib(securitymgr.o)
    0x1004e2d6   0x1004e2d6   0x00000002   PAD
    0x1004e2d8   0x1004e2d8   0x000001d4   Code   RO         2514    i.sm_PairingRequest_Handler  bluenrg1_stack_lib_0_9_keil.lib(securitymgr.o)
    0x1004e4ac   0x1004e4ac   0x00000066   Code   RO         2515    i.sm_Pairing_Failed  bluenrg1_stack_lib_0_9_keil.lib(securitymgr.o)
    0x1004e512   0x1004e512   0x00000070   Code   RO         2516    i.sm_Pairing_MConfirm_Sender  bluenrg1_stack_lib_0_9_keil.lib(securitymgr.o)
    0x1004e582   0x1004e582   0x00000002   PAD
    0x1004e584   0x1004e584   0x00000108   Code   RO         2517    i.sm_Pairing_Response_Handler  bluenrg1_stack_lib_0_9_keil.lib(securitymgr.o)
    0x1004e68c   0x1004e68c   0x00000114   Code   RO         2518    i.sm_Pairing_SRand_Handler  bluenrg1_stack_lib_0_9_keil.lib(securitymgr.o)
    0x1004e7a0   0x1004e7a0   0x00000046   Code   RO         2519    i.sm_Parse_Pairing_Failed  bluenrg1_stack_lib_0_9_keil.lib(securitymgr.o)
    0x1004e7e6   0x1004e7e6   0x000000dc   Code   RO         2520    i.sm_Receive_Keys   bluenrg1_stack_lib_0_9_keil.lib(securitymgr.o)
    0x1004e8c2   0x1004e8c2   0x00000002   PAD
    0x1004e8c4   0x1004e8c4   0x000000f4   Code   RO         2521    i.sm_RepeatedAttacks_Protection  bluenrg1_stack_lib_0_9_keil.lib(securitymgr.o)
    0x1004e9b8   0x1004e9b8   0x00000020   Code   RO         2522    i.sm_Reset_Timer    bluenrg1_stack_lib_0_9_keil.lib(securitymgr.o)
    0x1004e9d8   0x1004e9d8   0x00000044   Code   RO         2523    i.sm_Search_BlackList  bluenrg1_stack_lib_0_9_keil.lib(securitymgr.o)
    0x1004ea1c   0x1004ea1c   0x0000005c   Code   RO         2524    i.sm_SecurityRequest_Handler  bluenrg1_stack_lib_0_9_keil.lib(securitymgr.o)
    0x1004ea78   0x1004ea78   0x00000064   Code   RO         2525    i.sm_Select_STK_Method  bluenrg1_stack_lib_0_9_keil.lib(securitymgr.o)
    0x1004eadc   0x1004eadc   0x00000024   Code   RO         2526    i.sm_Send_Data      bluenrg1_stack_lib_0_9_keil.lib(securitymgr.o)
    0x1004eb00   0x1004eb00   0x00000020   Code   RO         2527    i.sm_Set_Channel_Disconnected  bluenrg1_stack_lib_0_9_keil.lib(securitymgr.o)
    0x1004eb20   0x1004eb20   0x000000f4   Code   RO         2528    i.sm_ValidateMConfirm  bluenrg1_stack_lib_0_9_keil.lib(securitymgr.o)
    0x1004ec14   0x1004ec14   0x00000098   Code   RO         2279    i.start_timebase    bluenrg1_stack_lib_0_9_keil.lib(multi_master_time.o)
    0x1004ecac   0x1004ecac   0x0000001c   Code   RO         2088    i.store_data        bluenrg1_stack_lib_0_9_keil.lib(gatt_server.o)
    0x1004ecc8   0x1004ecc8   0x0000000a   Code   RO         2280    i.swap_char         bluenrg1_stack_lib_0_9_keil.lib(multi_master_time.o)
    0x1004ecd2   0x1004ecd2   0x0000000a   Code   RO         2281    i.swap_int          bluenrg1_stack_lib_0_9_keil.lib(multi_master_time.o)
    0x1004ecdc   0x1004ecdc   0x0000000a   Code   RO         2282    i.swap_short_int    bluenrg1_stack_lib_0_9_keil.lib(multi_master_time.o)
    0x1004ece6   0x1004ece6   0x00000002   PAD
    0x1004ece8   0x1004ece8   0x00000020   Code   RO         2815    i.system_time_trans  bluenrg1_stack_lib_0_9_keil.lib(rom_ll_timehandling.o)
    0x1004ed08   0x1004ed08   0x0000000e   Code   RO         2816    i.time_offset1      bluenrg1_stack_lib_0_9_keil.lib(rom_ll_timehandling.o)
    0x1004ed16   0x1004ed16   0x00000002   PAD
    0x1004ed18   0x1004ed18   0x00000010   Code   RO         2817    i.time_offset2      bluenrg1_stack_lib_0_9_keil.lib(rom_ll_timehandling.o)
    0x1004ed28   0x1004ed28   0x00000034   Code   RO         2283    i.timebase_start_connect  bluenrg1_stack_lib_0_9_keil.lib(multi_master_time.o)
    0x1004ed5c   0x1004ed5c   0x00000014   Code   RO         2735    i.unpack_4          bluenrg1_stack_lib_0_9_keil.lib(rom_ll_ll_routines.o)
    0x1004ed70   0x1004ed70   0x00000038   Code   RO         2706    i.unpack_channel_map  bluenrg1_stack_lib_0_9_keil.lib(rom_ll_isr_routines.o)
    0x1004eda8   0x1004eda8   0x00000046   Code   RO         2707    i.unpack_update_request  bluenrg1_stack_lib_0_9_keil.lib(rom_ll_isr_routines.o)
    0x1004edee   0x1004edee   0x00000002   PAD
    0x1004edf0   0x1004edf0   0x00000008   Data   RO          453    .constdata          sdk_eval_config.o
    0x1004edf8   0x1004edf8   0x00000008   Data   RO          454    .constdata          sdk_eval_config.o
    0x1004ee00   0x1004ee00   0x00000008   Data   RO          455    .constdata          sdk_eval_config.o
    0x1004ee08   0x1004ee08   0x00000008   Data   RO          456    .constdata          sdk_eval_config.o
    0x1004ee10   0x1004ee10   0x00000048   Data   RO          793    .constdata          ble_chat_main.o
    0x1004ee58   0x1004ee58   0x00000004   Data   RO         1330    .constdata          clock.o
    0x1004ee5c   0x1004ee5c   0x00000019   Data   RO         2530    .constdata          bluenrg1_stack_lib_0_9_keil.lib(securitymgr.o)
    0x1004ee75   0x1004ee75   0x00000003   PAD
    0x1004ee78   0x1004ee78   0x00000020   Data   RO         2818    .constdata          bluenrg1_stack_lib_0_9_keil.lib(rom_ll_timehandling.o)
    0x1004ee98   0x1004ee98   0x00000010   Data   RO         2928    .constdata          bluenrg1_stack_lib_0_9_keil.lib(att.o)
    0x1004eea8   0x1004eea8   0x00000028   Data   RO         3012    .constdata          c_p.l(_printf_hex_int.o)
    0x1004eed0   0x1004eed0   0x00000011   Data   RO         3042    .constdata          c_p.l(__printf_flags_wp.o)
    0x1004eee1   0x1004eee1   0x00000003   PAD
    0x1004eee4   0x1004eee4   0x00000040   Data   RO         3267    Region$$Table       anon$$obj.o


    Execution Region BLOCK_STACKLIB_FLASH_DATA (Exec base: 0x10067000, Load base: 0x1004f000, Size: 0x00000838, Max: 0x00001000, ABSOLUTE, UNINIT)

    Exec Addr    Load Addr    Size         Type   Attr      Idx    E Section Name        Object

    0x10067000   0x1004f000   0x00000800   Data   RO          794    .noinit.stacklib_flash_data  ble_chat_main.o
    0x10067800   0x1004f800   0x00000038   Data   RO          795    .noinit.stacklib_stored_device_id_data  ble_chat_main.o


    Execution Region REGION_RAM_RESERVED (Exec base: 0x20000000, Load base: 0x1004f838, Size: 0x00000008, Max: 0x00000008, ABSOLUTE)

    Exec Addr    Load Addr    Size         Type   Attr      Idx    E Section Name        Object

    0x20000000        -       0x00000008   Zero   RW            1    REGION_RAM_RESERVED.bss  anon$$obj.o


    Execution Region REGION_RAM1 (Exec base: 0x20000008, Load base: 0x1004f838, Size: 0x00000000, Max: 0x000000b8, ABSOLUTE)

    **** No section assigned to this execution region ****


    Execution Region BLUE (Exec base: 0x200000c0, Load base: 0x1004f838, Size: 0x0000020c, Max: 0x0000020c, ABSOLUTE, COMPRESSED[0x00000008])

    Exec Addr    Load Addr    Size         Type   Attr      Idx    E Section Name        Object

    0x200000c0   COMPRESSED   0x0000020c   Data   RW          627    .bss.__blue_RAM     system_bluenrg1.o


    Execution Region REGION_RAM2 (Exec base: 0x200002cc, Load base: 0x1004f840, Size: 0x00002190, Max: 0x00005d34, ABSOLUTE, COMPRESSED[0x00000038])

    Exec Addr    Load Addr    Size         Type   Attr      Idx    E Section Name        Object

    0x200002cc   COMPRESSED   0x00000001   Data   RW          476    .data               sdk_eval_config.o
    0x200002cd   COMPRESSED   0x00000003   PAD
    0x200002d0   COMPRESSED   0x00000004   Data   RW          540    .data               sdk_eval_com.o
    0x200002d4   COMPRESSED   0x00000004   Data   RW          541    .data               sdk_eval_com.o
    0x200002d8   COMPRESSED   0x0000000c   Data   RW          927    .data               chat.o
    0x200002e4   COMPRESSED   0x00000006   Data   RW         1040    .data               gatt_db.o
    0x200002ea   COMPRESSED   0x00000002   PAD
    0x200002ec   COMPRESSED   0x00000008   Data   RW         1168    .data               para_center.o
    0x200002f4   COMPRESSED   0x00000016   Data   RW         1241    .data               para_unit.o
    0x2000030a   COMPRESSED   0x00000002   PAD
    0x2000030c   COMPRESSED   0x0000000c   Data   RW         1274    .data               comm.o
    0x20000318   COMPRESSED   0x00000004   Data   RW         1331    .data               clock.o
    0x2000031c   COMPRESSED   0x00000004   Data   RW         1423    .data               sleep.o
    0x20000320   COMPRESSED   0x00000001   Data   RW         1461    .data               bluenrg1_stack_lib_0_9_keil.lib(ll_isr.o)
    0x20000321   COMPRESSED   0x00000001   PAD
    0x20000322   COMPRESSED   0x00000004   Data   RW         1476    .data               bluenrg1_stack_lib_0_9_keil.lib(bluenrg_main_func.o)
    0x20000326   COMPRESSED   0x00000002   Data   RW         1763    .data               bluenrg1_stack_lib_0_9_keil.lib(bluenrg_hal_aci.o)
    0x20000328   COMPRESSED   0x00000002   Data   RW         1826    .data               bluenrg1_stack_lib_0_9_keil.lib(hal.o)
    0x2000032a   COMPRESSED   0x00000004   Data   RW         1886    .data               bluenrg1_stack_lib_0_9_keil.lib(gap.o)
    0x2000032e   COMPRESSED   0x00000002   PAD
    0x20000330   COMPRESSED   0x00000004   Data   RW         2090    .data               bluenrg1_stack_lib_0_9_keil.lib(gatt_server.o)
    0x20000334   COMPRESSED   0x00000004   Data   RW         2179    .data               bluenrg1_stack_lib_0_9_keil.lib(advance_wakeup_time.o)
    0x20000338   COMPRESSED   0x00000004   Data   RW         2212    .data               bluenrg1_stack_lib_0_9_keil.lib(ll_routines.o)
    0x2000033c   COMPRESSED   0x00000001   Data   RW         2213    .data               bluenrg1_stack_lib_0_9_keil.lib(ll_routines.o)
    0x2000033d   COMPRESSED   0x00000003   PAD
    0x20000340   COMPRESSED   0x00000004   Data   RW         2214    .data               bluenrg1_stack_lib_0_9_keil.lib(ll_routines.o)
    0x20000344   COMPRESSED   0x00000004   Data   RW         2215    .data               bluenrg1_stack_lib_0_9_keil.lib(ll_routines.o)
    0x20000348   COMPRESSED   0x00000004   Data   RW         2216    .data               bluenrg1_stack_lib_0_9_keil.lib(ll_routines.o)
    0x2000034c   COMPRESSED   0x00000004   Data   RW         2217    .data               bluenrg1_stack_lib_0_9_keil.lib(ll_routines.o)
    0x20000350   COMPRESSED   0x00000004   Data   RW         2218    .data               bluenrg1_stack_lib_0_9_keil.lib(ll_routines.o)
    0x20000354   COMPRESSED   0x0000000c   Data   RW         2219    .data               bluenrg1_stack_lib_0_9_keil.lib(ll_routines.o)
    0x20000360   COMPRESSED   0x00000001   Data   RW         2239    .data               bluenrg1_stack_lib_0_9_keil.lib(ll_routines_master.o)
    0x20000361   COMPRESSED   0x00000002   Data   RW         2531    .data               bluenrg1_stack_lib_0_9_keil.lib(securitymgr.o)
    0x20000363   COMPRESSED   0x00000001   PAD
    0x20000364   COMPRESSED   0x00000004   Data   RW         2586    .data               bluenrg1_stack_lib_0_9_keil.lib(device_id_data.o)
    0x20000368   COMPRESSED   0x00000001   Data   RW         2678    .data               bluenrg1_stack_lib_0_9_keil.lib(rom_global_var.o)
    0x20000369   COMPRESSED   0x00000003   PAD
    0x2000036c   COMPRESSED   0x00000004   Data   RW         2679    .data               bluenrg1_stack_lib_0_9_keil.lib(rom_global_var.o)
    0x20000370   COMPRESSED   0x00000008   Data   RW         2680    .data               bluenrg1_stack_lib_0_9_keil.lib(rom_global_var.o)
    0x20000378   COMPRESSED   0x00000005   Data   RW         2681    .data               bluenrg1_stack_lib_0_9_keil.lib(rom_global_var.o)
    0x2000037d   COMPRESSED   0x00000003   PAD
    0x20000380   COMPRESSED   0x00000004   Data   RW         2682    .data               bluenrg1_stack_lib_0_9_keil.lib(rom_global_var.o)
    0x20000384   COMPRESSED   0x00000004   Data   RW         2683    .data               bluenrg1_stack_lib_0_9_keil.lib(rom_global_var.o)
    0x20000388   COMPRESSED   0x00000004   Data   RW         2684    .data               bluenrg1_stack_lib_0_9_keil.lib(rom_global_var.o)
    0x2000038c   COMPRESSED   0x00000008   Data   RW         2686    .rom_var_in_ram2    bluenrg1_stack_lib_0_9_keil.lib(rom_global_var.o)
    0x20000394   COMPRESSED   0x00000001   Data   RW         2687    .rom_var_in_ram2    bluenrg1_stack_lib_0_9_keil.lib(rom_global_var.o)
    0x20000395   COMPRESSED   0x00000003   PAD
    0x20000398   COMPRESSED   0x00000c64   Data   RW          796    NoInit              ble_chat_main.o
    0x20000ffc   COMPRESSED   0x00000060   Data   RW         2532    nonret              bluenrg1_stack_lib_0_9_keil.lib(securitymgr.o)
    0x2000105c        -       0x00000008   Zero   RW         1319    . bss               context_switch.o
    0x20001064        -       0x00000020   Zero   RW         1039    .bss                gatt_db.o
    0x20001084        -       0x00000100   Zero   RW         1167    .bss                para_center.o
    0x20001184        -       0x00000800   Zero   RW         1273    .bss                comm.o
    0x20001984        -       0x00000038   Zero   RW         1422    .bss                sleep.o
    0x200019bc        -       0x00000048   Zero   RW         1475    .bss                bluenrg1_stack_lib_0_9_keil.lib(bluenrg_main_func.o)
    0x20001a04        -       0x0000001c   Zero   RW         1533    .bss                bluenrg1_stack_lib_0_9_keil.lib(hci.o)
    0x20001a20        -       0x000000cc   Zero   RW         1792    .bss                bluenrg1_stack_lib_0_9_keil.lib(host_timer.o)
    0x20001aec        -       0x000001d4   Zero   RW         2089    .bss                bluenrg1_stack_lib_0_9_keil.lib(gatt_server.o)
    0x20001cc0        -       0x00000014   Zero   RW         2136    .bss                bluenrg1_stack_lib_0_9_keil.lib(acl.o)
    0x20001cd4        -       0x0000005c   Zero   RW         2160    .bss                bluenrg1_stack_lib_0_9_keil.lib(l2cap.o)
    0x20001d30        -       0x00000009   Zero   RW         2284    .bss                bluenrg1_stack_lib_0_9_keil.lib(multi_master_time.o)
    0x20001d39   COMPRESSED   0x00000003   PAD
    0x20001d3c        -       0x00000184   Zero   RW         2529    .bss                bluenrg1_stack_lib_0_9_keil.lib(securitymgr.o)
    0x20001ec0        -       0x0000002f   Zero   RW         2666    .bss                bluenrg1_stack_lib_0_9_keil.lib(rom_global_var.o)
    0x20001eef   COMPRESSED   0x00000001   PAD
    0x20001ef0        -       0x0000000c   Zero   RW         2667    .bss                bluenrg1_stack_lib_0_9_keil.lib(rom_global_var.o)
    0x20001efc        -       0x000001f8   Zero   RW         2668    .bss                bluenrg1_stack_lib_0_9_keil.lib(rom_global_var.o)
    0x200020f4        -       0x00000018   Zero   RW         2669    .bss                bluenrg1_stack_lib_0_9_keil.lib(rom_global_var.o)
    0x2000210c        -       0x00000024   Zero   RW         2670    .bss                bluenrg1_stack_lib_0_9_keil.lib(rom_global_var.o)
    0x20002130        -       0x00000018   Zero   RW         2671    .bss                bluenrg1_stack_lib_0_9_keil.lib(rom_global_var.o)
    0x20002148        -       0x00000024   Zero   RW         2672    .bss                bluenrg1_stack_lib_0_9_keil.lib(rom_global_var.o)
    0x2000216c        -       0x00000018   Zero   RW         2673    .bss                bluenrg1_stack_lib_0_9_keil.lib(rom_global_var.o)
    0x20002184        -       0x00000024   Zero   RW         2674    .bss                bluenrg1_stack_lib_0_9_keil.lib(rom_global_var.o)
    0x200021a8        -       0x00000074   Zero   RW         2675    .bss                bluenrg1_stack_lib_0_9_keil.lib(rom_global_var.o)
    0x2000221c        -       0x00000040   Zero   RW         2676    .bss                bluenrg1_stack_lib_0_9_keil.lib(rom_global_var.o)
    0x2000225c        -       0x00000200   Zero   RW         2677    .bss                bluenrg1_stack_lib_0_9_keil.lib(rom_global_var.o)


    Execution Region ARM_LIB_STACKHEAP (Exec base: 0x20005400, Load base: 0x1004f878, Size: 0x00000c00, Max: 0x00000c00, ABSOLUTE)

    Exec Addr    Load Addr    Size         Type   Attr      Idx    E Section Name        Object

    0x20005400        -       0x00000c00   Zero   RW            3    ARM_LIB_STACKHEAP.bss  anon$$obj.o


==============================================================================

Image component sizes


      Code (inc. data)   RO Data    RW Data    ZI Data      Debug   Object Name

       328        142       2176       3172          0       8697   ble_chat_main.o
       120         68          0          0          0        710   bluenrg1_crmu.o
       392        210          0          0          0       3056   bluenrg1_flash.o
       292         60          0          0          0       3944   bluenrg1_gpio.o
        42          0          0          0          0       3405   bluenrg1_it.o
        14          0          0          0          0        532   bluenrg1_rng.o
      1152        486          0          0          0      35667   bluenrg1_uart.o
       104         64          0          0          0       1057   bluenrg1_wdg.o
      1044        476          0         12          0       8784   chat.o
        72         24          4          4          0       8308   clock.o
       416         82          0         12       2048       3656   comm.o
        60          6          0          0          8        500   context_switch.o
       408        170          0          6         32       3077   gatt_db.o
        42          0          0          0          0       1464   gp_timer.o
       244         66          0          0          0       8041   misc.o
        24          0          0          0          0       1814   osal.o
       476        148          0          8        256      12256   para_center.o
        76          8          0         22          0       1522   para_unit.o
       310         26          0          8          0       6616   sdk_eval_com.o
        24         10         32          1          0       4187   sdk_eval_config.o
      1600        124          0          4         56      10287   sleep.o
       484         68        192        524          0      12112   system_bluenrg1.o

    ----------------------------------------------------------------------
      7736       2238       2468       3780       7528     139692   Object Totals
         0          0         64          0       5128          0   (incl. Generated)
        12          0          0          7          0          0   (incl. Padding)

    ----------------------------------------------------------------------

      Code (inc. data)   RO Data    RW Data    ZI Data      Debug   Library Member Name

        80          0          0          0          0       2400   aci_events.o
       724         34          0          0         20        432   acl.o
       908         44          0          4          0         84   advance_wakeup_time.o
      5300         70         16          0          0       1180   att.o
       196         10          0          0          0        292   bluenrg_gap_aci.o
       182          0          0          0          0        372   bluenrg_gatt_aci.o
        16          0          0          2          0        136   bluenrg_hal_aci.o
      1036        210          0          4         72        560   bluenrg_main_func.o
       240         26          0          4          0         76   device_id_data.o
      1720        128          0          4          0       1024   gap.o
      1786         94          0          0          0       1140   gatt_client.o
      7318        274          0          4        468       2096   gatt_server.o
       360         20          0          2          0        532   hal.o
        98         10          0          0         28        208   hci.o
       888        112          0          0        204       1032   host_timer.o
       328         30          0          0          0         84   isr_postproc.o
       796         36          0          0          0        312   isr_routines.o
      1084         54          0          0         92        764   l2cap.o
      4012        156          0          1          0         84   ll_isr.o
       496         64          0         37          0        412   ll_routines.o
      1928         96          0          1          0        236   ll_routines_master.o
       316         32          0          0          0        164   ll_routines_support.o
       280         48          0          0          0        144   mem_alloc.o
      3016        214          0          0          9       1416   multi_master_time.o
      1672          0          0          0          0        956   rom_att.o
       416         36          0          0          0        280   rom_gap.o
       188         14          0          0          0        292   rom_gap_rom.o
       364         10          0          0          0        484   rom_gatt_server.o
         0          0          0         39       1435          0   rom_global_var.o
       140          0          0          0          0        428   rom_list.o
       344         10          0          0          0         84   rom_ll_isr_postproc.o
      1180         42          0          0          0        520   rom_ll_isr_routines.o
      1708        136          0          0          0        856   rom_ll_ll_routines.o
       208         14          0          0          0         84   rom_ll_ll_routines_master.o
       508         50          0          0          0        484   rom_ll_routines_support.o
       264         50         32          0          0        508   rom_ll_timehandling.o
        96         16          0          0          0        132   rom_ll_white_list.o
       544         22          0          0          0        512   rom_sdb.o
       984         20          0          0          0       1048   rom_securitymgr.o
       468         70          0          0          0        276   routines_support.o
      1788         46          0          0          0       1080   sdb.o
      6756        300         25         98        388       2952   securitymgr.o
        58          0          0          0          0        248   utils.o
        58          0          0          0          0          0   __dczerorl.o
         8          0          0          0          0         68   __main.o
       312          6         17          0          0         76   __printf_flags_wp.o
        14          0          0          0          0         60   __printf_wp.o
         0          0          0          0          0          0   __rtentry.o
        12          0          0          0          0          0   __rtentry2.o
         8          4          0          0          0          0   __rtentry6.o
        60          8          0          0          0          0   __scatter.o
        26          0          0          0          0          0   __scatter_copy.o
        28          0          0          0          0          0   __scatter_zi.o
        10          0          0          0          0          0   _printf_c.o
        46          0          0          0          0        100   _printf_char.o
        48          6          0          0          0         88   _printf_char_common.o
        40          6          0          0          0         72   _printf_char_file.o
        10          0          0          0          0          0   _printf_d.o
       108         18          0          0          0         76   _printf_dec.o
        88          4         40          0          0         72   _printf_hex_int.o
       176          0          0          0          0         84   _printf_intcommon.o
        78          0          0          0          0        100   _printf_pad.o
         2          0          0          0          0          0   _printf_percent.o
         4          0          0          0          0          0   _printf_percent_end.o
        10          0          0          0          0          0   _printf_s.o
        82          0          0          0          0         72   _printf_str.o
        10          0          0          0          0          0   _printf_x.o
       346          0          0          0          0         92   aeabi_sdiv.o
        16          0          0          0          0         68   exit.o
         8          0          0          0          0         60   ferror.o
         0          0          0          0          0          0   indicate_semi.o
         2          0          0          0          0          0   libinit.o
         2          0          0          0          0          0   libinit2.o
         2          0          0          0          0          0   libshutdown.o
         2          0          0          0          0          0   libshutdown2.o
        90          0          0          0          0         68   memcmp.o
        12          0          0          0          0         68   memcpy.o
        28          0          0          0          0         68   memset.o
        28          6          0          0          0         84   noretval__2printf.o
        64          0          0          0          0        108   rt_memclr.o
       186          0          0          0          0        144   rt_memcpy.o
         2          0          0          0          0          0   rtexit.o
        10          0          0          0          0          0   rtexit2.o
        40          0          0          0          0         60   rtudiv10.o
        12          4          0          0          0         60   sys_exit.o
        34          0          0          0          0         60   uread4.o
         2          0          0          0          0         68   use_no_semi.o

    ----------------------------------------------------------------------
     52984       2660        136        216       2720      28280   Library Totals
        66          0          6         16          4          0   (incl. Padding)

    ----------------------------------------------------------------------

      Code (inc. data)   RO Data    RW Data    ZI Data      Debug   Library Name

     50794       2598         73        200       2716      26404   bluenrg1_stack_lib_0_9_keil.lib
      2124         62         57          0          0       1876   c_p.l

    ----------------------------------------------------------------------
     52984       2660        136        216       2720      28280   Library Totals

    ----------------------------------------------------------------------

==============================================================================


      Code (inc. data)   RO Data    RW Data    ZI Data      Debug   

     60720       4898       2604       3996      10248     146700   Grand Totals
     60720       4898       2604         64      10248     146700   ELF Image Totals (compressed)
     60720       4898       2604         64          0          0   ROM Totals

==============================================================================

    Total RO  Size (Code + RO Data)                63324 (  61.84kB)
    Total RW  Size (RW Data + ZI Data)             14244 (  13.91kB)
    Total ROM Size (Code + RO Data + RW Data)      63388 (  61.90kB)

==============================================================================

